layer at (0,0) size 4446x585
  RenderView at (0,0) size 800x585
layer at (-3646,0) size 4446x585 backgroundClip at (0,0) size 4446x585 clip at (0,0) size 4446x585 outlineClip at (0,0) size 4446x585
  RenderBlock {HTML} at (0,0) size 4447x585
    RenderBody {BODY} at (58,46) size 4330x493
      RenderBlock {H1} at (0,0) size 48x492
        RenderText {#text} at (6,0) size 36x68
          text run at (6,0) width 68: "\x{8349}\x{6795}"
      RenderBlock {H2} at (69,0) size 37x492
        RenderText {#text} at (5,0) size 26x104
          text run at (5,0) width 104: "\x{590F}\x{76EE}\x{6F31}\x{77F3}"
      RenderBlock {DIV} at (125,0) size 4205x492
        RenderBlock (anonymous) at (0,0) size 2385x492
          RenderBR {BR} at (0,0) size 17x0
          RenderBR {BR} at (18,0) size 17x0
          RenderBR {BR} at (36,0) size 17x0
          RenderText {#text} at (54,0) size 17x153
            text run at (54,0) width 153: "\x{3000}\x{3000}\x{3000}\x{3000}\x{3000}\x{3000}\x{3000}\x{3000}\x{4E00}"
          RenderBR {BR} at (54,153) size 17x0
          RenderBR {BR} at (72,0) size 17x0
          RenderText {#text} at (99,0) size 17x17
            text run at (99,0) width 17: "\x{3000}"
          RenderRuby (inline) {RUBY} at (0,0) size 17x34
            RenderRubyRun (anonymous) at (99,14) size 18x40
              RenderRubyText {RT} at (-10,0) size 10x40
                RenderText {#text} at (0,0) size 10x40
                  text run at (0,0) width 40: "\x{3084}\x{307E}\x{307F}\x{3061}"
              RenderRubyBase (anonymous) at (0,0) size 18x40
                RenderInline {RB} at (0,0) size 17x34
                  RenderText {#text} at (0,3) size 17x34
                    text run at (0,3) width 34: "\x{5C71}\x{8DEF}"
          RenderText {#text} at (99,51) size 17x221
            text run at (99,51) width 221: "\x{3092}\x{767B}\x{308A}\x{306A}\x{304C}\x{3089}\x{3001}\x{3053}\x{3046}\x{8003}\x{3048}\x{305F}\x{3002}"
          RenderBR {BR} at (99,272) size 17x0
          RenderText {#text} at (126,0) size 17x17
            text run at (126,0) width 17: "\x{3000}"
          RenderRuby (inline) {RUBY} at (0,0) size 17x17
            RenderRubyRun (anonymous) at (126,17) size 18x17
              RenderRubyText {RT} at (-10,0) size 10x17
                RenderText {#text} at (0,3) size 10x11
                  text run at (0,3) width 10: "\x{3061}"
              RenderRubyBase (anonymous) at (0,0) size 18x17
                RenderInline {RB} at (0,0) size 17x17
                  RenderText {#text} at (0,0) size 17x17
                    text run at (0,0) width 17: "\x{667A}"
          RenderText {#text} at (126,34) size 17x68
            text run at (126,34) width 68: "\x{306B}\x{50CD}\x{3051}\x{3070}"
          RenderRuby (inline) {RUBY} at (0,0) size 17x18
            RenderRubyRun (anonymous) at (126,101) size 18x20
              RenderRubyText {RT} at (-10,0) size 10x20
                RenderText {#text} at (0,0) size 10x20
                  text run at (0,0) width 20: "\x{304B}\x{3069}"
              RenderRubyBase (anonymous) at (0,0) size 18x20
                RenderInline {RB} at (0,0) size 17x18
                  RenderText {#text} at (0,1) size 17x18
                    text run at (0,1) width 17: "\x{89D2}"
          RenderText {#text} at (126,120) size 17x68
            text run at (126,120) width 68: "\x{304C}\x{7ACB}\x{3064}\x{3002}"
          RenderRuby (inline) {RUBY} at (0,0) size 17x22
            RenderRubyRun (anonymous) at (126,184) size 18x30
              RenderRubyText {RT} at (-10,0) size 10x30
                RenderText {#text} at (0,0) size 10x30
                  text run at (0,0) width 30: "\x{3058}\x{3087}\x{3046}"
              RenderRubyBase (anonymous) at (0,0) size 18x30
                RenderInline {RB} at (0,0) size 17x18
                  RenderText {#text} at (0,6) size 17x18
                    text run at (0,6) width 17: "\x{60C5}"
          RenderText {#text} at (126,210) size 17x17
            text run at (126,210) width 17: "\x{306B}"
          RenderRuby (inline) {RUBY} at (0,0) size 17x18
            RenderRubyRun (anonymous) at (126,226) size 18x20
              RenderRubyText {RT} at (-10,0) size 10x20
                RenderText {#text} at (0,0) size 10x20
                  text run at (0,0) width 20: "\x{3055}\x{304A}"
              RenderRubyBase (anonymous) at (0,0) size 18x20
                RenderInline {RB} at (0,0) size 17x18
                  RenderText {#text} at (0,1) size 17x18
                    text run at (0,1) width 17: "\x{68F9}"
          RenderText {#text} at (126,245) size 17x187
            text run at (126,245) width 187: "\x{3055}\x{305B}\x{3070}\x{6D41}\x{3055}\x{308C}\x{308B}\x{3002}\x{610F}\x{5730}\x{3092}"
          RenderRuby (inline) {RUBY} at (0,0) size 17x18
            RenderRubyRun (anonymous) at (126,431) size 18x20
              RenderRubyText {RT} at (-10,0) size 10x20
                RenderText {#text} at (0,0) size 10x20
                  text run at (0,0) width 20: "\x{3068}\x{304A}"
              RenderRubyBase (anonymous) at (0,0) size 18x20
                RenderInline {RB} at (0,0) size 17x18
                  RenderText {#text} at (0,1) size 17x18
                    text run at (0,1) width 17: "\x{901A}"
          RenderText {#text} at (126,450) size 17x34
            text run at (126,450) width 34: "\x{305B}\x{3070}"
          RenderRuby (inline) {RUBY} at (0,0) size 17x46
            RenderRubyRun (anonymous) at (153,0) size 18x50
              RenderRubyText {RT} at (-10,0) size 10x50
                RenderText {#text} at (0,0) size 10x50
                  text run at (0,0) width 50: "\x{304D}\x{3085}\x{3046}\x{304F}\x{3064}"
              RenderRubyBase (anonymous) at (0,0) size 18x50
                RenderInline {RB} at (0,0) size 17x34
                  RenderText {#text} at (0,8) size 17x34
                    text run at (0,8) width 34: "\x{7AAE}\x{5C48}"
          RenderText {#text} at (153,46) size 17x280
            text run at (153,46) width 280: "\x{3060}\x{3002}\x{3068}\x{304B}\x{304F}\x{306B}\x{4EBA}\x{306E}\x{4E16}\x{306F}\x{4F4F}\x{307F}\x{306B}\x{304F}\x{3044}\x{3002}"
          RenderBR {BR} at (153,326) size 17x0
          RenderText {#text} at (180,0) size 17x119
            text run at (180,0) width 119: "\x{3000}\x{4F4F}\x{307F}\x{306B}\x{304F}\x{3055}\x{304C}"
          RenderRuby (inline) {RUBY} at (0,0) size 17x18
            RenderRubyRun (anonymous) at (180,118) size 18x20
              RenderRubyText {RT} at (-10,0) size 10x20
                RenderText {#text} at (0,0) size 10x20
                  text run at (0,0) width 20: "\x{3053}\x{3046}"
              RenderRubyBase (anonymous) at (0,0) size 18x20
                RenderInline {RB} at (0,0) size 17x18
                  RenderText {#text} at (0,1) size 17x18
                    text run at (0,1) width 17: "\x{9AD8}"
          RenderText {#text} at (180,137) size 44x477
            text run at (180,137) width 340: "\x{3058}\x{308B}\x{3068}\x{3001}\x{5B89}\x{3044}\x{6240}\x{3078}\x{5F15}\x{304D}\x{8D8A}\x{3057}\x{305F}\x{304F}\x{306A}\x{308B}\x{3002}\x{3069}\x{3053}\x{3078}"
            text run at (207,0) width 170: "\x{8D8A}\x{3057}\x{3066}\x{3082}\x{4F4F}\x{307F}\x{306B}\x{304F}\x{3044}\x{3068}"
          RenderRuby (inline) {RUBY} at (0,0) size 17x18
            RenderRubyRun (anonymous) at (207,169) size 18x20
              RenderRubyText {RT} at (-10,0) size 10x20
                RenderText {#text} at (0,0) size 10x20
                  text run at (0,0) width 20: "\x{3055}\x{3068}"
              RenderRubyBase (anonymous) at (0,0) size 18x20
                RenderInline {RB} at (0,0) size 17x18
                  RenderText {#text} at (0,1) size 17x18
                    text run at (0,1) width 17: "\x{609F}"
          RenderText {#text} at (207,188) size 17x170
            text run at (207,188) width 170: "\x{3063}\x{305F}\x{6642}\x{3001}\x{8A69}\x{304C}\x{751F}\x{308C}\x{3066}\x{3001}"
          RenderRuby (inline) {RUBY} at (0,0) size 17x17
            RenderRubyRun (anonymous) at (207,358) size 18x17
              RenderRubyText {RT} at (-10,0) size 10x17
                RenderText {#text} at (0,3) size 10x11
                  text run at (0,3) width 10: "\x{3048}"
              RenderRubyBase (anonymous) at (0,0) size 18x17
                RenderInline {RB} at (0,0) size 17x17
                  RenderText {#text} at (0,0) size 17x17
                    text run at (0,0) width 17: "\x{753B}"
          RenderText {#text} at (207,375) size 17x85
            text run at (207,375) width 85: "\x{304C}\x{51FA}\x{6765}\x{308B}\x{3002}"
          RenderBR {BR} at (207,460) size 17x0
          RenderText {#text} at (225,0) size 17x17
            text run at (225,0) width 17: "\x{3000}"
          RenderInline {STRONG} at (0,0) size 17x62
            RenderText {#text} at (225,17) size 17x62
              text run at (225,17) width 62: "\x{4EBA}\x{306E}\x{4E16}"
          RenderText {#text} at (225,79) size 44x478
            text run at (225,79) width 399: "\x{3092}\x{4F5C}\x{3063}\x{305F}\x{3082}\x{306E}\x{306F}\x{795E}\x{3067}\x{3082}\x{306A}\x{3051}\x{308C}\x{3070}\x{9B3C}\x{3067}\x{3082}\x{306A}\x{3044}\x{3002}\x{3084}\x{306F}\x{308A}"
            text run at (252,0) width 68: "\x{5411}\x{3046}\x{4E09}\x{8ED2}"
          RenderRuby (inline) {RUBY} at (0,0) size 17x42
            RenderRubyRun (anonymous) at (252,64) size 18x50
              RenderRubyText {RT} at (-10,0) size 10x50
                RenderText {#text} at (0,0) size 10x50
                  text run at (0,0) width 50: "\x{308A}\x{3087}\x{3046}\x{3069}\x{306A}"
              RenderRubyBase (anonymous) at (0,0) size 18x50
                RenderInline {RB} at (0,0) size 17x34
                  RenderText {#text} at (0,8) size 17x34
                    text run at (0,8) width 34: "\x{4E21}\x{96A3}"
          RenderText {#text} at (252,110) size 35x483
            text run at (252,110) width 373: "\x{308A}\x{306B}\x{3061}\x{3089}\x{3061}\x{3089}\x{3059}\x{308B}\x{305F}\x{3060}\x{306E}\x{4EBA}\x{3067}\x{3042}\x{308B}\x{3002}\x{305F}\x{3060}\x{306E}\x{4EBA}\x{304C}"
            text run at (270,0) width 51: "\x{4F5C}\x{3063}\x{305F}"
          RenderInline {STRONG} at (0,0) size 17x62
            RenderText {#text} at (270,51) size 17x62
              text run at (270,51) width 62: "\x{4EBA}\x{306E}\x{4E16}"
          RenderText {#text} at (270,113) size 35x487
            text run at (270,113) width 374: "\x{304C}\x{4F4F}\x{307F}\x{306B}\x{304F}\x{3044}\x{304B}\x{3089}\x{3068}\x{3066}\x{3001}\x{8D8A}\x{3059}\x{56FD}\x{306F}\x{3042}\x{308B}\x{307E}\x{3044}\x{3002}\x{3042}\x{308C}"
            text run at (288,0) width 17: "\x{3070}"
          RenderInline {STRONG} at (0,0) size 17x72
            RenderText {#text} at (288,17) size 17x72
              text run at (288,17) width 72: "\x{4EBA}\x{3067}\x{306A}\x{3057}"
          RenderText {#text} at (288,89) size 17x178
            text run at (288,89) width 178: "\x{306E}\x{56FD}\x{3078}\x{884C}\x{304F}\x{3070}\x{304B}\x{308A}\x{3060}\x{3002}"
          RenderInline {STRONG} at (0,0) size 17x72
            RenderText {#text} at (288,267) size 17x72
              text run at (288,267) width 72: "\x{4EBA}\x{3067}\x{306A}\x{3057}"
          RenderText {#text} at (288,339) size 17x59
            text run at (288,339) width 59: "\x{306E}\x{56FD}\x{306F}"
          RenderInline {STRONG} at (0,0) size 17x62
            RenderText {#text} at (288,398) size 17x62
              text run at (288,398) width 62: "\x{4EBA}\x{306E}\x{4E16}"
          RenderText {#text} at (288,460) size 35x477
            text run at (288,460) width 17: "\x{3088}"
            text run at (306,0) width 204: "\x{308A}\x{3082}\x{306A}\x{304A}\x{4F4F}\x{307F}\x{306B}\x{304F}\x{304B}\x{308D}\x{3046}\x{3002}"
          RenderBR {BR} at (306,204) size 17x0
          RenderText {#text} at (324,0) size 44x484
            text run at (324,0) width 484: "\x{3000}\x{8D8A}\x{3059}\x{4E8B}\x{306E}\x{306A}\x{3089}\x{306C}\x{4E16}\x{304C}\x{4F4F}\x{307F}\x{306B}\x{304F}\x{3051}\x{308C}\x{3070}\x{3001}\x{4F4F}\x{307F}\x{306B}\x{304F}\x{3044}\x{6240}\x{3092}\x{3069}\x{308C}\x{307B}"
            text run at (351,0) width 51: "\x{3069}\x{304B}\x{3001}"
          RenderRuby (inline) {RUBY} at (0,0) size 17x34
            RenderRubyRun (anonymous) at (351,48) size 18x40
              RenderRubyText {RT} at (-10,0) size 10x40
                RenderText {#text} at (0,0) size 10x40
                  text run at (0,0) width 40: "\x{304F}\x{3064}\x{308D}\x{3052}"
              RenderRubyBase (anonymous) at (0,0) size 18x40
                RenderInline {RB} at (0,0) size 17x34
                  RenderText {#text} at (0,3) size 17x34
                    text run at (0,3) width 34: "\x{5BDB}\x{5BB9}"
          RenderText {#text} at (351,85) size 17x34
            text run at (351,85) width 34: "\x{3066}\x{3001}"
          RenderRuby (inline) {RUBY} at (0,0) size 17x18
            RenderRubyRun (anonymous) at (351,118) size 18x20
              RenderRubyText {RT} at (-10,0) size 10x20
                RenderText {#text} at (0,0) size 10x20
                  text run at (0,0) width 20: "\x{3064}\x{304B}"
              RenderRubyBase (anonymous) at (0,0) size 18x20
                RenderInline {RB} at (0,0) size 17x18
                  RenderText {#text} at (0,1) size 17x18
                    text run at (0,1) width 17: "\x{675F}"
          RenderText {#text} at (351,137) size 17x25
            text run at (351,137) width 25: "\x{306E}"
          RenderRuby (inline) {RUBY} at (0,0) size 17x17
            RenderRubyRun (anonymous) at (351,162) size 18x17
              RenderRubyText {RT} at (-10,0) size 10x17
                RenderText {#text} at (0,3) size 10x11
                  text run at (0,3) width 10: "\x{307E}"
              RenderRubyBase (anonymous) at (0,0) size 18x17
                RenderInline {RB} at (0,0) size 17x17
                  RenderText {#text} at (0,0) size 17x17
                    text run at (0,0) width 17: "\x{9593}"
          RenderText {#text} at (351,179) size 62x484
            text run at (351,179) width 305: "\x{306E}\x{547D}\x{3092}\x{3001}\x{675F}\x{306E}\x{9593}\x{3067}\x{3082}\x{4F4F}\x{307F}\x{3088}\x{304F}\x{305B}\x{306D}\x{3070}\x{306A}"
            text run at (369,0) width 476: "\x{3089}\x{306C}\x{3002}\x{3053}\x{3053}\x{306B}\x{8A69}\x{4EBA}\x{3068}\x{3044}\x{3046}\x{5929}\x{8077}\x{304C}\x{51FA}\x{6765}\x{3066}\x{3001}\x{3053}\x{3053}\x{306B}\x{753B}\x{5BB6}\x{3068}\x{3044}\x{3046}\x{4F7F}\x{547D}"
            text run at (396,0) width 17: "\x{304C}"
          RenderRuby (inline) {RUBY} at (0,0) size 17x18
            RenderRubyRun (anonymous) at (396,16) size 18x20
              RenderRubyText {RT} at (-10,0) size 10x20
                RenderText {#text} at (0,0) size 10x20
                  text run at (0,0) width 20: "\x{304F}\x{3060}"
              RenderRubyBase (anonymous) at (0,0) size 18x20
                RenderInline {RB} at (0,0) size 17x18
                  RenderText {#text} at (0,1) size 17x18
                    text run at (0,1) width 17: "\x{964D}"
          RenderText {#text} at (396,35) size 17x271
            text run at (396,35) width 271: "\x{308B}\x{3002}\x{3042}\x{3089}\x{3086}\x{308B}\x{82B8}\x{8853}\x{306E}\x{58EB}\x{306F}\x{4EBA}\x{306E}\x{4E16}\x{3092}"
          RenderRuby (inline) {RUBY} at (0,0) size 17x35
            RenderRubyRun (anonymous) at (396,306) size 18x35
              RenderRubyText {RT} at (-10,0) size 10x35
                RenderText {#text} at (0,0) size 10x35
                  text run at (0,0) width 35: "\x{306E}\x{3069}\x{304B}"
              RenderRubyBase (anonymous) at (0,0) size 18x35
                RenderInline {RB} at (0,0) size 17x35
                  RenderText {#text} at (0,0) size 17x35
                    text run at (0,0) width 34: "\x{9577}\x{9591}"
          RenderText {#text} at (396,341) size 44x485
            text run at (396,341) width 144: "\x{306B}\x{3057}\x{3001}\x{4EBA}\x{306E}\x{5FC3}\x{3092}\x{8C4A}"
            text run at (423,0) width 85: "\x{304B}\x{306B}\x{3059}\x{308B}\x{304C}"
          RenderRuby (inline) {RUBY} at (0,0) size 17x18
            RenderRubyRun (anonymous) at (423,84) size 18x20
              RenderRubyText {RT} at (-10,0) size 10x20
                RenderText {#text} at (0,0) size 10x20
                  text run at (0,0) width 20: "\x{3086}\x{3048}"
              RenderRubyBase (anonymous) at (0,0) size 18x20
                RenderInline {RB} at (0,0) size 17x18
                  RenderText {#text} at (0,1) size 17x18
                    text run at (0,1) width 17: "\x{6545}"
          RenderText {#text} at (423,103) size 17x17
            text run at (423,103) width 17: "\x{306B}"
          RenderRuby (inline) {RUBY} at (0,0) size 17x18
            RenderRubyRun (anonymous) at (423,119) size 18x20
              RenderRubyText {RT} at (-10,0) size 10x20
                RenderText {#text} at (0,0) size 10x20
                  text run at (0,0) width 20: "\x{305F}\x{3063}"
              RenderRubyBase (anonymous) at (0,0) size 18x20
                RenderInline {RB} at (0,0) size 17x18
                  RenderText {#text} at (0,1) size 17x18
                    text run at (0,1) width 17: "\x{5C0A}"
          RenderText {#text} at (423,138) size 17x51
            text run at (423,138) width 51: "\x{3068}\x{3044}\x{3002}"
          RenderBR {BR} at (423,189) size 17x0
          RenderText {#text} at (450,0) size 17x255
            text run at (450,0) width 255: "\x{3000}\x{4F4F}\x{307F}\x{306B}\x{304F}\x{304D}\x{4E16}\x{304B}\x{3089}\x{3001}\x{4F4F}\x{307F}\x{306B}\x{304F}\x{304D}"
          RenderRuby (inline) {RUBY} at (0,0) size 17x22
            RenderRubyRun (anonymous) at (450,251) size 18x30
              RenderRubyText {RT} at (-10,0) size 10x30
                RenderText {#text} at (0,0) size 10x30
                  text run at (0,0) width 30: "\x{308F}\x{305A}\x{3089}"
              RenderRubyBase (anonymous) at (0,0) size 18x30
                RenderInline {RB} at (0,0) size 17x18
                  RenderText {#text} at (0,6) size 17x18
                    text run at (0,6) width 17: "\x{7169}"
          RenderText {#text} at (450,277) size 44x481
            text run at (450,277) width 204: "\x{3044}\x{3092}\x{5F15}\x{304D}\x{629C}\x{3044}\x{3066}\x{3001}\x{3042}\x{308A}\x{304C}\x{305F}"
            text run at (477,0) width 339: "\x{3044}\x{4E16}\x{754C}\x{3092}\x{307E}\x{306E}\x{3042}\x{305F}\x{308A}\x{306B}\x{5199}\x{3059}\x{306E}\x{304C}\x{8A69}\x{3067}\x{3042}\x{308B}\x{3001}"
          RenderRuby (inline) {RUBY} at (0,0) size 17x17
            RenderRubyRun (anonymous) at (477,339) size 18x17
              RenderRubyText {RT} at (-10,0) size 10x17
                RenderText {#text} at (0,3) size 10x11
                  text run at (0,3) width 10: "\x{3048}"
              RenderRubyBase (anonymous) at (0,0) size 18x17
                RenderInline {RB} at (0,0) size 17x17
                  RenderText {#text} at (0,0) size 17x17
                    text run at (0,0) width 17: "\x{753B}"
          RenderText {#text} at (477,356) size 44x475
            text run at (477,356) width 119: "\x{3067}\x{3042}\x{308B}\x{3002}\x{3042}\x{308B}\x{306F}"
            text run at (504,0) width 221: "\x{97F3}\x{697D}\x{3068}\x{5F6B}\x{523B}\x{3067}\x{3042}\x{308B}\x{3002}\x{3053}\x{307E}\x{304B}\x{306B}"
          RenderRuby (inline) {RUBY} at (0,0) size 17x17
            RenderRubyRun (anonymous) at (504,221) size 18x17
              RenderRubyText {RT} at (-10,0) size 10x17
                RenderText {#text} at (0,3) size 10x11
                  text run at (0,3) width 10: "\x{3044}"
              RenderRubyBase (anonymous) at (0,0) size 18x17
                RenderInline {RB} at (0,0) size 17x17
                  RenderText {#text} at (0,0) size 17x17
                    text run at (0,0) width 17: "\x{4E91}"
          RenderText {#text} at (504,238) size 44x476
            text run at (504,238) width 238: "\x{3048}\x{3070}\x{5199}\x{3055}\x{306A}\x{3044}\x{3067}\x{3082}\x{3088}\x{3044}\x{3002}\x{305F}\x{3060}\x{307E}"
            text run at (531,0) width 331: "\x{306E}\x{3042}\x{305F}\x{308A}\x{306B}\x{898B}\x{308C}\x{3070}\x{3001}\x{305D}\x{3053}\x{306B}\x{8A69}\x{3082}\x{751F}\x{304D}\x{3001}\x{6B4C}\x{3082}"
          RenderRuby (inline) {RUBY} at (0,0) size 17x17
            RenderRubyRun (anonymous) at (531,331) size 18x17
              RenderRubyText {RT} at (-10,0) size 10x17
                RenderText {#text} at (0,3) size 10x11
                  text run at (0,3) width 10: "\x{308F}"
              RenderRubyBase (anonymous) at (0,0) size 18x17
                RenderInline {RB} at (0,0) size 17x17
                  RenderText {#text} at (0,0) size 17x17
                    text run at (0,0) width 17: "\x{6E67}"
          RenderText {#text} at (531,348) size 44x484
            text run at (531,348) width 136: "\x{304F}\x{3002}\x{7740}\x{60F3}\x{3092}\x{7D19}\x{306B}\x{843D}"
            text run at (558,0) width 68: "\x{3055}\x{306C}\x{3068}\x{3082}"
          RenderRuby (inline) {RUBY} at (0,0) size 17x42
            RenderRubyRun (anonymous) at (558,64) size 18x50
              RenderRubyText {RT} at (-10,0) size 10x50
                RenderText {#text} at (0,0) size 10x50
                  text run at (0,0) width 50: "\x{304D}\x{3085}\x{3046}\x{305D}\x{3046}"
              RenderRubyBase (anonymous) at (0,0) size 18x50
                RenderInline {RB} at (0,0) size 17x34
                  RenderText {#text} at (0,8) size 17x17
                    text run at (0,8) width 17: "\x{7486}"
                  RenderText {#text} at (0,25) size 17x17
                    text run at (0,25) width 17: "\x{93D8}"
          RenderText {#text} at (558,110) size 17x25
            text run at (558,110) width 25: "\x{306E}"
          RenderRuby (inline) {RUBY} at (0,0) size 17x18
            RenderRubyRun (anonymous) at (558,134) size 18x20
              RenderRubyText {RT} at (-10,0) size 10x20
                RenderText {#text} at (0,0) size 10x20
                  text run at (0,0) width 20: "\x{304A}\x{3093}"
              RenderRubyBase (anonymous) at (0,0) size 18x20
                RenderInline {RB} at (0,0) size 17x18
                  RenderText {#text} at (0,1) size 17x18
                    text run at (0,1) width 17: "\x{97F3}"
          RenderText {#text} at (558,153) size 17x17
            text run at (558,153) width 17: "\x{306F}"
          RenderRuby (inline) {RUBY} at (0,0) size 17x34
            RenderRubyRun (anonymous) at (558,167) size 18x40
              RenderRubyText {RT} at (-10,0) size 10x40
                RenderText {#text} at (0,0) size 10x40
                  text run at (0,0) width 40: "\x{304D}\x{3087}\x{3046}\x{308A}"
              RenderRubyBase (anonymous) at (0,0) size 18x40
                RenderInline {RB} at (0,0) size 17x34
                  RenderText {#text} at (0,3) size 17x34
                    text run at (0,3) width 34: "\x{80F8}\x{88CF}"
          RenderText {#text} at (558,204) size 17x17
            text run at (558,204) width 17: "\x{306B}"
          RenderRuby (inline) {RUBY} at (0,0) size 17x18
            RenderRubyRun (anonymous) at (558,220) size 18x20
              RenderRubyText {RT} at (-10,0) size 10x20
                RenderText {#text} at (0,0) size 10x20
                  text run at (0,0) width 20: "\x{304A}\x{3053}"
              RenderRubyBase (anonymous) at (0,0) size 18x20
                RenderInline {RB} at (0,0) size 17x18
                  RenderText {#text} at (0,1) size 17x18
                    text run at (0,1) width 17: "\x{8D77}"
          RenderText {#text} at (558,239) size 17x34
            text run at (558,239) width 34: "\x{308B}\x{3002}"
          RenderRuby (inline) {RUBY} at (0,0) size 17x34
            RenderRubyRun (anonymous) at (558,270) size 18x40
              RenderRubyText {RT} at (-10,0) size 10x40
                RenderText {#text} at (0,0) size 10x40
                  text run at (0,0) width 40: "\x{305F}\x{3093}\x{305B}\x{3044}"
              RenderRubyBase (anonymous) at (0,0) size 18x40
                RenderInline {RB} at (0,0) size 17x34
                  RenderText {#text} at (0,3) size 17x34
                    text run at (0,3) width 34: "\x{4E39}\x{9752}"
          RenderText {#text} at (558,307) size 17x17
            text run at (558,307) width 17: "\x{306F}"
          RenderRuby (inline) {RUBY} at (0,0) size 17x34
            RenderRubyRun (anonymous) at (558,324) size 18x34
              RenderRubyText {RT} at (-10,0) size 10x34
                RenderText {#text} at (0,7) size 10x20
                  text run at (0,7) width 20: "\x{304C}\x{304B}"
              RenderRubyBase (anonymous) at (0,0) size 18x34
                RenderInline {RB} at (0,0) size 17x34
                  RenderText {#text} at (0,0) size 17x34
                    text run at (0,0) width 34: "\x{753B}\x{67B6}"
          RenderText {#text} at (558,358) size 17x68
            text run at (558,358) width 68: "\x{306B}\x{5411}\x{3063}\x{3066}"
          RenderRuby (inline) {RUBY} at (0,0) size 17x34
            RenderRubyRun (anonymous) at (558,426) size 18x34
              RenderRubyText {RT} at (-10,0) size 10x34
                RenderText {#text} at (0,2) size 10x30
                  text run at (0,2) width 30: "\x{3068}\x{307E}\x{3064}"
              RenderRubyBase (anonymous) at (0,0) size 18x34
                RenderInline {RB} at (0,0) size 17x34
                  RenderText {#text} at (0,0) size 17x34
                    text run at (0,0) width 34: "\x{5857}\x{62B9}"
          RenderText {#text} at (558,460) size 44x477
            text run at (558,460) width 17: "\x{305B}"
            text run at (585,0) width 51: "\x{3093}\x{3067}\x{3082}"
          RenderRuby (inline) {RUBY} at (0,0) size 17x34
            RenderRubyRun (anonymous) at (585,51) size 18x34
              RenderRubyText {RT} at (-10,0) size 10x34
                RenderText {#text} at (0,2) size 10x30
                  text run at (0,2) width 30: "\x{3054}\x{3055}\x{3044}"
              RenderRubyBase (anonymous) at (0,0) size 18x34
                RenderInline {RB} at (0,0) size 17x34
                  RenderText {#text} at (0,0) size 17x34
                    text run at (0,0) width 34: "\x{4E94}\x{5F69}"
          RenderText {#text} at (585,85) size 17x25
            text run at (585,85) width 25: "\x{306E}"
          RenderRuby (inline) {RUBY} at (0,0) size 17x34
            RenderRubyRun (anonymous) at (585,107) size 18x40
              RenderRubyText {RT} at (-10,0) size 10x40
                RenderText {#text} at (0,0) size 10x40
                  text run at (0,0) width 40: "\x{3051}\x{3093}\x{3089}\x{3093}"
              RenderRubyBase (anonymous) at (0,0) size 18x40
                RenderInline {RB} at (0,0) size 17x34
                  RenderText {#text} at (0,3) size 17x34
                    text run at (0,3) width 34: "\x{7D62}\x{721B}"
          RenderText {#text} at (585,144) size 17x17
            text run at (585,144) width 17: "\x{306F}"
          RenderRuby (inline) {RUBY} at (0,0) size 17x27
            RenderRubyRun (anonymous) at (585,157) size 18x35
              RenderRubyText {RT} at (-10,0) size 10x35
                RenderText {#text} at (0,0) size 10x35
                  text run at (0,0) width 35: "\x{304A}\x{306E}\x{305A}"
              RenderRubyBase (anonymous) at (0,0) size 18x35
                RenderInline {RB} at (0,0) size 17x17
                  RenderText {#text} at (0,9) size 17x17
                    text run at (0,9) width 17: "\x{81EA}"
          RenderText {#text} at (585,188) size 17x34
            text run at (585,188) width 34: "\x{304B}\x{3089}"
          RenderRuby (inline) {RUBY} at (0,0) size 17x34
            RenderRubyRun (anonymous) at (585,219) size 18x40
              RenderRubyText {RT} at (-10,0) size 10x40
                RenderText {#text} at (0,0) size 10x40
                  text run at (0,0) width 40: "\x{3057}\x{3093}\x{304C}\x{3093}"
              RenderRubyBase (anonymous) at (0,0) size 18x40
                RenderInline {RB} at (0,0) size 17x34
                  RenderText {#text} at (0,3) size 17x34
                    text run at (0,3) width 34: "\x{5FC3}\x{773C}"
          RenderText {#text} at (585,256) size 44x468
            text run at (585,256) width 212: "\x{306B}\x{6620}\x{308B}\x{3002}\x{305F}\x{3060}\x{304A}\x{306E}\x{304C}\x{4F4F}\x{3080}\x{4E16}"
            text run at (612,0) width 68: "\x{3092}\x{3001}\x{304B}\x{304F}"
          RenderRuby (inline) {RUBY} at (0,0) size 17x18
            RenderRubyRun (anonymous) at (612,67) size 18x20
              RenderRubyText {RT} at (-10,0) size 10x20
                RenderText {#text} at (0,0) size 10x20
                  text run at (0,0) width 20: "\x{304B}\x{3093}"
              RenderRubyBase (anonymous) at (0,0) size 18x20
                RenderInline {RB} at (0,0) size 17x18
                  RenderText {#text} at (0,1) size 17x18
                    text run at (0,1) width 17: "\x{89B3}"
          RenderText {#text} at (612,86) size 17x68
            text run at (612,86) width 68: "\x{3058}\x{5F97}\x{3066}\x{3001}"
          RenderRuby (inline) {RUBY} at (0,0) size 17x72
            RenderRubyRun (anonymous) at (612,150) size 18x80
              RenderRubyText {RT} at (-10,0) size 10x80
                RenderText {#text} at (0,0) size 10x80
                  text run at (0,0) width 80: "\x{308C}\x{3044}\x{3060}\x{3044}\x{307B}\x{3046}\x{3059}\x{3093}"
              RenderRubyBase (anonymous) at (0,0) size 18x80
                RenderInline {RB} at (0,0) size 17x68
                  RenderText {#text} at (0,6) size 17x68
                    text run at (0,6) width 68: "\x{970A}\x{53F0}\x{65B9}\x{5BF8}"
          RenderText {#text} at (612,226) size 17x93
            text run at (612,226) width 93: "\x{306E}\x{30AB}\x{30E1}\x{30E9}\x{306B}"
          RenderRuby (inline) {RUBY} at (0,0) size 17x72
            RenderRubyRun (anonymous) at (612,315) size 18x80
              RenderRubyText {RT} at (-10,0) size 10x80
                RenderText {#text} at (0,0) size 10x80
                  text run at (0,0) width 80: "\x{304E}\x{3087}\x{3046}\x{304D}\x{3053}\x{3093}\x{3060}\x{304F}"
              RenderRubyBase (anonymous) at (0,0) size 18x80
                RenderInline {RB} at (0,0) size 17x68
                  RenderText {#text} at (0,6) size 17x68
                    text run at (0,6) width 68: "\x{6F86}\x{5B63}\x{6EB7}\x{6FC1}"
          RenderText {#text} at (612,391) size 44x484
            text run at (612,391) width 93: "\x{306E}\x{4FD7}\x{754C}\x{3092}\x{6E05}"
            text run at (639,0) width 136: "\x{304F}\x{3046}\x{3089}\x{3089}\x{304B}\x{306B}\x{53CE}\x{3081}"
          RenderRuby (inline) {RUBY} at (0,0) size 17x17
            RenderRubyRun (anonymous) at (639,136) size 18x17
              RenderRubyText {RT} at (-10,0) size 10x17
                RenderText {#text} at (0,3) size 10x11
                  text run at (0,3) width 10: "\x{3046}"
              RenderRubyBase (anonymous) at (0,0) size 18x17
                RenderInline {RB} at (0,0) size 17x17
                  RenderText {#text} at (0,0) size 17x17
                    text run at (0,0) width 17: "\x{5F97}"
          RenderText {#text} at (639,153) size 17x34
            text run at (639,153) width 34: "\x{308C}\x{3070}"
          RenderRuby (inline) {RUBY} at (0,0) size 17x17
            RenderRubyRun (anonymous) at (639,187) size 18x17
              RenderRubyText {RT} at (-10,0) size 10x17
                RenderText {#text} at (0,3) size 10x11
                  text run at (0,3) width 10: "\x{305F}"
              RenderRubyBase (anonymous) at (0,0) size 18x17
                RenderInline {RB} at (0,0) size 17x17
                  RenderText {#text} at (0,0) size 17x17
                    text run at (0,0) width 17: "\x{8DB3}"
          RenderText {#text} at (639,204) size 17x110
            text run at (639,204) width 110: "\x{308B}\x{3002}\x{3053}\x{306E}\x{6545}\x{306B}"
          RenderRuby (inline) {RUBY} at (0,0) size 17x34
            RenderRubyRun (anonymous) at (639,314) size 18x34
              RenderRubyText {RT} at (-10,0) size 10x34
                RenderText {#text} at (0,2) size 10x30
                  text run at (0,2) width 30: "\x{3080}\x{305B}\x{3044}"
              RenderRubyBase (anonymous) at (0,0) size 18x34
                RenderInline {RB} at (0,0) size 17x34
                  RenderText {#text} at (0,0) size 17x34
                    text run at (0,0) width 34: "\x{7121}\x{58F0}"
          RenderText {#text} at (639,348) size 44x475
            text run at (639,348) width 127: "\x{306E}\x{8A69}\x{4EBA}\x{306B}\x{306F}\x{4E00}\x{53E5}"
            text run at (666,0) width 51: "\x{306A}\x{304F}\x{3001}"
          RenderRuby (inline) {RUBY} at (0,0) size 17x34
            RenderRubyRun (anonymous) at (666,48) size 18x40
              RenderRubyText {RT} at (-10,0) size 10x40
                RenderText {#text} at (0,0) size 10x40
                  text run at (0,0) width 40: "\x{3080}\x{3057}\x{3087}\x{304F}"
              RenderRubyBase (anonymous) at (0,0) size 18x40
                RenderInline {RB} at (0,0) size 17x34
                  RenderText {#text} at (0,3) size 17x34
                    text run at (0,3) width 34: "\x{7121}\x{8272}"
          RenderText {#text} at (666,85) size 17x93
            text run at (666,85) width 93: "\x{306E}\x{753B}\x{5BB6}\x{306B}\x{306F}"
          RenderRuby (inline) {RUBY} at (0,0) size 17x34
            RenderRubyRun (anonymous) at (666,175) size 18x40
              RenderRubyText {RT} at (-10,0) size 10x40
                RenderText {#text} at (0,0) size 10x40
                  text run at (0,0) width 40: "\x{305B}\x{3063}\x{3051}\x{3093}"
              RenderRubyBase (anonymous) at (0,0) size 18x40
                RenderInline {RB} at (0,0) size 17x34
                  RenderText {#text} at (0,3) size 17x34
                    text run at (0,3) width 34: "\x{5C3A}\x{7E11}"
          RenderText {#text} at (666,212) size 17x102
            text run at (666,212) width 102: "\x{306A}\x{304D}\x{3082}\x{3001}\x{304B}\x{304F}"
          RenderRuby (inline) {RUBY} at (0,0) size 17x34
            RenderRubyRun (anonymous) at (666,311) size 18x40
              RenderRubyText {RT} at (-10,0) size 10x40
                RenderText {#text} at (0,0) size 10x40
                  text run at (0,0) width 40: "\x{3058}\x{3093}\x{305B}\x{3044}"
              RenderRubyBase (anonymous) at (0,0) size 18x40
                RenderInline {RB} at (0,0) size 17x34
                  RenderText {#text} at (0,3) size 17x34
                    text run at (0,3) width 34: "\x{4EBA}\x{4E16}"
          RenderText {#text} at (666,348) size 44x475
            text run at (666,348) width 127: "\x{3092}\x{89B3}\x{3058}\x{5F97}\x{308B}\x{306E}\x{70B9}"
            text run at (693,0) width 119: "\x{306B}\x{304A}\x{3044}\x{3066}\x{3001}\x{304B}\x{304F}"
          RenderRuby (inline) {RUBY} at (0,0) size 17x37
            RenderRubyRun (anonymous) at (693,115) size 18x45
              RenderRubyText {RT} at (-10,0) size 10x45
                RenderText {#text} at (0,0) size 10x45
                  text run at (0,0) width 45: "\x{307C}\x{3093}\x{306E}\x{3046}"
              RenderRubyBase (anonymous) at (0,0) size 18x45
                RenderInline {RB} at (0,0) size 17x35
                  RenderText {#text} at (0,5) size 17x35
                    text run at (0,5) width 34: "\x{7169}\x{60A9}"
          RenderText {#text} at (693,156) size 17x17
            text run at (693,156) width 17: "\x{3092}"
          RenderRuby (inline) {RUBY} at (0,0) size 17x34
            RenderRubyRun (anonymous) at (693,173) size 18x34
              RenderRubyText {RT} at (-10,0) size 10x34
                RenderText {#text} at (0,2) size 10x30
                  text run at (0,2) width 30: "\x{3052}\x{3060}\x{3064}"
              RenderRubyBase (anonymous) at (0,0) size 18x34
                RenderInline {RB} at (0,0) size 17x34
                  RenderText {#text} at (0,0) size 17x34
                    text run at (0,0) width 34: "\x{89E3}\x{8131}"
          RenderText {#text} at (693,207) size 17x195
            text run at (693,207) width 195: "\x{3059}\x{308B}\x{306E}\x{70B9}\x{306B}\x{304A}\x{3044}\x{3066}\x{3001}\x{304B}\x{304F}"
          RenderRuby (inline) {RUBY} at (0,0) size 17x72
            RenderRubyRun (anonymous) at (693,398) size 18x80
              RenderRubyText {RT} at (-10,0) size 10x80
                RenderText {#text} at (0,0) size 10x80
                  text run at (0,0) width 80: "\x{3057}\x{3087}\x{3046}\x{3058}\x{3087}\x{3046}\x{304B}\x{3044}"
              RenderRubyBase (anonymous) at (0,0) size 18x80
                RenderInline {RB} at (0,0) size 17x52
                  RenderText {#text} at (0,14) size 17x52
                    text run at (0,14) width 51: "\x{6E05}\x{6D44}\x{754C}"
          RenderText {#text} at (693,474) size 17x17
            text run at (693,474) width 17: "\x{306B}"
          RenderRuby (inline) {RUBY} at (0,0) size 17x56
            RenderRubyRun (anonymous) at (720,0) size 18x60
              RenderRubyText {RT} at (-10,0) size 10x60
                RenderText {#text} at (0,0) size 10x60
                  text run at (0,0) width 60: "\x{3057}\x{3085}\x{3064}\x{306B}\x{3085}\x{3046}"
              RenderRubyBase (anonymous) at (0,0) size 18x60
                RenderInline {RB} at (0,0) size 17x34
                  RenderText {#text} at (0,13) size 17x34
                    text run at (0,13) width 34: "\x{51FA}\x{5165}"
          RenderText {#text} at (720,56) size 17x254
            text run at (720,56) width 254: "\x{3057}\x{5F97}\x{308B}\x{306E}\x{70B9}\x{306B}\x{304A}\x{3044}\x{3066}\x{3001}\x{307E}\x{305F}\x{3053}\x{306E}"
          RenderRuby (inline) {RUBY} at (0,0) size 17x68
            RenderRubyRun (anonymous) at (720,310) size 18x68
              RenderRubyText {RT} at (-10,0) size 10x68
                RenderText {#text} at (0,9) size 10x50
                  text run at (0,9) width 50: "\x{3075}\x{3069}\x{3046}\x{3075}\x{3058}"
              RenderRubyBase (anonymous) at (0,0) size 18x68
                RenderInline {RB} at (0,0) size 17x68
                  RenderText {#text} at (0,0) size 17x68
                    text run at (0,0) width 68: "\x{4E0D}\x{540C}\x{4E0D}\x{4E8C}"
          RenderText {#text} at (720,378) size 17x25
            text run at (720,378) width 25: "\x{306E}"
          RenderRuby (inline) {RUBY} at (0,0) size 17x34
            RenderRubyRun (anonymous) at (720,400) size 18x40
              RenderRubyText {RT} at (-10,0) size 10x40
                RenderText {#text} at (0,0) size 10x40
                  text run at (0,0) width 40: "\x{3051}\x{3093}\x{3053}\x{3093}"
              RenderRubyBase (anonymous) at (0,0) size 18x40
                RenderInline {RB} at (0,0) size 17x34
                  RenderText {#text} at (0,3) size 17x34
                    text run at (0,3) width 34: "\x{4E7E}\x{5764}"
          RenderText {#text} at (720,437) size 17x17
            text run at (720,437) width 17: "\x{3092}"
          RenderRuby (inline) {RUBY} at (0,0) size 17x46
            RenderRubyRun (anonymous) at (747,0) size 18x50
              RenderRubyText {RT} at (-10,0) size 10x50
                RenderText {#text} at (0,0) size 10x50
                  text run at (0,0) width 50: "\x{3053}\x{3093}\x{308A}\x{3085}\x{3046}"
              RenderRubyBase (anonymous) at (0,0) size 18x50
                RenderInline {RB} at (0,0) size 17x34
                  RenderText {#text} at (0,8) size 17x34
                    text run at (0,8) width 34: "\x{5EFA}\x{7ACB}"
          RenderText {#text} at (747,46) size 17x178
            text run at (747,46) width 178: "\x{3057}\x{5F97}\x{308B}\x{306E}\x{70B9}\x{306B}\x{304A}\x{3044}\x{3066}\x{3001}"
          RenderRuby (inline) {RUBY} at (0,0) size 17x68
            RenderRubyRun (anonymous) at (747,224) size 18x68
              RenderRubyText {RT} at (-10,0) size 10x68
                RenderText {#text} at (0,9) size 10x50
                  text run at (0,9) width 50: "\x{304C}\x{308A}\x{3057}\x{3088}\x{304F}"
              RenderRubyBase (anonymous) at (0,0) size 18x68
                RenderInline {RB} at (0,0) size 17x68
                  RenderText {#text} at (0,0) size 17x68
                    text run at (0,0) width 68: "\x{6211}\x{5229}\x{79C1}\x{617E}"
          RenderText {#text} at (747,292) size 17x25
            text run at (747,292) width 25: "\x{306E}"
          RenderRuby (inline) {RUBY} at (0,0) size 17x34
            RenderRubyRun (anonymous) at (747,317) size 18x34
              RenderRubyText {RT} at (-10,0) size 10x34
                RenderText {#text} at (0,2) size 10x30
                  text run at (0,2) width 30: "\x{304D}\x{306F}\x{3093}"
              RenderRubyBase (anonymous) at (0,0) size 18x34
                RenderInline {RB} at (0,0) size 17x34
                  RenderText {#text} at (0,0) size 17x34
                    text run at (0,0) width 34: "\x{898A}\x{7D46}"
          RenderText {#text} at (747,351) size 17x17
            text run at (747,351) width 17: "\x{3092}"
          RenderRuby (inline) {RUBY} at (0,0) size 17x34
            RenderRubyRun (anonymous) at (747,365) size 18x40
              RenderRubyText {RT} at (-10,0) size 10x40
                RenderText {#text} at (0,0) size 10x40
                  text run at (0,0) width 40: "\x{305D}\x{3046}\x{3068}\x{3046}"
              RenderRubyBase (anonymous) at (0,0) size 18x40
                RenderInline {RB} at (0,0) size 17x34
                  RenderText {#text} at (0,3) size 17x34
                    text run at (0,3) width 34: "\x{6383}\x{8569}"
          RenderText {#text} at (747,402) size 44x478
            text run at (747,402) width 76: "\x{3059}\x{308B}\x{306E}\x{70B9}"
            text run at (774,0) width 117: "\x{306B}\x{304A}\x{3044}\x{3066}\x{3001}\x{2015}\x{2015}"
          RenderRuby (inline) {RUBY} at (0,0) size 17x34
            RenderRubyRun (anonymous) at (774,114) size 18x40
              RenderRubyText {RT} at (-10,0) size 10x40
                RenderText {#text} at (0,0) size 10x40
                  text run at (0,0) width 40: "\x{305B}\x{3093}\x{304D}\x{3093}"
              RenderRubyBase (anonymous) at (0,0) size 18x40
                RenderInline {RB} at (0,0) size 17x34
                  RenderText {#text} at (0,3) size 17x34
                    text run at (0,3) width 34: "\x{5343}\x{91D1}"
          RenderText {#text} at (774,151) size 17x110
            text run at (774,151) width 110: "\x{306E}\x{5B50}\x{3088}\x{308A}\x{3082}\x{3001}"
          RenderRuby (inline) {RUBY} at (0,0) size 17x42
            RenderRubyRun (anonymous) at (774,257) size 18x50
              RenderRubyText {RT} at (-10,0) size 10x50
                RenderText {#text} at (0,0) size 10x50
                  text run at (0,0) width 50: "\x{3070}\x{3093}\x{3058}\x{3087}\x{3046}"
              RenderRubyBase (anonymous) at (0,0) size 18x50
                RenderInline {RB} at (0,0) size 17x34
                  RenderText {#text} at (0,8) size 17x34
                    text run at (0,8) width 34: "\x{4E07}\x{4E57}"
          RenderText {#text} at (774,303) size 44x481
            text run at (774,303) width 178: "\x{306E}\x{541B}\x{3088}\x{308A}\x{3082}\x{3001}\x{3042}\x{3089}\x{3086}\x{308B}"
            text run at (801,0) width 59: "\x{4FD7}\x{754C}\x{306E}"
          RenderRuby (inline) {RUBY} at (0,0) size 17x34
            RenderRubyRun (anonymous) at (801,56) size 18x40
              RenderRubyText {RT} at (-10,0) size 10x40
                RenderText {#text} at (0,0) size 10x40
                  text run at (0,0) width 40: "\x{3061}\x{3087}\x{3046}\x{3058}"
              RenderRubyBase (anonymous) at (0,0) size 18x40
                RenderInline {RB} at (0,0) size 17x34
                  RenderText {#text} at (0,3) size 17x34
                    text run at (0,3) width 34: "\x{5BF5}\x{5150}"
          RenderText {#text} at (801,93) size 17x153
            text run at (801,93) width 153: "\x{3088}\x{308A}\x{3082}\x{5E78}\x{798F}\x{3067}\x{3042}\x{308B}\x{3002}"
          RenderBR {BR} at (801,246) size 17x0
          RenderText {#text} at (828,0) size 17x289
            text run at (828,0) width 289: "\x{3000}\x{4E16}\x{306B}\x{4F4F}\x{3080}\x{3053}\x{3068}\x{4E8C}\x{5341}\x{5E74}\x{306B}\x{3057}\x{3066}\x{3001}\x{4F4F}\x{3080}\x{306B}"
          RenderRuby (inline) {RUBY} at (0,0) size 17x34
            RenderRubyRun (anonymous) at (828,289) size 18x34
              RenderRubyText {RT} at (-10,0) size 10x34
                RenderText {#text} at (0,7) size 10x20
                  text run at (0,7) width 20: "\x{304B}\x{3044}"
              RenderRubyBase (anonymous) at (0,0) size 18x34
                RenderInline {RB} at (0,0) size 17x34
                  RenderText {#text} at (0,0) size 17x34
                    text run at (0,0) width 34: "\x{7532}\x{6590}"
          RenderText {#text} at (828,323) size 44x476
            text run at (828,323) width 153: "\x{3042}\x{308B}\x{4E16}\x{3068}\x{77E5}\x{3063}\x{305F}\x{3002}\x{4E8C}"
            text run at (855,0) width 153: "\x{5341}\x{4E94}\x{5E74}\x{306B}\x{3057}\x{3066}\x{660E}\x{6697}\x{306F}"
          RenderRuby (inline) {RUBY} at (0,0) size 17x34
            RenderRubyRun (anonymous) at (855,150) size 18x40
              RenderRubyText {RT} at (-10,0) size 10x40
                RenderText {#text} at (0,0) size 10x40
                  text run at (0,0) width 40: "\x{3072}\x{3087}\x{3046}\x{308A}"
              RenderRubyBase (anonymous) at (0,0) size 18x40
                RenderInline {RB} at (0,0) size 17x34
                  RenderText {#text} at (0,3) size 17x34
                    text run at (0,3) width 34: "\x{8868}\x{88CF}"
          RenderText {#text} at (855,187) size 44x475
            text run at (855,187) width 288: "\x{306E}\x{3054}\x{3068}\x{304F}\x{3001}\x{65E5}\x{306E}\x{3042}\x{305F}\x{308B}\x{6240}\x{306B}\x{306F}\x{304D}\x{3063}\x{3068}"
            text run at (882,0) width 212: "\x{5F71}\x{304C}\x{3055}\x{3059}\x{3068}\x{609F}\x{3063}\x{305F}\x{3002}\x{4E09}\x{5341}\x{306E}"
          RenderRuby (inline) {RUBY} at (0,0) size 17x34
            RenderRubyRun (anonymous) at (882,209) size 18x40
              RenderRubyText {RT} at (-10,0) size 10x40
                RenderText {#text} at (0,0) size 10x40
                  text run at (0,0) width 40: "\x{3053}\x{3093}\x{306B}\x{3061}"
              RenderRubyBase (anonymous) at (0,0) size 18x40
                RenderInline {RB} at (0,0) size 17x34
                  RenderText {#text} at (0,3) size 17x34
                    text run at (0,3) width 34: "\x{4ECA}\x{65E5}"
          RenderText {#text} at (882,246) size 44x490
            text run at (882,246) width 244: "\x{306F}\x{3053}\x{3046}\x{601D}\x{3046}\x{3066}\x{3044}\x{308B}\x{3002}\x{2015}\x{2015}\x{559C}\x{3073}\x{306E}"
            text run at (909,0) width 68: "\x{6DF1}\x{304D}\x{3068}\x{304D}"
          RenderRuby (inline) {RUBY} at (0,0) size 17x22
            RenderRubyRun (anonymous) at (909,64) size 18x30
              RenderRubyText {RT} at (-10,0) size 10x30
                RenderText {#text} at (0,0) size 10x30
                  text run at (0,0) width 30: "\x{3046}\x{308C}\x{3044}"
              RenderRubyBase (anonymous) at (0,0) size 18x30
                RenderInline {RB} at (0,0) size 17x18
                  RenderText {#text} at (0,6) size 17x18
                    text run at (0,6) width 17: "\x{6182}"
          RenderText {#text} at (909,90) size 17x119
            text run at (909,90) width 119: "\x{3044}\x{3088}\x{3044}\x{3088}\x{6DF1}\x{304F}\x{3001}"
          RenderRuby (inline) {RUBY} at (0,0) size 17x27
            RenderRubyRun (anonymous) at (909,205) size 18x35
              RenderRubyText {RT} at (-10,0) size 10x35
                RenderText {#text} at (0,0) size 10x35
                  text run at (0,0) width 35: "\x{305F}\x{306E}\x{3057}"
              RenderRubyBase (anonymous) at (0,0) size 18x35
                RenderInline {RB} at (0,0) size 17x17
                  RenderText {#text} at (0,9) size 17x17
                    text run at (0,9) width 17: "\x{697D}"
          RenderText {#text} at (909,236) size 44x482
            text run at (909,236) width 246: "\x{307F}\x{306E}\x{5927}\x{3044}\x{306A}\x{308B}\x{307B}\x{3069}\x{82E6}\x{3057}\x{307F}\x{3082}\x{5927}\x{304D}"
            text run at (936,0) width 340: "\x{3044}\x{3002}\x{3053}\x{308C}\x{3092}\x{5207}\x{308A}\x{653E}\x{305D}\x{3046}\x{3068}\x{3059}\x{308B}\x{3068}\x{8EAB}\x{304C}\x{6301}\x{3066}\x{306C}\x{3002}"
          RenderRuby (inline) {RUBY} at (0,0) size 17x18
            RenderRubyRun (anonymous) at (936,339) size 18x20
              RenderRubyText {RT} at (-10,0) size 10x20
                RenderText {#text} at (0,0) size 10x20
                  text run at (0,0) width 20: "\x{304B}\x{305F}"
              RenderRubyBase (anonymous) at (0,0) size 18x20
                RenderInline {RB} at (0,0) size 17x18
                  RenderText {#text} at (0,1) size 17x18
                    text run at (0,1) width 17: "\x{7247}"
          RenderText {#text} at (936,358) size 44x477
            text run at (936,358) width 119: "\x{3065}\x{3051}\x{3088}\x{3046}\x{3068}\x{3059}\x{308C}"
            text run at (963,0) width 331: "\x{3070}\x{4E16}\x{304C}\x{7ACB}\x{305F}\x{306C}\x{3002}\x{91D1}\x{306F}\x{5927}\x{4E8B}\x{3060}\x{3001}\x{5927}\x{4E8B}\x{306A}\x{3082}\x{306E}\x{304C}"
          RenderRuby (inline) {RUBY} at (0,0) size 17x17
            RenderRubyRun (anonymous) at (963,331) size 18x17
              RenderRubyText {RT} at (-10,0) size 10x17
                RenderText {#text} at (0,3) size 10x11
                  text run at (0,3) width 10: "\x{3075}"
              RenderRubyBase (anonymous) at (0,0) size 18x17
                RenderInline {RB} at (0,0) size 17x17
                  RenderText {#text} at (0,0) size 17x17
                    text run at (0,0) width 17: "\x{6B96}"
          RenderText {#text} at (963,348) size 17x51
            text run at (963,348) width 51: "\x{3048}\x{308C}\x{3070}"
          RenderRuby (inline) {RUBY} at (0,0) size 17x17
            RenderRubyRun (anonymous) at (963,399) size 18x17
              RenderRubyText {RT} at (-10,0) size 10x17
                RenderText {#text} at (0,3) size 10x11
                  text run at (0,3) width 10: "\x{306D}"
              RenderRubyBase (anonymous) at (0,0) size 18x17
                RenderInline {RB} at (0,0) size 17x17
                  RenderText {#text} at (0,0) size 17x17
                    text run at (0,0) width 17: "\x{5BDD}"
          RenderText {#text} at (963,416) size 17x17
            text run at (963,416) width 17: "\x{308B}"
          RenderRuby (inline) {RUBY} at (0,0) size 17x17
            RenderRubyRun (anonymous) at (963,433) size 18x17
              RenderRubyText {RT} at (-10,0) size 10x17
                RenderText {#text} at (0,3) size 10x11
                  text run at (0,3) width 10: "\x{307E}"
              RenderRubyBase (anonymous) at (0,0) size 18x17
                RenderInline {RB} at (0,0) size 17x17
                  RenderText {#text} at (0,0) size 17x17
                    text run at (0,0) width 17: "\x{9593}"
          RenderText {#text} at (963,450) size 62x484
            text run at (963,450) width 34: "\x{3082}\x{5FC3}"
            text run at (981,0) width 476: "\x{914D}\x{3060}\x{308D}\x{3046}\x{3002}\x{604B}\x{306F}\x{3046}\x{308C}\x{3057}\x{3044}\x{3001}\x{5B09}\x{3057}\x{3044}\x{604B}\x{304C}\x{7A4D}\x{3082}\x{308C}\x{3070}\x{3001}\x{604B}\x{3092}\x{305B}\x{306C}\x{6614}\x{304C}"
            text run at (1008,0) width 373: "\x{304B}\x{3048}\x{3063}\x{3066}\x{604B}\x{3057}\x{304B}\x{308D}\x{3002}\x{95A3}\x{50DA}\x{306E}\x{80A9}\x{306F}\x{6570}\x{767E}\x{4E07}\x{4EBA}\x{306E}\x{8DB3}\x{3092}"
          RenderRuby (inline) {RUBY} at (0,0) size 17x18
            RenderRubyRun (anonymous) at (1008,372) size 18x20
              RenderRubyText {RT} at (-10,0) size 10x20
                RenderText {#text} at (0,0) size 10x20
                  text run at (0,0) width 20: "\x{3055}\x{3055}"
              RenderRubyBase (anonymous) at (0,0) size 18x20
                RenderInline {RB} at (0,0) size 17x18
                  RenderText {#text} at (0,1) size 17x18
                    text run at (0,1) width 17: "\x{652F}"
          RenderText {#text} at (1008,391) size 17x85
            text run at (1008,391) width 85: "\x{3048}\x{3066}\x{3044}\x{308B}\x{3002}"
          RenderRuby (inline) {RUBY} at (0,0) size 17x34
            RenderRubyRun (anonymous) at (1035,0) size 18x34
              RenderRubyText {RT} at (-10,0) size 10x34
                RenderText {#text} at (0,2) size 10x30
                  text run at (0,2) width 30: "\x{305B}\x{306A}\x{304B}"
              RenderRubyBase (anonymous) at (0,0) size 18x34
                RenderInline {RB} at (0,0) size 17x34
                  RenderText {#text} at (0,0) size 17x34
                    text run at (0,0) width 34: "\x{80CC}\x{4E2D}"
          RenderText {#text} at (1035,34) size 44x476
            text run at (1035,34) width 442: "\x{306B}\x{306F}\x{91CD}\x{3044}\x{5929}\x{4E0B}\x{304C}\x{304A}\x{3076}\x{3055}\x{3063}\x{3066}\x{3044}\x{308B}\x{3002}\x{3046}\x{307E}\x{3044}\x{7269}\x{3082}\x{98DF}\x{308F}\x{306D}\x{3070}\x{60DC}\x{3057}"
            text run at (1062,0) width 119: "\x{3044}\x{3002}\x{5C11}\x{3057}\x{98DF}\x{3048}\x{3070}"
          RenderRuby (inline) {RUBY} at (0,0) size 17x17
            RenderRubyRun (anonymous) at (1062,119) size 18x17
              RenderRubyText {RT} at (-10,0) size 10x17
                RenderText {#text} at (0,3) size 10x11
                  text run at (0,3) width 10: "\x{3042}"
              RenderRubyBase (anonymous) at (0,0) size 18x17
                RenderInline {RB} at (0,0) size 17x17
                  RenderText {#text} at (0,0) size 17x17
                    text run at (0,0) width 17: "\x{98FD}"
          RenderText {#text} at (1062,136) size 17x17
            text run at (1062,136) width 17: "\x{304D}"
          RenderRuby (inline) {RUBY} at (0,0) size 17x17
            RenderRubyRun (anonymous) at (1062,153) size 18x17
              RenderRubyText {RT} at (-10,0) size 10x17
                RenderText {#text} at (0,3) size 10x11
                  text run at (0,3) width 10: "\x{305F}"
              RenderRubyBase (anonymous) at (0,0) size 18x17
                RenderInline {RB} at (0,0) size 17x17
                  RenderText {#text} at (0,0) size 17x17
                    text run at (0,0) width 17: "\x{8DB3}"
          RenderText {#text} at (1062,170) size 17x304
            text run at (1062,170) width 304: "\x{3089}\x{306C}\x{3002}\x{5B58}\x{5206}\x{98DF}\x{3048}\x{3070}\x{3042}\x{3068}\x{304C}\x{4E0D}\x{6109}\x{5FEB}\x{3060}\x{3002}\x{2026}\x{2026}"
          RenderBR {BR} at (1062,474) size 17x0
          RenderText {#text} at (1089,0) size 17x17
            text run at (1089,0) width 17: "\x{3000}"
          RenderRuby (inline) {RUBY} at (0,0) size 17x17
            RenderRubyRun (anonymous) at (1089,17) size 18x17
              RenderRubyText {RT} at (-10,0) size 10x17
                RenderText {#text} at (0,3) size 10x11
                  text run at (0,3) width 10: "\x{3088}"
              RenderRubyBase (anonymous) at (0,0) size 18x17
                RenderInline {RB} at (0,0) size 17x17
                  RenderText {#text} at (0,0) size 17x17
                    text run at (0,0) width 17: "\x{4F59}"
          RenderText {#text} at (1089,34) size 17x25
            text run at (1089,34) width 25: "\x{306E}"
          RenderRuby (inline) {RUBY} at (0,0) size 17x32
            RenderRubyRun (anonymous) at (1089,55) size 18x40
              RenderRubyText {RT} at (-10,0) size 10x40
                RenderText {#text} at (0,0) size 10x40
                  text run at (0,0) width 40: "\x{304B}\x{3093}\x{304C}\x{3048}"
              RenderRubyBase (anonymous) at (0,0) size 18x40
                RenderInline {RB} at (0,0) size 17x18
                  RenderText {#text} at (0,11) size 17x18
                    text run at (0,11) width 17: "\x{8003}"
          RenderText {#text} at (1089,91) size 17x280
            text run at (1089,91) width 280: "\x{304C}\x{3053}\x{3053}\x{307E}\x{3067}\x{6F02}\x{6D41}\x{3057}\x{3066}\x{6765}\x{305F}\x{6642}\x{306B}\x{3001}\x{4F59}\x{306E}"
          RenderRuby (inline) {RUBY} at (0,0) size 17x34
            RenderRubyRun (anonymous) at (1089,371) size 18x34
              RenderRubyText {RT} at (-10,0) size 10x34
                RenderText {#text} at (0,2) size 10x30
                  text run at (0,2) width 30: "\x{3046}\x{305D}\x{304F}"
              RenderRubyBase (anonymous) at (0,0) size 18x34
                RenderInline {RB} at (0,0) size 17x34
                  RenderText {#text} at (0,0) size 17x34
                    text run at (0,0) width 34: "\x{53F3}\x{8DB3}"
          RenderText {#text} at (1089,405) size 17x51
            text run at (1089,405) width 51: "\x{306F}\x{7A81}\x{7136}"
          RenderRuby (inline) {RUBY} at (0,0) size 17x18
            RenderRubyRun (anonymous) at (1089,455) size 18x20
              RenderRubyText {RT} at (-10,0) size 10x20
                RenderText {#text} at (0,0) size 10x20
                  text run at (0,0) width 20: "\x{3059}\x{308F}"
              RenderRubyBase (anonymous) at (0,0) size 18x20
                RenderInline {RB} at (0,0) size 17x18
                  RenderText {#text} at (0,1) size 17x18
                    text run at (0,1) width 17: "\x{5750}"
          RenderText {#text} at (1089,474) size 44x491
            text run at (1089,474) width 17: "\x{308A}"
            text run at (1116,0) width 76: "\x{306E}\x{308F}\x{308B}\x{3044}"
          RenderRuby (inline) {RUBY} at (0,0) size 17x34
            RenderRubyRun (anonymous) at (1116,73) size 18x40
              RenderRubyText {RT} at (-10,0) size 10x40
                RenderText {#text} at (0,0) size 10x40
                  text run at (0,0) width 40: "\x{304B}\x{304F}\x{3044}\x{3057}"
              RenderRubyBase (anonymous) at (0,0) size 18x40
                RenderInline {RB} at (0,0) size 17x34
                  RenderText {#text} at (0,3) size 17x34
                    text run at (0,3) width 34: "\x{89D2}\x{77F3}"
          RenderText {#text} at (1116,110) size 17x25
            text run at (1116,110) width 25: "\x{306E}"
          RenderRuby (inline) {RUBY} at (0,0) size 17x18
            RenderRubyRun (anonymous) at (1116,134) size 18x20
              RenderRubyText {RT} at (-10,0) size 10x20
                RenderText {#text} at (0,0) size 10x20
                  text run at (0,0) width 20: "\x{306F}\x{3057}"
              RenderRubyBase (anonymous) at (0,0) size 18x20
                RenderInline {RB} at (0,0) size 17x18
                  RenderText {#text} at (0,1) size 17x18
                    text run at (0,1) width 17: "\x{7AEF}"
          RenderText {#text} at (1116,153) size 17x51
            text run at (1116,153) width 51: "\x{3092}\x{8E0F}\x{307F}"
          RenderRuby (inline) {RUBY} at (0,0) size 17x17
            RenderRubyRun (anonymous) at (1116,204) size 18x17
              RenderRubyText {RT} at (-10,0) size 10x17
                RenderText {#text} at (0,3) size 10x11
                  text run at (0,3) width 10: "\x{305D}"
              RenderRubyBase (anonymous) at (0,0) size 18x17
                RenderInline {RB} at (0,0) size 17x17
                  RenderText {#text} at (0,0) size 17x17
                    text run at (0,0) width 17: "\x{640D}"
          RenderText {#text} at (1116,221) size 17x85
            text run at (1116,221) width 85: "\x{304F}\x{306A}\x{3063}\x{305F}\x{3002}"
          RenderRuby (inline) {RUBY} at (0,0) size 17x34
            RenderRubyRun (anonymous) at (1116,303) size 18x40
              RenderRubyText {RT} at (-10,0) size 10x40
                RenderText {#text} at (0,0) size 10x40
                  text run at (0,0) width 40: "\x{3078}\x{3044}\x{3053}\x{3046}"
              RenderRubyBase (anonymous) at (0,0) size 18x40
                RenderInline {RB} at (0,0) size 17x34
                  RenderText {#text} at (0,3) size 17x34
                    text run at (0,3) width 34: "\x{5E73}\x{8861}"
          RenderText {#text} at (1116,340) size 44x476
            text run at (1116,340) width 136: "\x{3092}\x{4FDD}\x{3064}\x{305F}\x{3081}\x{306B}\x{3001}\x{3059}"
            text run at (1143,0) width 170: "\x{308F}\x{3084}\x{3068}\x{524D}\x{306B}\x{98DB}\x{3073}\x{51FA}\x{3057}\x{305F}"
          RenderRuby (inline) {RUBY} at (0,0) size 17x34
            RenderRubyRun (anonymous) at (1143,170) size 18x34
              RenderRubyText {RT} at (-10,0) size 10x34
                RenderText {#text} at (0,2) size 10x30
                  text run at (0,2) width 30: "\x{3055}\x{305D}\x{304F}"
              RenderRubyBase (anonymous) at (0,0) size 18x34
                RenderInline {RB} at (0,0) size 17x34
                  RenderText {#text} at (0,0) size 17x34
                    text run at (0,0) width 34: "\x{5DE6}\x{8DB3}"
          RenderText {#text} at (1143,204) size 17x34
            text run at (1143,204) width 34: "\x{304C}\x{3001}"
          RenderRuby (inline) {RUBY} at (0,0) size 17x34
            RenderRubyRun (anonymous) at (1143,238) size 18x34
              RenderRubyText {RT} at (-10,0) size 10x34
                RenderText {#text} at (0,2) size 10x30
                  text run at (0,2) width 30: "\x{3057}\x{305D}\x{3093}"
              RenderRubyBase (anonymous) at (0,0) size 18x34
                RenderInline {RB} at (0,0) size 17x34
                  RenderText {#text} at (0,0) size 17x34
                    text run at (0,0) width 34: "\x{4ED5}\x{640D}"
          RenderText {#text} at (1143,272) size 17x42
            text run at (1143,272) width 42: "\x{3058}\x{306E}"
          RenderRuby (inline) {RUBY} at (0,0) size 17x17
            RenderRubyRun (anonymous) at (1143,314) size 18x17
              RenderRubyText {RT} at (-10,0) size 10x17
                RenderText {#text} at (0,3) size 10x11
                  text run at (0,3) width 10: "\x{3046}"
              RenderRubyBase (anonymous) at (0,0) size 18x17
                RenderInline {RB} at (0,0) size 17x17
                  RenderText {#text} at (0,0) size 17x17
                    text run at (0,0) width 17: "\x{57CB}"
          RenderText {#text} at (1143,331) size 17x17
            text run at (1143,331) width 17: "\x{3081}"
          RenderRuby (inline) {RUBY} at (0,0) size 17x18
            RenderRubyRun (anonymous) at (1143,347) size 18x20
              RenderRubyText {RT} at (-10,0) size 10x20
                RenderText {#text} at (0,0) size 10x20
                  text run at (0,0) width 20: "\x{3042}\x{308F}"
              RenderRubyBase (anonymous) at (0,0) size 18x20
                RenderInline {RB} at (0,0) size 17x18
                  RenderText {#text} at (0,1) size 17x18
                    text run at (0,1) width 17: "\x{5408}"
          RenderText {#text} at (1143,366) size 44x468
            text run at (1143,366) width 102: "\x{305B}\x{3092}\x{3059}\x{308B}\x{3068}\x{5171}"
            text run at (1170,0) width 178: "\x{306B}\x{3001}\x{4F59}\x{306E}\x{8170}\x{306F}\x{5177}\x{5408}\x{3088}\x{304F}"
          RenderRuby (inline) {RUBY} at (0,0) size 17x18
            RenderRubyRun (anonymous) at (1170,177) size 18x20
              RenderRubyText {RT} at (-10,0) size 10x20
                RenderText {#text} at (0,0) size 10x20
                  text run at (0,0) width 20: "\x{307B}\x{3046}"
              RenderRubyBase (anonymous) at (0,0) size 18x20
                RenderInline {RB} at (0,0) size 17x18
                  RenderText {#text} at (0,1) size 17x18
                    text run at (0,1) width 17: "\x{65B9}"
          RenderText {#text} at (1170,196) size 17x161
            text run at (1170,196) width 161: "\x{4E09}\x{5C3A}\x{307B}\x{3069}\x{306A}\x{5CA9}\x{306E}\x{4E0A}\x{306B}"
          RenderRuby (inline) {RUBY} at (0,0) size 17x17
            RenderRubyRun (anonymous) at (1170,357) size 18x17
              RenderRubyText {RT} at (-10,0) size 10x17
                RenderText {#text} at (0,3) size 10x11
                  text run at (0,3) width 10: "\x{304A}"
              RenderRubyBase (anonymous) at (0,0) size 18x17
                RenderInline {RB} at (0,0) size 17x17
                  RenderText {#text} at (0,0) size 17x17
                    text run at (0,0) width 17: "\x{5378}"
          RenderText {#text} at (1170,374) size 44x476
            text run at (1170,374) width 102: "\x{308A}\x{305F}\x{3002}\x{80A9}\x{306B}\x{304B}"
            text run at (1197,0) width 127: "\x{3051}\x{305F}\x{7D75}\x{306E}\x{5177}\x{7BB1}\x{304C}"
          RenderRuby (inline) {RUBY} at (0,0) size 17x18
            RenderRubyRun (anonymous) at (1197,126) size 18x20
              RenderRubyText {RT} at (-10,0) size 10x20
                RenderText {#text} at (0,0) size 10x20
                  text run at (0,0) width 20: "\x{308F}\x{304D}"
              RenderRubyBase (anonymous) at (0,0) size 18x20
                RenderInline {RB} at (0,0) size 17x18
                  RenderText {#text} at (0,1) size 17x18
                    text run at (0,1) width 17: "\x{814B}"
          RenderText {#text} at (1197,145) size 17x76
            text run at (1197,145) width 76: "\x{306E}\x{4E0B}\x{304B}\x{3089}"
          RenderRuby (inline) {RUBY} at (0,0) size 17x18
            RenderRubyRun (anonymous) at (1197,220) size 18x20
              RenderRubyText {RT} at (-10,0) size 10x20
                RenderText {#text} at (0,0) size 10x20
                  text run at (0,0) width 20: "\x{304A}\x{3069}"
              RenderRubyBase (anonymous) at (0,0) size 18x20
                RenderInline {RB} at (0,0) size 17x18
                  RenderText {#text} at (0,1) size 17x18
                    text run at (0,1) width 17: "\x{8E8D}"
          RenderText {#text} at (1197,239) size 17x187
            text run at (1197,239) width 187: "\x{308A}\x{51FA}\x{3057}\x{305F}\x{3060}\x{3051}\x{3067}\x{3001}\x{5E78}\x{3044}\x{3068}"
          RenderRuby (inline) {RUBY} at (0,0) size 17x18
            RenderRubyRun (anonymous) at (1197,425) size 18x20
              RenderRubyText {RT} at (-10,0) size 10x20
                RenderText {#text} at (0,0) size 10x20
                  text run at (0,0) width 20: "\x{306A}\x{3093}"
              RenderRubyBase (anonymous) at (0,0) size 18x20
                RenderInline {RB} at (0,0) size 17x18
                  RenderText {#text} at (0,1) size 17x18
                    text run at (0,1) width 17: "\x{4F55}"
          RenderText {#text} at (1197,444) size 35x486
            text run at (1197,444) width 42: "\x{306E}\x{4E8B}"
            text run at (1215,0) width 102: "\x{3082}\x{306A}\x{304B}\x{3063}\x{305F}\x{3002}"
          RenderBR {BR} at (1215,102) size 17x0
          RenderText {#text} at (1242,0) size 17x255
            text run at (1242,0) width 255: "\x{3000}\x{7ACB}\x{3061}\x{4E0A}\x{304C}\x{308B}\x{6642}\x{306B}\x{5411}\x{3046}\x{3092}\x{898B}\x{308B}\x{3068}\x{3001}"
          RenderRuby (inline) {RUBY} at (0,0) size 17x18
            RenderRubyRun (anonymous) at (1242,254) size 18x20
              RenderRubyText {RT} at (-10,0) size 10x20
                RenderText {#text} at (0,0) size 10x20
                  text run at (0,0) width 20: "\x{307F}\x{3061}"
              RenderRubyBase (anonymous) at (0,0) size 18x20
                RenderInline {RB} at (0,0) size 17x18
                  RenderText {#text} at (0,1) size 17x18
                    text run at (0,1) width 17: "\x{8DEF}"
          RenderText {#text} at (1242,273) size 44x485
            text run at (1242,273) width 212: "\x{304B}\x{3089}\x{5DE6}\x{306E}\x{65B9}\x{306B}\x{30D0}\x{30B1}\x{30C4}\x{3092}\x{4F0F}\x{305B}"
            text run at (1269,0) width 102: "\x{305F}\x{3088}\x{3046}\x{306A}\x{5CF0}\x{304C}"
          RenderRuby (inline) {RUBY} at (0,0) size 17x18
            RenderRubyRun (anonymous) at (1269,101) size 18x20
              RenderRubyText {RT} at (-10,0) size 10x20
                RenderText {#text} at (0,0) size 10x20
                  text run at (0,0) width 20: "\x{305D}\x{3073}"
              RenderRubyBase (anonymous) at (0,0) size 18x20
                RenderInline {RB} at (0,0) size 17x18
                  RenderText {#text} at (0,1) size 17x18
                    text run at (0,1) width 17: "\x{8073}"
          RenderText {#text} at (1269,120) size 17x119
            text run at (1269,120) width 119: "\x{3048}\x{3066}\x{3044}\x{308B}\x{3002}\x{6749}\x{304B}"
          RenderRuby (inline) {RUBY} at (0,0) size 17x27
            RenderRubyRun (anonymous) at (1269,235) size 18x35
              RenderRubyText {RT} at (-10,0) size 10x35
                RenderText {#text} at (0,0) size 10x35
                  text run at (0,0) width 35: "\x{3072}\x{306E}\x{304D}"
              RenderRubyBase (anonymous) at (0,0) size 18x35
                RenderInline {RB} at (0,0) size 17x17
                  RenderText {#text} at (0,9) size 17x17
                    text run at (0,9) width 17: "\x{6A9C}"
          RenderText {#text} at (1269,266) size 17x119
            text run at (1269,266) width 119: "\x{304B}\x{5206}\x{304B}\x{3089}\x{306A}\x{3044}\x{304C}"
          RenderRuby (inline) {RUBY} at (0,0) size 17x34
            RenderRubyRun (anonymous) at (1269,385) size 18x34
              RenderRubyText {RT} at (-10,0) size 10x34
                RenderText {#text} at (0,2) size 10x30
                  text run at (0,2) width 30: "\x{306D}\x{3082}\x{3068}"
              RenderRubyBase (anonymous) at (0,0) size 18x34
                RenderInline {RB} at (0,0) size 17x34
                  RenderText {#text} at (0,0) size 17x34
                    text run at (0,0) width 34: "\x{6839}\x{5143}"
          RenderText {#text} at (1269,419) size 17x34
            text run at (1269,419) width 34: "\x{304B}\x{3089}"
          RenderRuby (inline) {RUBY} at (0,0) size 17x26
            RenderRubyRun (anonymous) at (1269,449) size 18x30
              RenderRubyText {RT} at (-10,0) size 10x30
                RenderText {#text} at (0,0) size 10x30
                  text run at (0,0) width 30: "\x{3044}\x{305F}\x{3060}"
              RenderRubyBase (anonymous) at (0,0) size 18x30
                RenderInline {RB} at (0,0) size 17x18
                  RenderText {#text} at (0,6) size 17x18
                    text run at (0,6) width 17: "\x{9802}"
          RenderText {#text} at (1296,0) size 17x136
            text run at (1296,0) width 136: "\x{304D}\x{307E}\x{3067}\x{3053}\x{3068}\x{3054}\x{3068}\x{304F}"
          RenderRuby (inline) {RUBY} at (0,0) size 17x34
            RenderRubyRun (anonymous) at (1296,133) size 18x40
              RenderRubyText {RT} at (-10,0) size 10x40
                RenderText {#text} at (0,0) size 10x40
                  text run at (0,0) width 40: "\x{3042}\x{304A}\x{3050}\x{308D}"
              RenderRubyBase (anonymous) at (0,0) size 18x40
                RenderInline {RB} at (0,0) size 17x34
                  RenderText {#text} at (0,3) size 17x34
                    text run at (0,3) width 34: "\x{84BC}\x{9ED2}"
          RenderText {#text} at (1296,170) size 17x255
            text run at (1296,170) width 255: "\x{3044}\x{4E2D}\x{306B}\x{3001}\x{5C71}\x{685C}\x{304C}\x{8584}\x{8D64}\x{304F}\x{3060}\x{3093}\x{3060}\x{3089}\x{306B}"
          RenderRuby (inline) {RUBY} at (0,0) size 17x34
            RenderRubyRun (anonymous) at (1296,425) size 18x34
              RenderRubyText {RT} at (-10,0) size 10x34
                RenderText {#text} at (0,2) size 10x30
                  text run at (0,2) width 30: "\x{305F}\x{306A}\x{3073}"
              RenderRubyBase (anonymous) at (0,0) size 18x34
                RenderInline {RB} at (0,0) size 17x34
                  RenderText {#text} at (0,0) size 17x34
                    text run at (0,0) width 34: "\x{68DA}\x{5F15}"
          RenderText {#text} at (1296,459) size 44x476
            text run at (1296,459) width 17: "\x{3044}"
            text run at (1323,0) width 34: "\x{3066}\x{3001}"
          RenderRuby (inline) {RUBY} at (0,0) size 17x17
            RenderRubyRun (anonymous) at (1323,34) size 18x17
              RenderRubyText {RT} at (-10,0) size 10x17
                RenderText {#text} at (0,3) size 10x11
                  text run at (0,3) width 10: "\x{3064}"
              RenderRubyBase (anonymous) at (0,0) size 18x17
                RenderInline {RB} at (0,0) size 17x17
                  RenderText {#text} at (0,0) size 17x17
                    text run at (0,0) width 17: "\x{7D9A}"
          RenderText {#text} at (1323,51) size 17x17
            text run at (1323,51) width 17: "\x{304E}"
          RenderRuby (inline) {RUBY} at (0,0) size 17x17
            RenderRubyRun (anonymous) at (1323,68) size 18x17
              RenderRubyText {RT} at (-10,0) size 10x17
                RenderText {#text} at (0,3) size 10x11
                  text run at (0,3) width 10: "\x{3081}"
              RenderRubyBase (anonymous) at (0,0) size 18x17
                RenderInline {RB} at (0,0) size 17x17
                  RenderText {#text} at (0,0) size 17x17
                    text run at (0,0) width 17: "\x{76EE}"
          RenderText {#text} at (1323,85) size 17x17
            text run at (1323,85) width 17: "\x{304C}"
          RenderRuby (inline) {RUBY} at (0,0) size 17x18
            RenderRubyRun (anonymous) at (1323,101) size 18x20
              RenderRubyText {RT} at (-10,0) size 10x20
                RenderText {#text} at (0,0) size 10x20
                  text run at (0,0) width 20: "\x{3057}\x{304B}"
              RenderRubyBase (anonymous) at (0,0) size 18x20
                RenderInline {RB} at (0,0) size 17x18
                  RenderText {#text} at (0,1) size 17x18
                    text run at (0,1) width 17: "\x{78BA}"
          RenderText {#text} at (1323,120) size 17x119
            text run at (1323,120) width 119: "\x{3068}\x{898B}\x{3048}\x{306C}\x{304F}\x{3089}\x{3044}"
          RenderRuby (inline) {RUBY} at (0,0) size 17x18
            RenderRubyRun (anonymous) at (1323,238) size 18x20
              RenderRubyText {RT} at (-10,0) size 10x20
                RenderText {#text} at (0,0) size 10x20
                  text run at (0,0) width 20: "\x{3082}\x{3084}"
              RenderRubyBase (anonymous) at (0,0) size 18x20
                RenderInline {RB} at (0,0) size 17x18
                  RenderText {#text} at (0,1) size 17x18
                    text run at (0,1) width 17: "\x{9744}"
          RenderText {#text} at (1323,257) size 17x153
            text run at (1323,257) width 153: "\x{304C}\x{6FC3}\x{3044}\x{3002}\x{5C11}\x{3057}\x{624B}\x{524D}\x{306B}"
          RenderRuby (inline) {RUBY} at (0,0) size 17x34
            RenderRubyRun (anonymous) at (1323,407) size 18x40
              RenderRubyText {RT} at (-10,0) size 10x40
                RenderText {#text} at (0,0) size 10x40
                  text run at (0,0) width 40: "\x{306F}\x{3052}\x{3084}\x{307E}"
              RenderRubyBase (anonymous) at (0,0) size 18x40
                RenderInline {RB} at (0,0) size 17x34
                  RenderText {#text} at (0,3) size 17x34
                    text run at (0,3) width 34: "\x{79BF}\x{5C71}"
          RenderText {#text} at (1323,444) size 44x478
            text run at (1323,444) width 34: "\x{304C}\x{4E00}"
            text run at (1350,0) width 34: "\x{3064}\x{3001}"
          RenderRuby (inline) {RUBY} at (0,0) size 17x18
            RenderRubyRun (anonymous) at (1350,33) size 18x20
              RenderRubyText {RT} at (-10,0) size 10x20
                RenderText {#text} at (0,0) size 10x20
                  text run at (0,0) width 20: "\x{3050}\x{3093}"
              RenderRubyBase (anonymous) at (0,0) size 18x20
                RenderInline {RB} at (0,0) size 17x18
                  RenderText {#text} at (0,1) size 17x18
                    text run at (0,1) width 17: "\x{7FA4}"
          RenderText {#text} at (1350,52) size 17x102
            text run at (1350,52) width 102: "\x{3092}\x{306C}\x{304D}\x{3093}\x{3067}\x{3066}"
          RenderRuby (inline) {RUBY} at (0,0) size 17x18
            RenderRubyRun (anonymous) at (1350,153) size 18x20
              RenderRubyText {RT} at (-10,0) size 10x20
                RenderText {#text} at (0,0) size 10x20
                  text run at (0,0) width 20: "\x{307E}\x{3086}"
              RenderRubyBase (anonymous) at (0,0) size 18x20
                RenderInline {RB} at (0,0) size 17x18
                  RenderText {#text} at (0,1) size 17x18
                    text run at (0,1) width 17: "\x{7709}"
          RenderText {#text} at (1350,172) size 17x17
            text run at (1350,172) width 17: "\x{306B}"
          RenderRuby (inline) {RUBY} at (0,0) size 17x18
            RenderRubyRun (anonymous) at (1350,188) size 18x20
              RenderRubyText {RT} at (-10,0) size 10x20
                RenderText {#text} at (0,0) size 10x20
                  text run at (0,0) width 20: "\x{305B}\x{307E}"
              RenderRubyBase (anonymous) at (0,0) size 18x20
                RenderInline {RB} at (0,0) size 17x18
                  RenderText {#text} at (0,1) size 17x18
                    text run at (0,1) width 17: "\x{903C}"
          RenderText {#text} at (1350,207) size 17x34
            text run at (1350,207) width 34: "\x{308B}\x{3002}"
          RenderRuby (inline) {RUBY} at (0,0) size 17x17
            RenderRubyRun (anonymous) at (1350,241) size 18x17
              RenderRubyText {RT} at (-10,0) size 10x17
                RenderText {#text} at (0,3) size 10x11
                  text run at (0,3) width 10: "\x{306F}"
              RenderRubyBase (anonymous) at (0,0) size 18x17
                RenderInline {RB} at (0,0) size 17x17
                  RenderText {#text} at (0,0) size 17x17
                    text run at (0,0) width 17: "\x{79BF}"
          RenderText {#text} at (1350,258) size 17x144
            text run at (1350,258) width 144: "\x{3052}\x{305F}\x{5074}\x{9762}\x{306F}\x{5DE8}\x{4EBA}\x{306E}"
          RenderRuby (inline) {RUBY} at (0,0) size 17x17
            RenderRubyRun (anonymous) at (1350,398) size 18x25
              RenderRubyText {RT} at (-10,0) size 10x25
                RenderText {#text} at (0,0) size 10x25
                  text run at (0,0) width 25: "\x{304A}\x{306E}"
              RenderRubyBase (anonymous) at (0,0) size 18x25
                RenderInline {RB} at (0,0) size 17x17
                  RenderText {#text} at (0,4) size 17x17
                    text run at (0,4) width 17: "\x{65A7}"
          RenderText {#text} at (1350,419) size 17x17
            text run at (1350,419) width 17: "\x{3067}"
          RenderRuby (inline) {RUBY} at (0,0) size 17x18
            RenderRubyRun (anonymous) at (1350,435) size 18x20
              RenderRubyText {RT} at (-10,0) size 10x20
                RenderText {#text} at (0,0) size 10x20
                  text run at (0,0) width 20: "\x{3051}\x{305A}"
              RenderRubyBase (anonymous) at (0,0) size 18x20
                RenderInline {RB} at (0,0) size 17x18
                  RenderText {#text} at (0,1) size 17x18
                    text run at (0,1) width 17: "\x{524A}"
          RenderText {#text} at (1350,454) size 44x471
            text run at (1350,454) width 17: "\x{308A}"
            text run at (1377,0) width 314: "\x{53BB}\x{3063}\x{305F}\x{304B}\x{3001}\x{92ED}\x{3069}\x{304D}\x{5E73}\x{9762}\x{3092}\x{3084}\x{3051}\x{306B}\x{8C37}\x{306E}\x{5E95}\x{306B}"
          RenderRuby (inline) {RUBY} at (0,0) size 17x18
            RenderRubyRun (anonymous) at (1377,313) size 18x20
              RenderRubyText {RT} at (-10,0) size 10x20
                RenderText {#text} at (0,0) size 10x20
                  text run at (0,0) width 20: "\x{3046}\x{305A}"
              RenderRubyBase (anonymous) at (0,0) size 18x20
                RenderInline {RB} at (0,0) size 17x18
                  RenderText {#text} at (0,1) size 17x18
                    text run at (0,1) width 17: "\x{57CB}"
          RenderText {#text} at (1377,332) size 17x85
            text run at (1377,332) width 85: "\x{3081}\x{3066}\x{3044}\x{308B}\x{3002}"
          RenderRuby (inline) {RUBY} at (0,0) size 17x34
            RenderRubyRun (anonymous) at (1377,414) size 18x40
              RenderRubyText {RT} at (-10,0) size 10x40
                RenderText {#text} at (0,0) size 10x40
                  text run at (0,0) width 40: "\x{3066}\x{3063}\x{307A}\x{3093}"
              RenderRubyBase (anonymous) at (0,0) size 18x40
                RenderInline {RB} at (0,0) size 17x34
                  RenderText {#text} at (0,3) size 17x34
                    text run at (0,3) width 34: "\x{5929}\x{8FBA}"
          RenderText {#text} at (1377,451) size 44x485
            text run at (1377,451) width 34: "\x{306B}\x{4E00}"
            text run at (1404,0) width 347: "\x{672C}\x{898B}\x{3048}\x{308B}\x{306E}\x{306F}\x{8D64}\x{677E}\x{3060}\x{308D}\x{3046}\x{3002}\x{679D}\x{306E}\x{9593}\x{306E}\x{7A7A}\x{3055}\x{3048}"
          RenderRuby (inline) {RUBY} at (0,0) size 17x34
            RenderRubyRun (anonymous) at (1404,344) size 18x40
              RenderRubyText {RT} at (-10,0) size 10x40
                RenderText {#text} at (0,0) size 10x40
                  text run at (0,0) width 40: "\x{306F}\x{3063}\x{304D}\x{308A}"
              RenderRubyBase (anonymous) at (0,0) size 18x40
                RenderInline {RB} at (0,0) size 17x34
                  RenderText {#text} at (0,3) size 17x34
                    text run at (0,3) width 34: "\x{5224}\x{7136}"
          RenderText {#text} at (1404,381) size 44x483
            text run at (1404,381) width 102: "\x{3057}\x{3066}\x{3044}\x{308B}\x{3002}\x{884C}"
            text run at (1431,0) width 374: "\x{304F}\x{624B}\x{306F}\x{4E8C}\x{4E01}\x{307B}\x{3069}\x{3067}\x{5207}\x{308C}\x{3066}\x{3044}\x{308B}\x{304C}\x{3001}\x{9AD8}\x{3044}\x{6240}\x{304B}\x{3089}\x{8D64}\x{3044}"
          RenderRuby (inline) {RUBY} at (0,0) size 17x34
            RenderRubyRun (anonymous) at (1431,374) size 18x34
              RenderRubyText {RT} at (-10,0) size 10x34
                RenderText {#text} at (0,2) size 10x30
                  text run at (0,2) width 30: "\x{3051}\x{3063}\x{3068}"
              RenderRubyBase (anonymous) at (0,0) size 18x34
                RenderInline {RB} at (0,0) size 17x34
                  RenderText {#text} at (0,0) size 17x34
                    text run at (0,0) width 34: "\x{6BDB}\x{5E03}"
          RenderText {#text} at (1431,408) size 62x476
            text run at (1431,408) width 68: "\x{304C}\x{52D5}\x{3044}\x{3066}"
            text run at (1449,0) width 475: "\x{6765}\x{308B}\x{306E}\x{3092}\x{898B}\x{308B}\x{3068}\x{3001}\x{767B}\x{308C}\x{3070}\x{3042}\x{3059}\x{3053}\x{3078}\x{51FA}\x{308B}\x{306E}\x{3060}\x{308D}\x{3046}\x{3002}\x{8DEF}\x{306F}\x{3059}\x{3053}\x{3076}"
            text run at (1476,0) width 17: "\x{308B}"
          RenderRuby (inline) {RUBY} at (0,0) size 17x34
            RenderRubyRun (anonymous) at (1476,17) size 18x34
              RenderRubyText {RT} at (-10,0) size 10x34
                RenderText {#text} at (0,2) size 10x30
                  text run at (0,2) width 30: "\x{306A}\x{3093}\x{304E}"
              RenderRubyBase (anonymous) at (0,0) size 18x34
                RenderInline {RB} at (0,0) size 17x34
                  RenderText {#text} at (0,0) size 17x34
                    text run at (0,0) width 34: "\x{96E3}\x{7FA9}"
          RenderText {#text} at (1476,51) size 17x34
            text run at (1476,51) width 34: "\x{3060}\x{3002}"
          RenderBR {BR} at (1476,85) size 17x0
          RenderText {#text} at (1503,0) size 17x221
            text run at (1503,0) width 221: "\x{3000}\x{571F}\x{3092}\x{306A}\x{3089}\x{3059}\x{3060}\x{3051}\x{306A}\x{3089}\x{3055}\x{307B}\x{3069}"
          RenderRuby (inline) {RUBY} at (0,0) size 17x34
            RenderRubyRun (anonymous) at (1503,221) size 18x34
              RenderRubyText {RT} at (-10,0) size 10x34
                RenderText {#text} at (0,7) size 10x20
                  text run at (0,7) width 20: "\x{3066}\x{307E}"
              RenderRubyBase (anonymous) at (0,0) size 18x34
                RenderInline {RB} at (0,0) size 17x34
                  RenderText {#text} at (0,0) size 17x34
                    text run at (0,0) width 34: "\x{624B}\x{9593}"
          RenderText {#text} at (1503,255) size 17x17
            text run at (1503,255) width 17: "\x{3082}"
          RenderRuby (inline) {RUBY} at (0,0) size 17x17
            RenderRubyRun (anonymous) at (1503,272) size 18x17
              RenderRubyText {RT} at (-10,0) size 10x17
                RenderText {#text} at (0,3) size 10x11
                  text run at (0,3) width 10: "\x{3044}"
              RenderRubyBase (anonymous) at (0,0) size 18x17
                RenderInline {RB} at (0,0) size 17x17
                  RenderText {#text} at (0,0) size 17x17
                    text run at (0,0) width 17: "\x{5165}"
          RenderText {#text} at (1503,289) size 44x484
            text run at (1503,289) width 195: "\x{308B}\x{307E}\x{3044}\x{304C}\x{3001}\x{571F}\x{306E}\x{4E2D}\x{306B}\x{306F}\x{5927}"
            text run at (1530,0) width 153: "\x{304D}\x{306A}\x{77F3}\x{304C}\x{3042}\x{308B}\x{3002}\x{571F}\x{306F}"
          RenderRuby (inline) {RUBY} at (0,0) size 17x18
            RenderRubyRun (anonymous) at (1530,152) size 18x20
              RenderRubyText {RT} at (-10,0) size 10x20
                RenderText {#text} at (0,0) size 10x20
                  text run at (0,0) width 20: "\x{305F}\x{3044}"
              RenderRubyBase (anonymous) at (0,0) size 18x20
                RenderInline {RB} at (0,0) size 17x18
                  RenderText {#text} at (0,1) size 17x18
                    text run at (0,1) width 17: "\x{5E73}"
          RenderText {#text} at (1530,171) size 44x477
            text run at (1530,171) width 306: "\x{3089}\x{306B}\x{3057}\x{3066}\x{3082}\x{77F3}\x{306F}\x{5E73}\x{3089}\x{306B}\x{306A}\x{3089}\x{306C}\x{3002}\x{77F3}\x{306F}\x{5207}\x{308A}"
            text run at (1557,0) width 238: "\x{7815}\x{3044}\x{3066}\x{3082}\x{3001}\x{5CA9}\x{306F}\x{59CB}\x{672B}\x{304C}\x{3064}\x{304B}\x{306C}\x{3002}"
          RenderRuby (inline) {RUBY} at (0,0) size 17x34
            RenderRubyRun (anonymous) at (1557,235) size 18x40
              RenderRubyText {RT} at (-10,0) size 10x40
                RenderText {#text} at (0,0) size 10x40
                  text run at (0,0) width 40: "\x{307B}\x{308A}\x{304F}\x{305A}"
              RenderRubyBase (anonymous) at (0,0) size 18x40
                RenderInline {RB} at (0,0) size 17x34
                  RenderText {#text} at (0,3) size 17x34
                    text run at (0,3) width 34: "\x{6398}\x{5D29}"
          RenderText {#text} at (1557,272) size 17x110
            text run at (1557,272) width 110: "\x{3057}\x{305F}\x{571F}\x{306E}\x{4E0A}\x{306B}"
          RenderRuby (inline) {RUBY} at (0,0) size 17x34
            RenderRubyRun (anonymous) at (1557,379) size 18x40
              RenderRubyText {RT} at (-10,0) size 10x40
                RenderText {#text} at (0,0) size 10x40
                  text run at (0,0) width 40: "\x{3086}\x{3046}\x{305C}\x{3093}"
              RenderRubyBase (anonymous) at (0,0) size 18x40
                RenderInline {RB} at (0,0) size 17x34
                  RenderText {#text} at (0,3) size 17x34
                    text run at (0,3) width 34: "\x{60A0}\x{7136}"
          RenderText {#text} at (1557,416) size 17x17
            text run at (1557,416) width 17: "\x{3068}"
          RenderRuby (inline) {RUBY} at (0,0) size 17x22
            RenderRubyRun (anonymous) at (1557,429) size 18x30
              RenderRubyText {RT} at (-10,0) size 10x30
                RenderText {#text} at (0,0) size 10x30
                  text run at (0,0) width 30: "\x{305D}\x{3070}\x{3060}"
              RenderRubyBase (anonymous) at (0,0) size 18x30
                RenderInline {RB} at (0,0) size 17x18
                  RenderText {#text} at (0,6) size 17x18
                    text run at (0,6) width 17: "\x{5CD9}"
          RenderText {#text} at (1557,455) size 44x472
            text run at (1557,455) width 17: "\x{3063}"
            text run at (1584,0) width 212: "\x{3066}\x{3001}\x{543E}\x{3089}\x{306E}\x{305F}\x{3081}\x{306B}\x{9053}\x{3092}\x{8B72}\x{308B}"
          RenderRuby (inline) {RUBY} at (0,0) size 17x34
            RenderRubyRun (anonymous) at (1584,212) size 18x34
              RenderRubyText {RT} at (-10,0) size 10x34
                RenderText {#text} at (0,2) size 10x30
                  text run at (0,2) width 30: "\x{3051}\x{3057}\x{304D}"
              RenderRubyBase (anonymous) at (0,0) size 18x34
                RenderInline {RB} at (0,0) size 17x34
                  RenderText {#text} at (0,0) size 17x34
                    text run at (0,0) width 34: "\x{666F}\x{8272}"
          RenderText {#text} at (1584,246) size 44x484
            text run at (1584,246) width 238: "\x{306F}\x{306A}\x{3044}\x{3002}\x{5411}\x{3046}\x{3067}\x{805E}\x{304B}\x{306C}\x{4E0A}\x{306F}\x{4E57}\x{308A}"
            text run at (1611,0) width 238: "\x{8D8A}\x{3059}\x{304B}\x{3001}\x{5EFB}\x{3089}\x{306A}\x{3051}\x{308C}\x{3070}\x{306A}\x{3089}\x{3093}\x{3002}"
          RenderRuby (inline) {RUBY} at (0,0) size 17x18
            RenderRubyRun (anonymous) at (1611,237) size 18x20
              RenderRubyText {RT} at (-10,0) size 10x20
                RenderText {#text} at (0,0) size 10x20
                  text run at (0,0) width 20: "\x{3044}\x{308F}"
              RenderRubyBase (anonymous) at (0,0) size 18x20
                RenderInline {RB} at (0,0) size 17x18
                  RenderText {#text} at (0,1) size 17x18
                    text run at (0,1) width 17: "\x{5DCC}"
          RenderText {#text} at (1611,256) size 17x127
            text run at (1611,256) width 127: "\x{306E}\x{306A}\x{3044}\x{6240}\x{3067}\x{3055}\x{3048}"
          RenderRuby (inline) {RUBY} at (0,0) size 17x17
            RenderRubyRun (anonymous) at (1611,383) size 18x17
              RenderRubyText {RT} at (-10,0) size 10x17
                RenderText {#text} at (0,3) size 10x11
                  text run at (0,3) width 10: "\x{3042}"
              RenderRubyBase (anonymous) at (0,0) size 18x17
                RenderInline {RB} at (0,0) size 17x17
                  RenderText {#text} at (0,0) size 17x17
                    text run at (0,0) width 17: "\x{6B69}"
          RenderText {#text} at (1611,400) size 44x485
            text run at (1611,400) width 85: "\x{308B}\x{304D}\x{3088}\x{304F}\x{306F}"
            text run at (1638,0) width 238: "\x{306A}\x{3044}\x{3002}\x{5DE6}\x{53F3}\x{304C}\x{9AD8}\x{304F}\x{3063}\x{3066}\x{3001}\x{4E2D}\x{5FC3}\x{304C}"
          RenderRuby (inline) {RUBY} at (0,0) size 17x18
            RenderRubyRun (anonymous) at (1638,237) size 18x20
              RenderRubyText {RT} at (-10,0) size 10x20
                RenderText {#text} at (0,0) size 10x20
                  text run at (0,0) width 20: "\x{304F}\x{307C}"
              RenderRubyBase (anonymous) at (0,0) size 18x20
                RenderInline {RB} at (0,0) size 17x18
                  RenderText {#text} at (0,1) size 17x18
                    text run at (0,1) width 17: "\x{7AAA}"
          RenderText {#text} at (1638,256) size 17x136
            text run at (1638,256) width 136: "\x{3093}\x{3067}\x{3001}\x{307E}\x{308B}\x{3067}\x{4E00}\x{9593}"
          RenderRuby (inline) {RUBY} at (0,0) size 17x18
            RenderRubyRun (anonymous) at (1638,391) size 18x20
              RenderRubyText {RT} at (-10,0) size 10x20
                RenderText {#text} at (0,0) size 10x20
                  text run at (0,0) width 20: "\x{306F}\x{3070}"
              RenderRubyBase (anonymous) at (0,0) size 18x20
                RenderInline {RB} at (0,0) size 17x18
                  RenderText {#text} at (0,1) size 17x18
                    text run at (0,1) width 17: "\x{5E45}"
          RenderText {#text} at (1638,410) size 17x68
            text run at (1638,410) width 68: "\x{3092}\x{4E09}\x{89D2}\x{306B}"
          RenderRuby (inline) {RUBY} at (0,0) size 17x17
            RenderRubyRun (anonymous) at (1665,0) size 18x17
              RenderRubyText {RT} at (-10,0) size 10x17
                RenderText {#text} at (0,3) size 10x11
                  text run at (0,3) width 10: "\x{304F}"
              RenderRubyBase (anonymous) at (0,0) size 18x17
                RenderInline {RB} at (0,0) size 17x17
                  RenderText {#text} at (0,0) size 17x17
                    text run at (0,0) width 17: "\x{7A7F}"
          RenderText {#text} at (1665,17) size 17x144
            text run at (1665,17) width 144: "\x{3063}\x{3066}\x{3001}\x{305D}\x{306E}\x{9802}\x{70B9}\x{304C}"
          RenderRuby (inline) {RUBY} at (0,0) size 17x34
            RenderRubyRun (anonymous) at (1665,158) size 18x40
              RenderRubyText {RT} at (-10,0) size 10x40
                RenderText {#text} at (0,0) size 10x40
                  text run at (0,0) width 40: "\x{307E}\x{3093}\x{306A}\x{304B}"
              RenderRubyBase (anonymous) at (0,0) size 18x40
                RenderInline {RB} at (0,0) size 17x34
                  RenderText {#text} at (0,3) size 17x34
                    text run at (0,3) width 34: "\x{771F}\x{4E2D}"
          RenderText {#text} at (1665,195) size 17x17
            text run at (1665,195) width 17: "\x{3092}"
          RenderRuby (inline) {RUBY} at (0,0) size 17x22
            RenderRubyRun (anonymous) at (1665,208) size 18x30
              RenderRubyText {RT} at (-10,0) size 10x30
                RenderText {#text} at (0,0) size 10x30
                  text run at (0,0) width 30: "\x{3064}\x{3089}\x{306C}"
              RenderRubyBase (anonymous) at (0,0) size 18x30
                RenderInline {RB} at (0,0) size 17x18
                  RenderText {#text} at (0,6) size 17x18
                    text run at (0,6) width 17: "\x{8CAB}"
          RenderText {#text} at (1665,234) size 44x489
            text run at (1665,234) width 255: "\x{3044}\x{3066}\x{3044}\x{308B}\x{3068}\x{8A55}\x{3057}\x{3066}\x{3082}\x{3088}\x{3044}\x{3002}\x{8DEF}\x{3092}\x{884C}"
            text run at (1692,0) width 170: "\x{304F}\x{3068}\x{4E91}\x{308F}\x{3093}\x{3088}\x{308A}\x{5DDD}\x{5E95}\x{3092}"
          RenderRuby (inline) {RUBY} at (0,0) size 17x18
            RenderRubyRun (anonymous) at (1692,169) size 18x20
              RenderRubyText {RT} at (-10,0) size 10x20
                RenderText {#text} at (0,0) size 10x20
                  text run at (0,0) width 20: "\x{308F}\x{305F}"
              RenderRubyBase (anonymous) at (0,0) size 18x20
                RenderInline {RB} at (0,0) size 17x18
                  RenderText {#text} at (0,1) size 17x18
                    text run at (0,1) width 17: "\x{6E09}"
          RenderText {#text} at (1692,188) size 17x170
            text run at (1692,188) width 170: "\x{308B}\x{3068}\x{4E91}\x{3046}\x{65B9}\x{304C}\x{9069}\x{5F53}\x{3060}\x{3002}"
          RenderRuby (inline) {RUBY} at (0,0) size 17x18
            RenderRubyRun (anonymous) at (1692,357) size 18x20
              RenderRubyText {RT} at (-10,0) size 10x20
                RenderText {#text} at (0,0) size 10x20
                  text run at (0,0) width 20: "\x{3082}\x{3068}"
              RenderRubyBase (anonymous) at (0,0) size 18x20
                RenderInline {RB} at (0,0) size 17x18
                  RenderText {#text} at (0,1) size 17x18
                    text run at (0,1) width 17: "\x{56FA}"
          RenderText {#text} at (1692,376) size 44x478
            text run at (1692,376) width 102: "\x{3088}\x{308A}\x{6025}\x{3050}\x{65C5}\x{3067}"
            text run at (1719,0) width 170: "\x{306A}\x{3044}\x{304B}\x{3089}\x{3001}\x{3076}\x{3089}\x{3076}\x{3089}\x{3068}"
          RenderRuby (inline) {RUBY} at (0,0) size 17x34
            RenderRubyRun (anonymous) at (1719,167) size 18x40
              RenderRubyText {RT} at (-10,0) size 10x40
                RenderText {#text} at (0,0) size 10x40
                  text run at (0,0) width 40: "\x{306A}\x{306A}\x{307E}\x{304C}"
              RenderRubyBase (anonymous) at (0,0) size 18x40
                RenderInline {RB} at (0,0) size 17x34
                  RenderText {#text} at (0,3) size 17x34
                    text run at (0,3) width 34: "\x{4E03}\x{66F2}"
          RenderText {#text} at (1719,204) size 17x102
            text run at (1719,204) width 102: "\x{308A}\x{3078}\x{304B}\x{304B}\x{308B}\x{3002}"
          RenderBR {BR} at (1719,306) size 17x0
          RenderText {#text} at (1746,0) size 17x161
            text run at (1746,0) width 161: "\x{3000}\x{305F}\x{3061}\x{307E}\x{3061}\x{8DB3}\x{306E}\x{4E0B}\x{3067}"
          RenderRuby (inline) {RUBY} at (0,0) size 17x34
            RenderRubyRun (anonymous) at (1746,161) size 18x34
              RenderRubyText {RT} at (-10,0) size 10x34
                RenderText {#text} at (0,2) size 10x30
                  text run at (0,2) width 30: "\x{3072}\x{3070}\x{308A}"
              RenderRubyBase (anonymous) at (0,0) size 18x34
                RenderInline {RB} at (0,0) size 17x34
                  RenderText {#text} at (0,0) size 17x34
                    text run at (0,0) width 34: "\x{96F2}\x{96C0}"
          RenderText {#text} at (1746,195) size 17x178
            text run at (1746,195) width 178: "\x{306E}\x{58F0}\x{304C}\x{3057}\x{51FA}\x{3057}\x{305F}\x{3002}\x{8C37}\x{3092}"
          RenderRuby (inline) {RUBY} at (0,0) size 17x34
            RenderRubyRun (anonymous) at (1746,373) size 18x34
              RenderRubyText {RT} at (-10,0) size 10x34
                RenderText {#text} at (0,2) size 10x30
                  text run at (0,2) width 30: "\x{307F}\x{304A}\x{308D}"
              RenderRubyBase (anonymous) at (0,0) size 18x34
                RenderInline {RB} at (0,0) size 17x34
                  RenderText {#text} at (0,0) size 17x34
                    text run at (0,0) width 34: "\x{898B}\x{4E0B}"
          RenderText {#text} at (1746,407) size 62x476
            text run at (1746,407) width 68: "\x{3057}\x{305F}\x{304C}\x{3001}"
            text run at (1764,0) width 476: "\x{3069}\x{3053}\x{3067}\x{9CF4}\x{3044}\x{3066}\x{308B}\x{304B}\x{5F71}\x{3082}\x{5F62}\x{3082}\x{898B}\x{3048}\x{306C}\x{3002}\x{305F}\x{3060}\x{58F0}\x{3060}\x{3051}\x{304C}\x{660E}\x{3089}\x{304B}\x{306B}\x{805E}\x{3048}"
            text run at (1791,0) width 102: "\x{308B}\x{3002}\x{305B}\x{3063}\x{305B}\x{3068}"
          RenderRuby (inline) {RUBY} at (0,0) size 17x18
            RenderRubyRun (anonymous) at (1791,101) size 18x20
              RenderRubyText {RT} at (-10,0) size 10x20
                RenderText {#text} at (0,0) size 10x20
                  text run at (0,0) width 20: "\x{305B}\x{308F}"
              RenderRubyBase (anonymous) at (0,0) size 18x20
                RenderInline {RB} at (0,0) size 17x18
                  RenderText {#text} at (0,1) size 17x18
                    text run at (0,1) width 17: "\x{5FD9}"
          RenderText {#text} at (1791,120) size 17x51
            text run at (1791,120) width 51: "\x{3057}\x{304F}\x{3001}"
          RenderRuby (inline) {RUBY} at (0,0) size 17x34
            RenderRubyRun (anonymous) at (1791,171) size 18x34
              RenderRubyText {RT} at (-10,0) size 10x34
                RenderText {#text} at (0,2) size 10x30
                  text run at (0,2) width 30: "\x{305F}\x{3048}\x{307E}"
              RenderRubyBase (anonymous) at (0,0) size 18x34
                RenderInline {RB} at (0,0) size 17x34
                  RenderText {#text} at (0,0) size 17x34
                    text run at (0,0) width 34: "\x{7D76}\x{9593}"
          RenderText {#text} at (1791,205) size 17x136
            text run at (1791,205) width 136: "\x{306A}\x{304F}\x{9CF4}\x{3044}\x{3066}\x{3044}\x{308B}\x{3002}"
          RenderRuby (inline) {RUBY} at (0,0) size 17x51
            RenderRubyRun (anonymous) at (1791,341) size 18x51
              RenderRubyText {RT} at (-10,0) size 10x51
                RenderText {#text} at (0,0) size 10x51
                  text run at (0,0) width 50: "\x{307B}\x{3046}\x{3044}\x{304F}\x{308A}"
              RenderRubyBase (anonymous) at (0,0) size 18x51
                RenderInline {RB} at (0,0) size 17x51
                  RenderText {#text} at (0,0) size 17x51
                    text run at (0,0) width 51: "\x{65B9}\x{5E7E}\x{91CC}"
          RenderText {#text} at (1791,392) size 44x485
            text run at (1791,392) width 93: "\x{306E}\x{7A7A}\x{6C17}\x{304C}\x{4E00}"
            text run at (1818,0) width 34: "\x{9762}\x{306B}"
          RenderRuby (inline) {RUBY} at (0,0) size 17x17
            RenderRubyRun (anonymous) at (1818,30) size 18x25
              RenderRubyText {RT} at (-10,0) size 10x25
                RenderText {#text} at (0,0) size 10x25
                  text run at (0,0) width 25: "\x{306E}\x{307F}"
              RenderRubyBase (anonymous) at (0,0) size 18x25
                RenderInline {RB} at (0,0) size 17x17
                  RenderText {#text} at (0,4) size 17x17
                    text run at (0,4) width 17: "\x{86A4}"
          RenderText {#text} at (1818,51) size 44x475
            text run at (1818,51) width 424: "\x{306B}\x{523A}\x{3055}\x{308C}\x{3066}\x{3044}\x{305F}\x{305F}\x{307E}\x{308C}\x{306A}\x{3044}\x{3088}\x{3046}\x{306A}\x{6C17}\x{304C}\x{3059}\x{308B}\x{3002}\x{3042}\x{306E}\x{9CE5}\x{306E}"
            text run at (1845,0) width 34: "\x{9CF4}\x{304F}"
          RenderRuby (inline) {RUBY} at (0,0) size 17x17
            RenderRubyRun (anonymous) at (1845,34) size 18x17
              RenderRubyText {RT} at (-10,0) size 10x17
                RenderText {#text} at (0,3) size 10x11
                  text run at (0,3) width 10: "\x{306D}"
              RenderRubyBase (anonymous) at (0,0) size 18x17
                RenderInline {RB} at (0,0) size 17x17
                  RenderText {#text} at (0,0) size 17x17
                    text run at (0,0) width 17: "\x{97F3}"
          RenderText {#text} at (1845,51) size 80x484
            text run at (1845,51) width 415: "\x{306B}\x{306F}\x{77AC}\x{6642}\x{306E}\x{4F59}\x{88D5}\x{3082}\x{306A}\x{3044}\x{3002}\x{306E}\x{3069}\x{304B}\x{306A}\x{6625}\x{306E}\x{65E5}\x{3092}\x{9CF4}\x{304D}\x{5C3D}\x{304F}"
            text run at (1863,0) width 459: "\x{3057}\x{3001}\x{9CF4}\x{304D}\x{3042}\x{304B}\x{3057}\x{3001}\x{307E}\x{305F}\x{9CF4}\x{304D}\x{66AE}\x{3089}\x{3055}\x{306A}\x{3051}\x{308C}\x{3070}\x{6C17}\x{304C}\x{6E08}\x{307E}\x{3093}\x{3068}\x{898B}\x{3048}"
            text run at (1881,0) width 484: "\x{308B}\x{3002}\x{305D}\x{306E}\x{4E0A}\x{3069}\x{3053}\x{307E}\x{3067}\x{3082}\x{767B}\x{3063}\x{3066}\x{884C}\x{304F}\x{3001}\x{3044}\x{3064}\x{307E}\x{3067}\x{3082}\x{767B}\x{3063}\x{3066}\x{884C}\x{304F}\x{3002}\x{96F2}"
            text run at (1908,0) width 382: "\x{96C0}\x{306F}\x{304D}\x{3063}\x{3068}\x{96F2}\x{306E}\x{4E2D}\x{3067}\x{6B7B}\x{306C}\x{306B}\x{76F8}\x{9055}\x{306A}\x{3044}\x{3002}\x{767B}\x{308A}\x{8A70}\x{3081}\x{305F}"
          RenderRuby (inline) {RUBY} at (0,0) size 17x34
            RenderRubyRun (anonymous) at (1908,382) size 18x34
              RenderRubyText {RT} at (-10,0) size 10x34
                RenderText {#text} at (0,2) size 10x30
                  text run at (0,2) width 30: "\x{3042}\x{3052}\x{304F}"
              RenderRubyBase (anonymous) at (0,0) size 18x34
                RenderInline {RB} at (0,0) size 17x34
                  RenderText {#text} at (0,0) size 17x34
                    text run at (0,0) width 34: "\x{63DA}\x{53E5}"
          RenderText {#text} at (1908,416) size 44x484
            text run at (1908,416) width 68: "\x{306F}\x{3001}\x{6D41}\x{308C}"
            text run at (1935,0) width 51: "\x{3066}\x{96F2}\x{306B}"
          RenderRuby (inline) {RUBY} at (0,0) size 17x17
            RenderRubyRun (anonymous) at (1935,51) size 18x17
              RenderRubyText {RT} at (-10,0) size 10x17
                RenderText {#text} at (0,3) size 10x11
                  text run at (0,3) width 10: "\x{3044}"
              RenderRubyBase (anonymous) at (0,0) size 18x17
                RenderInline {RB} at (0,0) size 17x17
                  RenderText {#text} at (0,0) size 17x17
                    text run at (0,0) width 17: "\x{5165}"
          RenderText {#text} at (1935,68) size 17x51
            text run at (1935,68) width 51: "\x{3063}\x{3066}\x{3001}"
          RenderRuby (inline) {RUBY} at (0,0) size 17x22
            RenderRubyRun (anonymous) at (1935,115) size 18x30
              RenderRubyText {RT} at (-10,0) size 10x30
                RenderText {#text} at (0,0) size 10x30
                  text run at (0,0) width 30: "\x{305F}\x{3060}\x{3088}"
              RenderRubyBase (anonymous) at (0,0) size 18x30
                RenderInline {RB} at (0,0) size 17x18
                  RenderText {#text} at (0,6) size 17x18
                    text run at (0,6) width 17: "\x{6F02}"
          RenderText {#text} at (1935,141) size 44x481
            text run at (1935,141) width 340: "\x{3046}\x{3066}\x{3044}\x{308B}\x{3046}\x{3061}\x{306B}\x{5F62}\x{306F}\x{6D88}\x{3048}\x{3066}\x{306A}\x{304F}\x{306A}\x{3063}\x{3066}\x{3001}\x{305F}\x{3060}"
            text run at (1962,0) width 110: "\x{58F0}\x{3060}\x{3051}\x{304C}\x{7A7A}\x{306E}"
          RenderRuby (inline) {RUBY} at (0,0) size 17x18
            RenderRubyRun (anonymous) at (1962,109) size 18x20
              RenderRubyText {RT} at (-10,0) size 10x20
                RenderText {#text} at (0,0) size 10x20
                  text run at (0,0) width 20: "\x{3046}\x{3061}"
              RenderRubyBase (anonymous) at (0,0) size 18x20
                RenderInline {RB} at (0,0) size 17x18
                  RenderText {#text} at (0,1) size 17x18
                    text run at (0,1) width 17: "\x{88E1}"
          RenderText {#text} at (1962,128) size 17x195
            text run at (1962,128) width 195: "\x{306B}\x{6B8B}\x{308B}\x{306E}\x{304B}\x{3082}\x{77E5}\x{308C}\x{306A}\x{3044}\x{3002}"
          RenderBR {BR} at (1962,323) size 17x0
          RenderText {#text} at (1989,0) size 17x17
            text run at (1989,0) width 17: "\x{3000}"
          RenderRuby (inline) {RUBY} at (0,0) size 17x34
            RenderRubyRun (anonymous) at (1989,14) size 18x40
              RenderRubyText {RT} at (-10,0) size 10x40
                RenderText {#text} at (0,0) size 10x40
                  text run at (0,0) width 40: "\x{3044}\x{308F}\x{304B}\x{3069}"
              RenderRubyBase (anonymous) at (0,0) size 18x40
                RenderInline {RB} at (0,0) size 17x34
                  RenderText {#text} at (0,3) size 17x34
                    text run at (0,3) width 34: "\x{5DCC}\x{89D2}"
          RenderText {#text} at (1989,51) size 17x136
            text run at (1989,51) width 136: "\x{3092}\x{92ED}\x{3069}\x{304F}\x{5EFB}\x{3063}\x{3066}\x{3001}"
          RenderRuby (inline) {RUBY} at (0,0) size 17x34
            RenderRubyRun (anonymous) at (1989,187) size 18x34
              RenderRubyText {RT} at (-10,0) size 10x34
                RenderText {#text} at (0,2) size 10x30
                  text run at (0,2) width 30: "\x{3042}\x{3093}\x{307E}"
              RenderRubyBase (anonymous) at (0,0) size 18x34
                RenderInline {RB} at (0,0) size 17x34
                  RenderText {#text} at (0,0) size 17x34
                    text run at (0,0) width 34: "\x{6309}\x{6469}"
          RenderText {#text} at (1989,221) size 17x34
            text run at (1989,221) width 34: "\x{306A}\x{3089}"
          RenderRuby (inline) {RUBY} at (0,0) size 17x52
            RenderRubyRun (anonymous) at (1989,251) size 18x60
              RenderRubyText {RT} at (-10,0) size 10x60
                RenderText {#text} at (0,0) size 10x60
                  text run at (0,0) width 60: "\x{307E}\x{3063}\x{3055}\x{304B}\x{3055}\x{307E}"
              RenderRubyBase (anonymous) at (0,0) size 18x60
                RenderInline {RB} at (0,0) size 17x52
                  RenderText {#text} at (0,4) size 17x52
                    text run at (0,4) width 51: "\x{771F}\x{9006}\x{69D8}"
          RenderText {#text} at (1989,307) size 17x153
            text run at (1989,307) width 153: "\x{306B}\x{843D}\x{3064}\x{308B}\x{3068}\x{3053}\x{308D}\x{3092}\x{3001}"
          RenderRuby (inline) {RUBY} at (0,0) size 17x19
            RenderRubyRun (anonymous) at (1989,459) size 18x20
              RenderRubyText {RT} at (-10,0) size 10x20
                RenderText {#text} at (0,0) size 10x20
                  text run at (0,0) width 20: "\x{304D}\x{308F}"
              RenderRubyBase (anonymous) at (0,0) size 18x20
                RenderInline {RB} at (0,0) size 17x18
                  RenderText {#text} at (0,1) size 17x18
                    text run at (0,1) width 17: "\x{969B}"
          RenderText {#text} at (2016,0) size 17x170
            text run at (2016,0) width 170: "\x{3069}\x{304F}\x{53F3}\x{3078}\x{5207}\x{308C}\x{3066}\x{3001}\x{6A2A}\x{306B}"
          RenderRuby (inline) {RUBY} at (0,0) size 17x34
            RenderRubyRun (anonymous) at (2016,170) size 18x34
              RenderRubyText {RT} at (-10,0) size 10x34
                RenderText {#text} at (0,2) size 10x30
                  text run at (0,2) width 30: "\x{307F}\x{304A}\x{308D}"
              RenderRubyBase (anonymous) at (0,0) size 18x34
                RenderInline {RB} at (0,0) size 17x34
                  RenderText {#text} at (0,0) size 17x34
                    text run at (0,0) width 34: "\x{898B}\x{4E0B}"
          RenderText {#text} at (2016,204) size 17x51
            text run at (2016,204) width 51: "\x{3059}\x{3068}\x{3001}"
          RenderRuby (inline) {RUBY} at (0,0) size 17x17
            RenderRubyRun (anonymous) at (2016,255) size 18x17
              RenderRubyText {RT} at (-10,0) size 10x17
                RenderText {#text} at (0,3) size 10x11
                  text run at (0,3) width 10: "\x{306A}"
              RenderRubyBase (anonymous) at (0,0) size 18x17
                RenderInline {RB} at (0,0) size 17x17
                  RenderText {#text} at (0,0) size 17x17
                    text run at (0,0) width 17: "\x{83DC}"
          RenderText {#text} at (2016,272) size 44x484
            text run at (2016,272) width 212: "\x{306E}\x{82B1}\x{304C}\x{4E00}\x{9762}\x{306B}\x{898B}\x{3048}\x{308B}\x{3002}\x{96F2}\x{96C0}"
            text run at (2043,0) width 373: "\x{306F}\x{3042}\x{3059}\x{3053}\x{3078}\x{843D}\x{3061}\x{308B}\x{306E}\x{304B}\x{3068}\x{601D}\x{3063}\x{305F}\x{3002}\x{3044}\x{3044}\x{3084}\x{3001}\x{3042}\x{306E}"
          RenderRuby (inline) {RUBY} at (0,0) size 17x34
            RenderRubyRun (anonymous) at (2043,373) size 18x34
              RenderRubyText {RT} at (-10,0) size 10x34
                RenderText {#text} at (0,2) size 10x30
                  text run at (0,2) width 30: "\x{3053}\x{304C}\x{306D}"
              RenderRubyBase (anonymous) at (0,0) size 18x34
                RenderInline {RB} at (0,0) size 17x34
                  RenderText {#text} at (0,0) size 17x34
                    text run at (0,0) width 34: "\x{9EC4}\x{91D1}"
          RenderText {#text} at (2043,407) size 44x483
            text run at (2043,407) width 76: "\x{306E}\x{539F}\x{304B}\x{3089}"
            text run at (2070,0) width 433: "\x{98DB}\x{3073}\x{4E0A}\x{304C}\x{3063}\x{3066}\x{304F}\x{308B}\x{306E}\x{304B}\x{3068}\x{601D}\x{3063}\x{305F}\x{3002}\x{6B21}\x{306B}\x{306F}\x{843D}\x{3061}\x{308B}\x{96F2}\x{96C0}\x{3068}\x{3001}"
          RenderRuby (inline) {RUBY} at (0,0) size 17x18
            RenderRubyRun (anonymous) at (2070,432) size 18x20
              RenderRubyText {RT} at (-10,0) size 10x20
                RenderText {#text} at (0,0) size 10x20
                  text run at (0,0) width 20: "\x{3042}\x{304C}"
              RenderRubyBase (anonymous) at (0,0) size 18x20
                RenderInline {RB} at (0,0) size 17x18
                  RenderText {#text} at (0,1) size 17x18
                    text run at (0,1) width 17: "\x{4E0A}"
          RenderText {#text} at (2070,451) size 17x17
            text run at (2070,451) width 17: "\x{308B}"
          RenderRuby (inline) {RUBY} at (0,0) size 17x34
            RenderRubyRun (anonymous) at (2097,0) size 18x34
              RenderRubyText {RT} at (-10,0) size 10x34
                RenderText {#text} at (0,2) size 10x30
                  text run at (0,2) width 30: "\x{3072}\x{3070}\x{308A}"
              RenderRubyBase (anonymous) at (0,0) size 18x34
                RenderInline {RB} at (0,0) size 17x34
                  RenderText {#text} at (0,0) size 17x34
                    text run at (0,0) width 34: "\x{96F2}\x{96C0}"
          RenderText {#text} at (2097,34) size 44x484
            text run at (2097,34) width 450: "\x{304C}\x{5341}\x{6587}\x{5B57}\x{306B}\x{3059}\x{308C}\x{9055}\x{3046}\x{306E}\x{304B}\x{3068}\x{601D}\x{3063}\x{305F}\x{3002}\x{6700}\x{5F8C}\x{306B}\x{3001}\x{843D}\x{3061}\x{308B}\x{6642}\x{3082}\x{3001}"
            text run at (2124,0) width 187: "\x{4E0A}\x{308B}\x{6642}\x{3082}\x{3001}\x{307E}\x{305F}\x{5341}\x{6587}\x{5B57}\x{306B}"
          RenderRuby (inline) {RUBY} at (0,0) size 17x17
            RenderRubyRun (anonymous) at (2124,187) size 18x17
              RenderRubyText {RT} at (-10,0) size 10x17
                RenderText {#text} at (0,3) size 10x11
                  text run at (0,3) width 10: "\x{3059}"
              RenderRubyBase (anonymous) at (0,0) size 18x17
                RenderInline {RB} at (0,0) size 17x17
                  RenderText {#text} at (0,0) size 17x17
                    text run at (0,0) width 17: "\x{64E6}"
          RenderText {#text} at (2124,204) size 35x476
            text run at (2124,204) width 272: "\x{308C}\x{9055}\x{3046}\x{3068}\x{304D}\x{306B}\x{3082}\x{5143}\x{6C17}\x{3088}\x{304F}\x{9CF4}\x{304D}\x{3064}\x{3065}\x{3051}"
            text run at (2142,0) width 153: "\x{308B}\x{3060}\x{308D}\x{3046}\x{3068}\x{601D}\x{3063}\x{305F}\x{3002}"
          RenderBR {BR} at (2142,153) size 17x0
          RenderText {#text} at (2169,0) size 17x204
            text run at (2169,0) width 204: "\x{3000}\x{6625}\x{306F}\x{7720}\x{304F}\x{306A}\x{308B}\x{3002}\x{732B}\x{306F}\x{9F20}\x{3092}"
          RenderRuby (inline) {RUBY} at (0,0) size 17x17
            RenderRubyRun (anonymous) at (2169,204) size 18x17
              RenderRubyText {RT} at (-10,0) size 10x17
                RenderText {#text} at (0,3) size 10x11
                  text run at (0,3) width 10: "\x{3068}"
              RenderRubyBase (anonymous) at (0,0) size 18x17
                RenderInline {RB} at (0,0) size 17x17
                  RenderText {#text} at (0,0) size 17x17
                    text run at (0,0) width 17: "\x{6355}"
          RenderText {#text} at (2169,221) size 44x484
            text run at (2169,221) width 263: "\x{308B}\x{4E8B}\x{3092}\x{5FD8}\x{308C}\x{3001}\x{4EBA}\x{9593}\x{306F}\x{501F}\x{91D1}\x{306E}\x{3042}\x{308B}\x{4E8B}"
            text run at (2196,0) width 195: "\x{3092}\x{5FD8}\x{308C}\x{308B}\x{3002}\x{6642}\x{306B}\x{306F}\x{81EA}\x{5206}\x{306E}"
          RenderRuby (inline) {RUBY} at (0,0) size 17x32
            RenderRubyRun (anonymous) at (2196,191) size 18x40
              RenderRubyText {RT} at (-10,0) size 10x40
                RenderText {#text} at (0,0) size 10x40
                  text run at (0,0) width 40: "\x{305F}\x{307E}\x{3057}\x{3044}"
              RenderRubyBase (anonymous) at (0,0) size 18x40
                RenderInline {RB} at (0,0) size 17x18
                  RenderText {#text} at (0,11) size 17x18
                    text run at (0,11) width 17: "\x{9B42}"
          RenderText {#text} at (2196,227) size 17x25
            text run at (2196,227) width 25: "\x{306E}"
          RenderRuby (inline) {RUBY} at (0,0) size 17x34
            RenderRubyRun (anonymous) at (2196,249) size 18x40
              RenderRubyText {RT} at (-10,0) size 10x40
                RenderText {#text} at (0,0) size 10x40
                  text run at (0,0) width 40: "\x{3044}\x{3069}\x{3053}\x{308D}"
              RenderRubyBase (anonymous) at (0,0) size 18x40
                RenderInline {RB} at (0,0) size 17x34
                  RenderText {#text} at (0,3) size 17x34
                    text run at (0,3) width 34: "\x{5C45}\x{6240}"
          RenderText {#text} at (2196,286) size 44x490
            text run at (2196,286) width 204: "\x{3055}\x{3048}\x{5FD8}\x{308C}\x{3066}\x{6B63}\x{4F53}\x{306A}\x{304F}\x{306A}\x{308B}\x{3002}"
            text run at (2223,0) width 280: "\x{305F}\x{3060}\x{83DC}\x{306E}\x{82B1}\x{3092}\x{9060}\x{304F}\x{671B}\x{3093}\x{3060}\x{3068}\x{304D}\x{306B}\x{773C}\x{304C}"
          RenderRuby (inline) {RUBY} at (0,0) size 17x17
            RenderRubyRun (anonymous) at (2223,280) size 18x17
              RenderRubyText {RT} at (-10,0) size 10x17
                RenderText {#text} at (0,3) size 10x11
                  text run at (0,3) width 10: "\x{3055}"
              RenderRubyBase (anonymous) at (0,0) size 18x17
                RenderInline {RB} at (0,0) size 17x17
                  RenderText {#text} at (0,0) size 17x17
                    text run at (0,0) width 17: "\x{9192}"
          RenderText {#text} at (2223,297) size 44x475
            text run at (2223,297) width 178: "\x{3081}\x{308B}\x{3002}\x{96F2}\x{96C0}\x{306E}\x{58F0}\x{3092}\x{805E}\x{3044}"
            text run at (2250,0) width 178: "\x{305F}\x{3068}\x{304D}\x{306B}\x{9B42}\x{306E}\x{3042}\x{308A}\x{304B}\x{304C}"
          RenderRuby (inline) {RUBY} at (0,0) size 17x34
            RenderRubyRun (anonymous) at (2250,175) size 18x40
              RenderRubyText {RT} at (-10,0) size 10x40
                RenderText {#text} at (0,0) size 10x40
                  text run at (0,0) width 40: "\x{306F}\x{3093}\x{305C}\x{3093}"
              RenderRubyBase (anonymous) at (0,0) size 18x40
                RenderInline {RB} at (0,0) size 17x34
                  RenderText {#text} at (0,3) size 17x34
                    text run at (0,3) width 34: "\x{5224}\x{7136}"
          RenderText {#text} at (2250,212) size 71x491
            text run at (2250,212) width 279: "\x{3059}\x{308B}\x{3002}\x{96F2}\x{96C0}\x{306E}\x{9CF4}\x{304F}\x{306E}\x{306F}\x{53E3}\x{3067}\x{9CF4}\x{304F}\x{306E}"
            text run at (2268,0) width 475: "\x{3067}\x{306F}\x{306A}\x{3044}\x{3001}\x{9B42}\x{5168}\x{4F53}\x{304C}\x{9CF4}\x{304F}\x{306E}\x{3060}\x{3002}\x{9B42}\x{306E}\x{6D3B}\x{52D5}\x{304C}\x{58F0}\x{306B}\x{3042}\x{3089}\x{308F}\x{308C}\x{305F}\x{3082}"
            text run at (2286,0) width 491: "\x{306E}\x{306E}\x{3046}\x{3061}\x{3067}\x{3001}\x{3042}\x{308C}\x{307B}\x{3069}\x{5143}\x{6C17}\x{306E}\x{3042}\x{308B}\x{3082}\x{306E}\x{306F}\x{306A}\x{3044}\x{3002}\x{3042}\x{3042}\x{6109}\x{5FEB}\x{3060}\x{3002}"
            text run at (2304,0) width 348: "\x{3053}\x{3046}\x{601D}\x{3063}\x{3066}\x{3001}\x{3053}\x{3046}\x{6109}\x{5FEB}\x{306B}\x{306A}\x{308B}\x{306E}\x{304C}\x{8A69}\x{3067}\x{3042}\x{308B}\x{3002}"
          RenderBR {BR} at (2304,348) size 17x0
          RenderText {#text} at (2322,0) size 44x483
            text run at (2322,0) width 483: "\x{3000}\x{305F}\x{3061}\x{307E}\x{3061}\x{30B7}\x{30A7}\x{30EC}\x{30FC}\x{306E}\x{96F2}\x{96C0}\x{306E}\x{8A69}\x{3092}\x{601D}\x{3044}\x{51FA}\x{3057}\x{3066}\x{3001}\x{53E3}\x{306E}\x{3046}\x{3061}\x{3067}\x{899A}"
            text run at (2349,0) width 119: "\x{3048}\x{305F}\x{3068}\x{3053}\x{308D}\x{3060}\x{3051}"
          RenderRuby (inline) {RUBY} at (0,0) size 17x42
            RenderRubyRun (anonymous) at (2349,115) size 18x50
              RenderRubyText {RT} at (-10,0) size 10x50
                RenderText {#text} at (0,0) size 10x50
                  text run at (0,0) width 50: "\x{3042}\x{3093}\x{3057}\x{3087}\x{3046}"
              RenderRubyBase (anonymous) at (0,0) size 18x50
                RenderInline {RB} at (0,0) size 17x34
                  RenderText {#text} at (0,8) size 17x34
                    text run at (0,8) width 34: "\x{6697}\x{8AA6}"
          RenderText {#text} at (2349,161) size 35x484
            text run at (2349,161) width 323: "\x{3057}\x{3066}\x{898B}\x{305F}\x{304C}\x{3001}\x{899A}\x{3048}\x{3066}\x{3044}\x{308B}\x{3068}\x{3053}\x{308D}\x{306F}\x{4E8C}\x{4E09}\x{53E5}\x{3057}"
            text run at (2367,0) width 415: "\x{304B}\x{306A}\x{304B}\x{3063}\x{305F}\x{3002}\x{305D}\x{306E}\x{4E8C}\x{4E09}\x{53E5}\x{306E}\x{306A}\x{304B}\x{306B}\x{3053}\x{3093}\x{306A}\x{306E}\x{304C}\x{3042}\x{308B}\x{3002}"
          RenderBR {BR} at (2367,415) size 17x0
        RenderBlock {DIV} at (2385,32) size 90x460
          RenderText {#text} at (0,0) size 17x191
            text run at (0,0) width 191: "\x{3000}\x{3000}We look before and after"
          RenderBR {BR} at (0,191) size 17x0
          RenderText {#text} at (18,0) size 17x226
            text run at (18,0) width 226: "\x{3000}\x{3000}\x{3000}\x{3000}And pine for what is not:"
          RenderBR {BR} at (18,226) size 17x0
          RenderText {#text} at (36,0) size 17x172
            text run at (36,0) width 172: "\x{3000}\x{3000}Our sincerest laughter"
          RenderBR {BR} at (36,172) size 17x0
          RenderText {#text} at (54,0) size 17x234
            text run at (54,0) width 234: "\x{3000}\x{3000}\x{3000}\x{3000}With some pain is fraught;"
          RenderBR {BR} at (54,234) size 17x0
          RenderText {#text} at (72,0) size 17x355
            text run at (72,0) width 355: "Our sweetest songs are those that tell of saddest thought."
          RenderBR {BR} at (72,355) size 17x0
        RenderBlock (anonymous) at (2475,0) size 1729x492
          RenderText {#text} at (10,0) size 17x119
            text run at (10,0) width 119: "\x{300C}\x{524D}\x{3092}\x{307F}\x{3066}\x{306F}\x{3001}"
          RenderRuby (inline) {RUBY} at (0,0) size 17x18
            RenderRubyRun (anonymous) at (10,118) size 18x20
              RenderRubyText {RT} at (-10,0) size 10x20
                RenderText {#text} at (0,0) size 10x20
                  text run at (0,0) width 20: "\x{3057}\x{308A}"
              RenderRubyBase (anonymous) at (0,0) size 18x20
                RenderInline {RB} at (0,0) size 17x18
                  RenderText {#text} at (0,1) size 17x18
                    text run at (0,1) width 17: "\x{5F8C}"
          RenderText {#text} at (10,137) size 17x102
            text run at (10,137) width 102: "\x{3048}\x{3092}\x{898B}\x{3066}\x{306F}\x{3001}"
          RenderRuby (inline) {RUBY} at (0,0) size 17x35
            RenderRubyRun (anonymous) at (10,239) size 18x35
              RenderRubyText {RT} at (-10,0) size 10x35
                RenderText {#text} at (0,0) size 10x35
                  text run at (0,0) width 35: "\x{3082}\x{306E}\x{307B}"
              RenderRubyBase (anonymous) at (0,0) size 18x35
                RenderInline {RB} at (0,0) size 17x35
                  RenderText {#text} at (0,0) size 17x35
                    text run at (0,0) width 34: "\x{7269}\x{6B32}"
          RenderText {#text} at (10,274) size 62x475
            text run at (10,274) width 187: "\x{3057}\x{3068}\x{3001}\x{3042}\x{3053}\x{304C}\x{308B}\x{308B}\x{304B}\x{306A}\x{308F}"
            text run at (28,0) width 475: "\x{308C}\x{3002}\x{8179}\x{304B}\x{3089}\x{306E}\x{3001}\x{7B11}\x{3068}\x{3044}\x{3048}\x{3069}\x{3001}\x{82E6}\x{3057}\x{307F}\x{306E}\x{3001}\x{305D}\x{3053}\x{306B}\x{3042}\x{308B}\x{3079}\x{3057}\x{3002}\x{3046}"
            text run at (55,0) width 85: "\x{3064}\x{304F}\x{3057}\x{304D}\x{3001}"
          RenderRuby (inline) {RUBY} at (0,0) size 17x18
            RenderRubyRun (anonymous) at (55,84) size 18x20
              RenderRubyText {RT} at (-10,0) size 10x20
                RenderText {#text} at (0,0) size 10x20
                  text run at (0,0) width 20: "\x{304D}\x{308F}"
              RenderRubyBase (anonymous) at (0,0) size 18x20
                RenderInline {RB} at (0,0) size 17x18
                  RenderText {#text} at (0,1) size 17x18
                    text run at (0,1) width 17: "\x{6975}"
          RenderText {#text} at (55,103) size 17x245
            text run at (55,103) width 245: "\x{307F}\x{306E}\x{6B4C}\x{306B}\x{3001}\x{60B2}\x{3057}\x{3055}\x{306E}\x{3001}\x{6975}\x{307F}\x{306E}"
          RenderRuby (inline) {RUBY} at (0,0) size 17x22
            RenderRubyRun (anonymous) at (55,344) size 18x30
              RenderRubyText {RT} at (-10,0) size 10x30
                RenderText {#text} at (0,0) size 10x30
                  text run at (0,0) width 30: "\x{304A}\x{3082}\x{3044}"
              RenderRubyBase (anonymous) at (0,0) size 18x30
                RenderInline {RB} at (0,0) size 17x18
                  RenderText {#text} at (0,6) size 17x18
                    text run at (0,6) width 17: "\x{60F3}"
          RenderText {#text} at (55,370) size 17x17
            text run at (55,370) width 17: "\x{3001}"
          RenderRuby (inline) {RUBY} at (0,0) size 17x18
            RenderRubyRun (anonymous) at (55,386) size 18x20
              RenderRubyText {RT} at (-10,0) size 10x20
                RenderText {#text} at (0,0) size 10x20
                  text run at (0,0) width 20: "\x{3053}\x{3082}"
              RenderRubyBase (anonymous) at (0,0) size 18x20
                RenderInline {RB} at (0,0) size 17x18
                  RenderText {#text} at (0,1) size 17x18
                    text run at (0,1) width 17: "\x{7C60}"
          RenderText {#text} at (55,405) size 35x473
            text run at (55,405) width 68: "\x{308B}\x{3068}\x{305E}\x{77E5}"
            text run at (73,0) width 34: "\x{308C}\x{300D}"
          RenderBR {BR} at (73,34) size 17x0
          RenderText {#text} at (91,0) size 44x458
            text run at (91,0) width 458: "\x{3000}\x{306A}\x{308B}\x{307B}\x{3069}\x{3044}\x{304F}\x{3089}\x{8A69}\x{4EBA}\x{304C}\x{5E78}\x{798F}\x{3067}\x{3082}\x{3001}\x{3042}\x{306E}\x{96F2}\x{96C0}\x{306E}\x{3088}\x{3046}\x{306B}\x{601D}\x{3044}"
            text run at (118,0) width 425: "\x{5207}\x{3063}\x{3066}\x{3001}\x{4E00}\x{5FC3}\x{4E0D}\x{4E71}\x{306B}\x{3001}\x{524D}\x{5F8C}\x{3092}\x{5FD8}\x{5374}\x{3057}\x{3066}\x{3001}\x{308F}\x{304C}\x{559C}\x{3073}\x{3092}\x{6B4C}\x{3046}"
          RenderRuby (inline) {RUBY} at (0,0) size 17x18
            RenderRubyRun (anonymous) at (118,424) size 18x20
              RenderRubyText {RT} at (-10,0) size 10x20
                RenderText {#text} at (0,0) size 10x20
                  text run at (0,0) width 20: "\x{308F}\x{3051}"
              RenderRubyBase (anonymous) at (0,0) size 18x20
                RenderInline {RB} at (0,0) size 17x18
                  RenderText {#text} at (0,1) size 17x18
                    text run at (0,1) width 17: "\x{8A33}"
          RenderText {#text} at (118,443) size 44x477
            text run at (118,443) width 34: "\x{306B}\x{306F}"
            text run at (145,0) width 432: "\x{884C}\x{304F}\x{307E}\x{3044}\x{3002}\x{897F}\x{6D0B}\x{306E}\x{8A69}\x{306F}\x{7121}\x{8AD6}\x{306E}\x{4E8B}\x{3001}\x{652F}\x{90A3}\x{306E}\x{8A69}\x{306B}\x{3082}\x{3001}\x{3088}\x{304F}"
          RenderRuby (inline) {RUBY} at (0,0) size 17x34
            RenderRubyRun (anonymous) at (145,429) size 18x40
              RenderRubyText {RT} at (-10,0) size 10x40
                RenderText {#text} at (0,0) size 10x40
                  text run at (0,0) width 40: "\x{3070}\x{3093}\x{3053}\x{304F}"
              RenderRubyBase (anonymous) at (0,0) size 18x40
                RenderInline {RB} at (0,0) size 17x34
                  RenderText {#text} at (0,3) size 17x34
                    text run at (0,3) width 34: "\x{4E07}\x{659B}"
          RenderText {#text} at (145,466) size 17x25
            text run at (145,466) width 25: "\x{306E}"
          RenderRuby (inline) {RUBY} at (0,0) size 17x26
            RenderRubyRun (anonymous) at (172,0) size 18x30
              RenderRubyText {RT} at (-10,0) size 10x30
                RenderText {#text} at (0,0) size 10x30
                  text run at (0,0) width 30: "\x{3046}\x{308C}\x{3044}"
              RenderRubyBase (anonymous) at (0,0) size 18x30
                RenderInline {RB} at (0,0) size 17x18
                  RenderText {#text} at (0,6) size 17x18
                    text run at (0,6) width 17: "\x{6101}"
          RenderText {#text} at (172,26) size 17x306
            text run at (172,26) width 306: "\x{306A}\x{3069}\x{3068}\x{4E91}\x{3046}\x{5B57}\x{304C}\x{3042}\x{308B}\x{3002}\x{8A69}\x{4EBA}\x{3060}\x{304B}\x{3089}\x{4E07}\x{659B}\x{3067}"
          RenderRuby (inline) {RUBY} at (0,0) size 17x34
            RenderRubyRun (anonymous) at (172,329) size 18x40
              RenderRubyText {RT} at (-10,0) size 10x40
                RenderText {#text} at (0,0) size 10x40
                  text run at (0,0) width 40: "\x{3057}\x{308D}\x{3046}\x{3068}"
              RenderRubyBase (anonymous) at (0,0) size 18x40
                RenderInline {RB} at (0,0) size 17x34
                  RenderText {#text} at (0,3) size 17x34
                    text run at (0,3) width 34: "\x{7D20}\x{4EBA}"
          RenderText {#text} at (172,366) size 17x51
            text run at (172,366) width 51: "\x{306A}\x{3089}\x{4E00}"
          RenderRuby (inline) {RUBY} at (0,0) size 17x18
            RenderRubyRun (anonymous) at (172,416) size 18x20
              RenderRubyText {RT} at (-10,0) size 10x20
                RenderText {#text} at (0,0) size 10x20
                  text run at (0,0) width 20: "\x{3054}\x{3046}"
              RenderRubyBase (anonymous) at (0,0) size 18x20
                RenderInline {RB} at (0,0) size 17x18
                  RenderText {#text} at (0,1) size 17x18
                    text run at (0,1) width 17: "\x{5408}"
          RenderText {#text} at (172,435) size 44x486
            text run at (172,435) width 51: "\x{3067}\x{6E08}\x{3080}"
            text run at (199,0) width 433: "\x{304B}\x{3082}\x{77E5}\x{308C}\x{306C}\x{3002}\x{3057}\x{3066}\x{898B}\x{308B}\x{3068}\x{8A69}\x{4EBA}\x{306F}\x{5E38}\x{306E}\x{4EBA}\x{3088}\x{308A}\x{3082}\x{82E6}\x{52B4}\x{6027}\x{3067}\x{3001}"
          RenderRuby (inline) {RUBY} at (0,0) size 17x37
            RenderRubyRun (anonymous) at (199,430) size 18x40
              RenderRubyText {RT} at (-10,0) size 10x40
                RenderText {#text} at (0,0) size 10x40
                  text run at (0,0) width 40: "\x{307C}\x{3093}\x{3053}\x{3064}"
              RenderRubyBase (anonymous) at (0,0) size 18x40
                RenderInline {RB} at (0,0) size 17x34
                  RenderText {#text} at (0,3) size 17x34
                    text run at (0,3) width 34: "\x{51E1}\x{9AA8}"
          RenderText {#text} at (217,0) size 44x483
            text run at (217,0) width 483: "\x{306E}\x{500D}\x{4EE5}\x{4E0A}\x{306B}\x{795E}\x{7D4C}\x{304C}\x{92ED}\x{654F}\x{306A}\x{306E}\x{304B}\x{3082}\x{77E5}\x{308C}\x{3093}\x{3002}\x{8D85}\x{4FD7}\x{306E}\x{559C}\x{3073}\x{3082}\x{3042}\x{308D}\x{3046}"
            text run at (244,0) width 93: "\x{304C}\x{3001}\x{7121}\x{91CF}\x{306E}"
          RenderRuby (inline) {RUBY} at (0,0) size 17x32
            RenderRubyRun (anonymous) at (244,89) size 18x40
              RenderRubyText {RT} at (-10,0) size 10x40
                RenderText {#text} at (0,0) size 10x40
                  text run at (0,0) width 40: "\x{304B}\x{306A}\x{3057}\x{307F}"
              RenderRubyBase (anonymous) at (0,0) size 18x40
                RenderInline {RB} at (0,0) size 17x18
                  RenderText {#text} at (0,11) size 17x18
                    text run at (0,11) width 17: "\x{60B2}"
          RenderText {#text} at (244,125) size 35x490
            text run at (244,125) width 365: "\x{3082}\x{591A}\x{304B}\x{308D}\x{3046}\x{3002}\x{305D}\x{3093}\x{306A}\x{3089}\x{3070}\x{8A69}\x{4EBA}\x{306B}\x{306A}\x{308B}\x{306E}\x{3082}\x{8003}\x{3048}\x{7269}"
            text run at (262,0) width 34: "\x{3060}\x{3002}"
          RenderBR {BR} at (262,34) size 17x0
          RenderText {#text} at (289,0) size 17x136
            text run at (289,0) width 136: "\x{3000}\x{3057}\x{3070}\x{3089}\x{304F}\x{306F}\x{8DEF}\x{304C}"
          RenderRuby (inline) {RUBY} at (0,0) size 17x22
            RenderRubyRun (anonymous) at (289,132) size 18x30
              RenderRubyText {RT} at (-10,0) size 10x30
                RenderText {#text} at (0,0) size 10x30
                  text run at (0,0) width 30: "\x{305F}\x{3044}\x{3089}"
              RenderRubyBase (anonymous) at (0,0) size 18x30
                RenderInline {RB} at (0,0) size 17x18
                  RenderText {#text} at (0,6) size 17x18
                    text run at (0,6) width 17: "\x{5E73}"
          RenderText {#text} at (289,158) size 17x68
            text run at (289,158) width 68: "\x{3067}\x{3001}\x{53F3}\x{306F}"
          RenderRuby (inline) {RUBY} at (0,0) size 17x51
            RenderRubyRun (anonymous) at (289,226) size 18x51
              RenderRubyText {RT} at (-10,0) size 10x51
                RenderText {#text} at (0,0) size 10x51
                  text run at (0,0) width 50: "\x{305E}\x{3046}\x{304D}\x{3084}\x{307E}"
              RenderRubyBase (anonymous) at (0,0) size 18x51
                RenderInline {RB} at (0,0) size 17x51
                  RenderText {#text} at (0,0) size 17x51
                    text run at (0,0) width 51: "\x{96D1}\x{6728}\x{5C71}"
          RenderText {#text} at (289,277) size 44x480
            text run at (289,277) width 203: "\x{3001}\x{5DE6}\x{306F}\x{83DC}\x{306E}\x{82B1}\x{306E}\x{898B}\x{3064}\x{3065}\x{3051}"
            text run at (316,0) width 178: "\x{3067}\x{3042}\x{308B}\x{3002}\x{8DB3}\x{306E}\x{4E0B}\x{306B}\x{6642}\x{3005}"
          RenderRuby (inline) {RUBY} at (0,0) size 17x51
            RenderRubyRun (anonymous) at (316,178) size 18x51
              RenderRubyText {RT} at (-10,0) size 10x51
                RenderText {#text} at (0,5) size 10x41
                  text run at (0,5) width 40: "\x{305F}\x{3093}\x{307D}\x{307D}"
              RenderRubyBase (anonymous) at (0,0) size 18x51
                RenderInline {RB} at (0,0) size 17x51
                  RenderText {#text} at (0,0) size 17x51
                    text run at (0,0) width 51: "\x{84B2}\x{516C}\x{82F1}"
          RenderText {#text} at (316,229) size 17x119
            text run at (316,229) width 119: "\x{3092}\x{8E0F}\x{307F}\x{3064}\x{3051}\x{308B}\x{3002}"
          RenderRuby (inline) {RUBY} at (0,0) size 17x37
            RenderRubyRun (anonymous) at (316,344) size 18x45
              RenderRubyText {RT} at (-10,0) size 10x45
                RenderText {#text} at (0,0) size 10x45
                  text run at (0,0) width 45: "\x{306E}\x{3053}\x{304E}\x{308A}"
              RenderRubyBase (anonymous) at (0,0) size 18x45
                RenderInline {RB} at (0,0) size 17x17
                  RenderText {#text} at (0,14) size 17x17
                    text run at (0,14) width 17: "\x{92F8}"
          RenderText {#text} at (316,385) size 44x478
            text run at (316,385) width 93: "\x{306E}\x{3088}\x{3046}\x{306A}\x{8449}"
            text run at (343,0) width 297: "\x{304C}\x{9060}\x{616E}\x{306A}\x{304F}\x{56DB}\x{65B9}\x{3078}\x{306E}\x{3057}\x{3066}\x{771F}\x{4E2D}\x{306B}\x{9EC4}\x{8272}\x{306A}"
          RenderRuby (inline) {RUBY} at (0,0) size 17x18
            RenderRubyRun (anonymous) at (343,296) size 18x20
              RenderRubyText {RT} at (-10,0) size 10x20
                RenderText {#text} at (0,0) size 10x20
                  text run at (0,0) width 20: "\x{305F}\x{307E}"
              RenderRubyBase (anonymous) at (0,0) size 18x20
                RenderInline {RB} at (0,0) size 17x18
                  RenderText {#text} at (0,1) size 17x18
                    text run at (0,1) width 17: "\x{73E0}"
          RenderText {#text} at (343,315) size 62x475
            text run at (343,315) width 153: "\x{3092}\x{64C1}\x{8B77}\x{3057}\x{3066}\x{3044}\x{308B}\x{3002}\x{83DC}"
            text run at (361,0) width 475: "\x{306E}\x{82B1}\x{306B}\x{6C17}\x{3092}\x{3068}\x{3089}\x{308C}\x{3066}\x{3001}\x{8E0F}\x{307F}\x{3064}\x{3051}\x{305F}\x{3042}\x{3068}\x{3067}\x{3001}\x{6C17}\x{306E}\x{6BD2}\x{306A}\x{4E8B}\x{3092}\x{3057}\x{305F}"
            text run at (388,0) width 450: "\x{3068}\x{3001}\x{632F}\x{308A}\x{5411}\x{3044}\x{3066}\x{898B}\x{308B}\x{3068}\x{3001}\x{9EC4}\x{8272}\x{306A}\x{73E0}\x{306F}\x{4F9D}\x{7136}\x{3068}\x{3057}\x{3066}\x{92F8}\x{306E}\x{306A}\x{304B}\x{306B}"
          RenderRuby (inline) {RUBY} at (0,0) size 17x34
            RenderRubyRun (anonymous) at (388,450) size 18x34
              RenderRubyText {RT} at (-10,0) size 10x34
                RenderText {#text} at (0,2) size 10x30
                  text run at (0,2) width 30: "\x{3061}\x{3093}\x{3056}"
              RenderRubyBase (anonymous) at (0,0) size 18x34
                RenderInline {RB} at (0,0) size 17x34
                  RenderText {#text} at (0,0) size 17x34
                    text run at (0,0) width 34: "\x{93AE}\x{5EA7}"
          RenderText {#text} at (415,0) size 17x85
            text run at (415,0) width 85: "\x{3057}\x{3066}\x{3044}\x{308B}\x{3002}"
          RenderRuby (inline) {RUBY} at (0,0) size 17x35
            RenderRubyRun (anonymous) at (415,85) size 18x35
              RenderRubyText {RT} at (-10,0) size 10x35
                RenderText {#text} at (0,0) size 10x35
                  text run at (0,0) width 35: "\x{306E}\x{3093}\x{304D}"
              RenderRubyBase (anonymous) at (0,0) size 18x35
                RenderInline {RB} at (0,0) size 17x35
                  RenderText {#text} at (0,0) size 17x35
                    text run at (0,0) width 34: "\x{5451}\x{6C17}"
          RenderText {#text} at (415,120) size 17x263
            text run at (415,120) width 263: "\x{306A}\x{3082}\x{306E}\x{3060}\x{3002}\x{307E}\x{305F}\x{8003}\x{3048}\x{3092}\x{3064}\x{3065}\x{3051}\x{308B}\x{3002}"
          RenderBR {BR} at (415,383) size 17x0
          RenderText {#text} at (442,0) size 17x68
            text run at (442,0) width 68: "\x{3000}\x{8A69}\x{4EBA}\x{306B}"
          RenderRuby (inline) {RUBY} at (0,0) size 17x22
            RenderRubyRun (anonymous) at (442,64) size 18x30
              RenderRubyText {RT} at (-10,0) size 10x30
                RenderText {#text} at (0,0) size 10x30
                  text run at (0,0) width 30: "\x{3046}\x{308C}\x{3044}"
              RenderRubyBase (anonymous) at (0,0) size 18x30
                RenderInline {RB} at (0,0) size 17x18
                  RenderText {#text} at (0,6) size 17x18
                    text run at (0,6) width 17: "\x{6182}"
          RenderText {#text} at (442,90) size 17x271
            text run at (442,90) width 271: "\x{306F}\x{3064}\x{304D}\x{3082}\x{306E}\x{304B}\x{3082}\x{77E5}\x{308C}\x{306A}\x{3044}\x{304C}\x{3001}\x{3042}\x{306E}"
          RenderRuby (inline) {RUBY} at (0,0) size 17x34
            RenderRubyRun (anonymous) at (442,361) size 18x34
              RenderRubyText {RT} at (-10,0) size 10x34
                RenderText {#text} at (0,2) size 10x30
                  text run at (0,2) width 30: "\x{3072}\x{3070}\x{308A}"
              RenderRubyBase (anonymous) at (0,0) size 18x34
                RenderInline {RB} at (0,0) size 17x34
                  RenderText {#text} at (0,0) size 17x34
                    text run at (0,0) width 34: "\x{96F2}\x{96C0}"
          RenderText {#text} at (442,395) size 44x480
            text run at (442,395) width 85: "\x{3092}\x{805E}\x{304F}\x{5FC3}\x{6301}"
            text run at (469,0) width 68: "\x{306B}\x{306A}\x{308C}\x{3070}"
          RenderRuby (inline) {RUBY} at (0,0) size 17x34
            RenderRubyRun (anonymous) at (469,68) size 18x34
              RenderRubyText {RT} at (-10,0) size 10x34
                RenderText {#text} at (0,2) size 10x30
                  text run at (0,2) width 30: "\x{307F}\x{3058}\x{3093}"
              RenderRubyBase (anonymous) at (0,0) size 18x34
                RenderInline {RB} at (0,0) size 17x34
                  RenderText {#text} at (0,0) size 17x34
                    text run at (0,0) width 34: "\x{5FAE}\x{5875}"
          RenderText {#text} at (469,102) size 17x25
            text run at (469,102) width 25: "\x{306E}"
          RenderRuby (inline) {RUBY} at (0,0) size 17x17
            RenderRubyRun (anonymous) at (469,127) size 18x17
              RenderRubyText {RT} at (-10,0) size 10x17
                RenderText {#text} at (0,3) size 10x11
                  text run at (0,3) width 10: "\x{304F}"
              RenderRubyBase (anonymous) at (0,0) size 18x17
                RenderInline {RB} at (0,0) size 17x17
                  RenderText {#text} at (0,0) size 17x17
                    text run at (0,0) width 17: "\x{82E6}"
          RenderText {#text} at (469,144) size 44x475
            text run at (469,144) width 331: "\x{3082}\x{306A}\x{3044}\x{3002}\x{83DC}\x{306E}\x{82B1}\x{3092}\x{898B}\x{3066}\x{3082}\x{3001}\x{305F}\x{3060}\x{3046}\x{308C}\x{3057}\x{304F}\x{3066}"
            text run at (496,0) width 34: "\x{80F8}\x{304C}"
          RenderRuby (inline) {RUBY} at (0,0) size 17x18
            RenderRubyRun (anonymous) at (496,33) size 18x20
              RenderRubyText {RT} at (-10,0) size 10x20
                RenderText {#text} at (0,0) size 10x20
                  text run at (0,0) width 20: "\x{304A}\x{3069}"
              RenderRubyBase (anonymous) at (0,0) size 18x20
                RenderInline {RB} at (0,0) size 17x18
                  RenderText {#text} at (0,1) size 17x18
                    text run at (0,1) width 17: "\x{8E8D}"
          RenderText {#text} at (496,52) size 44x483
            text run at (496,52) width 431: "\x{308B}\x{3070}\x{304B}\x{308A}\x{3060}\x{3002}\x{84B2}\x{516C}\x{82F1}\x{3082}\x{305D}\x{306E}\x{901A}\x{308A}\x{3001}\x{685C}\x{3082}\x{2015}\x{2015}\x{685C}\x{306F}\x{3044}\x{3064}\x{304B}\x{898B}"
            text run at (523,0) width 322: "\x{3048}\x{306A}\x{304F}\x{306A}\x{3063}\x{305F}\x{3002}\x{3053}\x{3046}\x{5C71}\x{306E}\x{4E2D}\x{3078}\x{6765}\x{3066}\x{81EA}\x{7136}\x{306E}"
          RenderRuby (inline) {RUBY} at (0,0) size 17x34
            RenderRubyRun (anonymous) at (523,319) size 18x40
              RenderRubyText {RT} at (-10,0) size 10x40
                RenderText {#text} at (0,0) size 10x40
                  text run at (0,0) width 40: "\x{3051}\x{3044}\x{3076}\x{3064}"
              RenderRubyBase (anonymous) at (0,0) size 18x40
                RenderInline {RB} at (0,0) size 17x34
                  RenderText {#text} at (0,3) size 17x34
                    text run at (0,3) width 34: "\x{666F}\x{7269}"
          RenderText {#text} at (523,356) size 62x483
            text run at (523,356) width 119: "\x{306B}\x{63A5}\x{3059}\x{308C}\x{3070}\x{3001}\x{898B}"
            text run at (541,0) width 483: "\x{308B}\x{3082}\x{306E}\x{3082}\x{805E}\x{304F}\x{3082}\x{306E}\x{3082}\x{9762}\x{767D}\x{3044}\x{3002}\x{9762}\x{767D}\x{3044}\x{3060}\x{3051}\x{3067}\x{5225}\x{6BB5}\x{306E}\x{82E6}\x{3057}\x{307F}\x{3082}\x{8D77}"
            text run at (568,0) width 187: "\x{3089}\x{306C}\x{3002}\x{8D77}\x{308B}\x{3068}\x{3059}\x{308C}\x{3070}\x{8DB3}\x{304C}"
          RenderRuby (inline) {RUBY} at (0,0) size 17x34
            RenderRubyRun (anonymous) at (568,187) size 18x34
              RenderRubyText {RT} at (-10,0) size 10x34
                RenderText {#text} at (0,2) size 10x30
                  text run at (0,2) width 30: "\x{304F}\x{305F}\x{3073}"
              RenderRubyBase (anonymous) at (0,0) size 18x34
                RenderInline {RB} at (0,0) size 17x34
                  RenderText {#text} at (0,0) size 17x34
                    text run at (0,0) width 34: "\x{8349}\x{81E5}"
          RenderText {#text} at (568,221) size 17x51
            text run at (568,221) width 51: "\x{308C}\x{3066}\x{3001}"
          RenderRuby (inline) {RUBY} at (0,0) size 17x18
            RenderRubyRun (anonymous) at (568,271) size 18x20
              RenderRubyText {RT} at (-10,0) size 10x20
                RenderText {#text} at (0,0) size 10x20
                  text run at (0,0) width 20: "\x{3046}\x{307E}"
              RenderRubyBase (anonymous) at (0,0) size 18x20
                RenderInline {RB} at (0,0) size 17x18
                  RenderText {#text} at (0,1) size 17x18
                    text run at (0,1) width 17: "\x{65E8}"
          RenderText {#text} at (568,290) size 35x485
            text run at (568,290) width 195: "\x{3044}\x{3082}\x{306E}\x{304C}\x{98DF}\x{3079}\x{3089}\x{308C}\x{306C}\x{304F}\x{3089}"
            text run at (586,0) width 127: "\x{3044}\x{306E}\x{4E8B}\x{3060}\x{308D}\x{3046}\x{3002}"
          RenderBR {BR} at (586,127) size 17x0
          RenderText {#text} at (613,0) size 17x466
            text run at (613,0) width 466: "\x{3000}\x{3057}\x{304B}\x{3057}\x{82E6}\x{3057}\x{307F}\x{306E}\x{306A}\x{3044}\x{306E}\x{306F}\x{306A}\x{305C}\x{3060}\x{308D}\x{3046}\x{3002}\x{305F}\x{3060}\x{3053}\x{306E}\x{666F}\x{8272}\x{3092}\x{4E00}"
          RenderRuby (inline) {RUBY} at (0,0) size 17x19
            RenderRubyRun (anonymous) at (613,465) size 18x20
              RenderRubyText {RT} at (-10,0) size 10x20
                RenderText {#text} at (0,0) size 10x20
                  text run at (0,0) width 20: "\x{3077}\x{304F}"
              RenderRubyBase (anonymous) at (0,0) size 18x20
                RenderInline {RB} at (0,0) size 17x18
                  RenderText {#text} at (0,1) size 17x18
                    text run at (0,1) width 17: "\x{5E45}"
          RenderText {#text} at (640,0) size 17x25
            text run at (640,0) width 25: "\x{306E}"
          RenderRuby (inline) {RUBY} at (0,0) size 17x17
            RenderRubyRun (anonymous) at (640,25) size 18x17
              RenderRubyText {RT} at (-10,0) size 10x17
                RenderText {#text} at (0,3) size 10x11
                  text run at (0,3) width 10: "\x{3048}"
              RenderRubyBase (anonymous) at (0,0) size 18x17
                RenderInline {RB} at (0,0) size 17x17
                  RenderText {#text} at (0,0) size 17x17
                    text run at (0,0) width 17: "\x{753B}"
          RenderText {#text} at (640,42) size 17x51
            text run at (640,42) width 51: "\x{3068}\x{3057}\x{3066}"
          RenderRuby (inline) {RUBY} at (0,0) size 17x17
            RenderRubyRun (anonymous) at (640,93) size 18x17
              RenderRubyText {RT} at (-10,0) size 10x17
                RenderText {#text} at (0,3) size 10x11
                  text run at (0,3) width 10: "\x{307F}"
              RenderRubyBase (anonymous) at (0,0) size 18x17
                RenderInline {RB} at (0,0) size 17x17
                  RenderText {#text} at (0,0) size 17x17
                    text run at (0,0) width 17: "\x{89B3}"
          RenderText {#text} at (640,110) size 17x34
            text run at (640,110) width 34: "\x{3001}\x{4E00}"
          RenderRuby (inline) {RUBY} at (0,0) size 17x18
            RenderRubyRun (anonymous) at (640,143) size 18x20
              RenderRubyText {RT} at (-10,0) size 10x20
                RenderText {#text} at (0,0) size 10x20
                  text run at (0,0) width 20: "\x{304B}\x{3093}"
              RenderRubyBase (anonymous) at (0,0) size 18x20
                RenderInline {RB} at (0,0) size 17x18
                  RenderText {#text} at (0,1) size 17x18
                    text run at (0,1) width 17: "\x{5DFB}"
          RenderText {#text} at (640,162) size 17x229
            text run at (640,162) width 229: "\x{306E}\x{8A69}\x{3068}\x{3057}\x{3066}\x{8AAD}\x{3080}\x{304B}\x{3089}\x{3067}\x{3042}\x{308B}\x{3002}"
          RenderRuby (inline) {RUBY} at (0,0) size 17x17
            RenderRubyRun (anonymous) at (640,391) size 18x17
              RenderRubyText {RT} at (-10,0) size 10x17
                RenderText {#text} at (0,3) size 10x11
                  text run at (0,3) width 10: "\x{304C}"
              RenderRubyBase (anonymous) at (0,0) size 18x17
                RenderInline {RB} at (0,0) size 17x17
                  RenderText {#text} at (0,0) size 17x17
                    text run at (0,0) width 17: "\x{753B}"
          RenderText {#text} at (640,408) size 44x476
            text run at (640,408) width 68: "\x{3067}\x{3042}\x{308A}\x{8A69}"
            text run at (667,0) width 102: "\x{3067}\x{3042}\x{308B}\x{4EE5}\x{4E0A}\x{306F}"
          RenderRuby (inline) {RUBY} at (0,0) size 17x34
            RenderRubyRun (anonymous) at (667,102) size 18x34
              RenderRubyText {RT} at (-10,0) size 10x34
                RenderText {#text} at (0,2) size 10x30
                  text run at (0,2) width 30: "\x{3058}\x{3081}\x{3093}"
              RenderRubyBase (anonymous) at (0,0) size 18x34
                RenderInline {RB} at (0,0) size 17x34
                  RenderText {#text} at (0,0) size 17x34
                    text run at (0,0) width 34: "\x{5730}\x{9762}"
          RenderText {#text} at (667,136) size 44x476
            text run at (667,136) width 340: "\x{3092}\x{8CB0}\x{3063}\x{3066}\x{3001}\x{958B}\x{62D3}\x{3059}\x{308B}\x{6C17}\x{306B}\x{3082}\x{306A}\x{3089}\x{306D}\x{3070}\x{3001}\x{9244}\x{9053}\x{3092}"
            text run at (694,0) width 51: "\x{304B}\x{3051}\x{3066}"
          RenderRuby (inline) {RUBY} at (0,0) size 17x34
            RenderRubyRun (anonymous) at (694,48) size 18x40
              RenderRubyText {RT} at (-10,0) size 10x40
                RenderText {#text} at (0,0) size 10x40
                  text run at (0,0) width 40: "\x{3072}\x{3068}\x{3082}\x{3046}"
              RenderRubyBase (anonymous) at (0,0) size 18x40
                RenderInline {RB} at (0,0) size 17x34
                  RenderText {#text} at (0,3) size 17x34
                    text run at (0,3) width 34: "\x{4E00}\x{5132}"
          RenderText {#text} at (694,85) size 17x51
            text run at (694,85) width 51: "\x{3051}\x{3059}\x{308B}"
          RenderRuby (inline) {RUBY} at (0,0) size 17x42
            RenderRubyRun (anonymous) at (694,132) size 18x50
              RenderRubyText {RT} at (-10,0) size 10x50
                RenderText {#text} at (0,0) size 10x50
                  text run at (0,0) width 50: "\x{308A}\x{3087}\x{3046}\x{3051}\x{3093}"
              RenderRubyBase (anonymous) at (0,0) size 18x50
                RenderInline {RB} at (0,0) size 17x34
                  RenderText {#text} at (0,8) size 17x34
                    text run at (0,8) width 34: "\x{4E86}\x{898B}"
          RenderText {#text} at (694,178) size 17x286
            text run at (694,178) width 286: "\x{3082}\x{8D77}\x{3089}\x{306C}\x{3002}\x{305F}\x{3060}\x{3053}\x{306E}\x{666F}\x{8272}\x{304C}\x{2015}\x{2015}\x{8179}\x{306E}"
          RenderRuby (inline) {RUBY} at (0,0) size 17x17
            RenderRubyRun (anonymous) at (694,464) size 18x17
              RenderRubyText {RT} at (-10,0) size 10x17
                RenderText {#text} at (0,3) size 10x11
                  text run at (0,3) width 10: "\x{305F}"
              RenderRubyBase (anonymous) at (0,0) size 18x17
                RenderInline {RB} at (0,0) size 17x17
                  RenderText {#text} at (0,0) size 17x17
                    text run at (0,0) width 17: "\x{8DB3}"
          RenderText {#text} at (712,0) size 44x475
            text run at (712,0) width 475: "\x{3057}\x{306B}\x{3082}\x{306A}\x{3089}\x{306C}\x{3001}\x{6708}\x{7D66}\x{306E}\x{88DC}\x{3044}\x{306B}\x{3082}\x{306A}\x{3089}\x{306C}\x{3053}\x{306E}\x{666F}\x{8272}\x{304C}\x{666F}\x{8272}\x{3068}\x{3057}\x{3066}"
            text run at (739,0) width 382: "\x{306E}\x{307F}\x{3001}\x{4F59}\x{304C}\x{5FC3}\x{3092}\x{697D}\x{307E}\x{305B}\x{3064}\x{3064}\x{3042}\x{308B}\x{304B}\x{3089}\x{82E6}\x{52B4}\x{3082}\x{5FC3}\x{914D}\x{3082}"
          RenderRuby (inline) {RUBY} at (0,0) size 17x22
            RenderRubyRun (anonymous) at (739,378) size 18x30
              RenderRubyText {RT} at (-10,0) size 10x30
                RenderText {#text} at (0,0) size 10x30
                  text run at (0,0) width 30: "\x{3068}\x{3082}\x{306A}"
              RenderRubyBase (anonymous) at (0,0) size 18x30
                RenderInline {RB} at (0,0) size 17x18
                  RenderText {#text} at (0,6) size 17x18
                    text run at (0,6) width 17: "\x{4F34}"
          RenderText {#text} at (739,404) size 44x480
            text run at (739,404) width 76: "\x{308F}\x{306C}\x{306E}\x{3060}"
            text run at (766,0) width 246: "\x{308D}\x{3046}\x{3002}\x{81EA}\x{7136}\x{306E}\x{529B}\x{306F}\x{3053}\x{3053}\x{306B}\x{304A}\x{3044}\x{3066}"
          RenderRuby (inline) {RUBY} at (0,0) size 17x18
            RenderRubyRun (anonymous) at (766,245) size 18x20
              RenderRubyText {RT} at (-10,0) size 10x20
                RenderText {#text} at (0,0) size 10x20
                  text run at (0,0) width 20: "\x{305F}\x{3063}"
              RenderRubyBase (anonymous) at (0,0) size 18x20
                RenderInline {RB} at (0,0) size 17x18
                  RenderText {#text} at (0,1) size 17x18
                    text run at (0,1) width 17: "\x{5C0A}"
          RenderText {#text} at (766,264) size 17x212
            text run at (766,264) width 212: "\x{3068}\x{3044}\x{3002}\x{543E}\x{4EBA}\x{306E}\x{6027}\x{60C5}\x{3092}\x{77AC}\x{523B}\x{306B}"
          RenderRuby (inline) {RUBY} at (0,0) size 17x34
            RenderRubyRun (anonymous) at (793,0) size 18x34
              RenderRubyText {RT} at (-10,0) size 10x34
                RenderText {#text} at (0,2) size 10x30
                  text run at (0,2) width 30: "\x{3068}\x{3046}\x{3084}"
              RenderRubyBase (anonymous) at (0,0) size 18x34
                RenderInline {RB} at (0,0) size 17x34
                  RenderText {#text} at (0,0) size 17x34
                    text run at (0,0) width 34: "\x{9676}\x{51B6}"
          RenderText {#text} at (793,34) size 17x34
            text run at (793,34) width 34: "\x{3057}\x{3066}"
          RenderRuby (inline) {RUBY} at (0,0) size 17x34
            RenderRubyRun (anonymous) at (793,65) size 18x40
              RenderRubyText {RT} at (-10,0) size 10x40
                RenderText {#text} at (0,0) size 10x40
                  text run at (0,0) width 40: "\x{3058}\x{3085}\x{3093}\x{3053}"
              RenderRubyBase (anonymous) at (0,0) size 18x40
                RenderInline {RB} at (0,0) size 17x34
                  RenderText {#text} at (0,3) size 17x34
                    text run at (0,3) width 34: "\x{9187}\x{4E4E}"
          RenderText {#text} at (793,102) size 17x382
            text run at (793,102) width 382: "\x{3068}\x{3057}\x{3066}\x{9187}\x{306A}\x{308B}\x{8A69}\x{5883}\x{306B}\x{5165}\x{3089}\x{3057}\x{3080}\x{308B}\x{306E}\x{306F}\x{81EA}\x{7136}\x{3067}\x{3042}\x{308B}\x{3002}"
          RenderBR {BR} at (793,484) size 17x0
          RenderText {#text} at (811,0) size 44x476
            text run at (811,0) width 476: "\x{3000}\x{604B}\x{306F}\x{3046}\x{3064}\x{304F}\x{3057}\x{304B}\x{308D}\x{3001}\x{5B5D}\x{3082}\x{3046}\x{3064}\x{304F}\x{3057}\x{304B}\x{308D}\x{3001}\x{5FE0}\x{541B}\x{611B}\x{56FD}\x{3082}\x{7D50}\x{69CB}\x{3060}\x{308D}"
            text run at (838,0) width 178: "\x{3046}\x{3002}\x{3057}\x{304B}\x{3057}\x{81EA}\x{8EAB}\x{304C}\x{305D}\x{306E}"
          RenderRuby (inline) {RUBY} at (0,0) size 17x22
            RenderRubyRun (anonymous) at (838,174) size 18x30
              RenderRubyText {RT} at (-10,0) size 10x30
                RenderText {#text} at (0,0) size 10x30
                  text run at (0,0) width 30: "\x{304D}\x{3087}\x{304F}"
              RenderRubyBase (anonymous) at (0,0) size 18x30
                RenderInline {RB} at (0,0) size 17x18
                  RenderText {#text} at (0,6) size 17x18
                    text run at (0,6) width 17: "\x{5C40}"
          RenderText {#text} at (838,200) size 17x127
            text run at (838,200) width 127: "\x{306B}\x{5F53}\x{308C}\x{3070}\x{5229}\x{5BB3}\x{306E}"
          RenderRuby (inline) {RUBY} at (0,0) size 17x34
            RenderRubyRun (anonymous) at (838,327) size 18x34
              RenderRubyText {RT} at (-10,0) size 10x34
                RenderText {#text} at (0,2) size 10x30
                  text run at (0,2) width 30: "\x{3064}\x{3080}\x{3058}"
              RenderRubyBase (anonymous) at (0,0) size 18x34
                RenderInline {RB} at (0,0) size 17x34
                  RenderText {#text} at (0,0) size 17x34
                    text run at (0,0) width 34: "\x{65CB}\x{98A8}"
          RenderText {#text} at (838,361) size 17x17
            text run at (838,361) width 17: "\x{306B}"
          RenderRuby (inline) {RUBY} at (0,0) size 17x17
            RenderRubyRun (anonymous) at (838,378) size 18x17
              RenderRubyText {RT} at (-10,0) size 10x17
                RenderText {#text} at (0,3) size 10x11
                  text run at (0,3) width 10: "\x{307E}"
              RenderRubyBase (anonymous) at (0,0) size 18x17
                RenderInline {RB} at (0,0) size 17x17
                  RenderText {#text} at (0,0) size 17x17
                    text run at (0,0) width 17: "\x{6372}"
          RenderText {#text} at (838,395) size 44x463
            text run at (838,395) width 68: "\x{304D}\x{8FBC}\x{307E}\x{308C}"
            text run at (865,0) width 340: "\x{3066}\x{3001}\x{3046}\x{3064}\x{304F}\x{3057}\x{304D}\x{4E8B}\x{306B}\x{3082}\x{3001}\x{7D50}\x{69CB}\x{306A}\x{4E8B}\x{306B}\x{3082}\x{3001}\x{76EE}\x{306F}"
          RenderRuby (inline) {RUBY} at (0,0) size 17x18
            RenderRubyRun (anonymous) at (865,339) size 18x20
              RenderRubyText {RT} at (-10,0) size 10x20
                RenderText {#text} at (0,0) size 10x20
                  text run at (0,0) width 20: "\x{304F}\x{3089}"
              RenderRubyBase (anonymous) at (0,0) size 18x20
                RenderInline {RB} at (0,0) size 17x18
                  RenderText {#text} at (0,1) size 17x18
                    text run at (0,1) width 17: "\x{7729}"
          RenderText {#text} at (865,358) size 44x477
            text run at (865,358) width 119: "\x{3093}\x{3067}\x{3057}\x{307E}\x{3046}\x{3002}\x{3057}"
            text run at (892,0) width 272: "\x{305F}\x{304C}\x{3063}\x{3066}\x{3069}\x{3053}\x{306B}\x{8A69}\x{304C}\x{3042}\x{308B}\x{304B}\x{81EA}\x{8EAB}\x{306B}\x{306F}"
          RenderRuby (inline) {RUBY} at (0,0) size 17x17
            RenderRubyRun (anonymous) at (892,272) size 18x17
              RenderRubyText {RT} at (-10,0) size 10x17
                RenderText {#text} at (0,3) size 10x11
                  text run at (0,3) width 10: "\x{3052}"
              RenderRubyBase (anonymous) at (0,0) size 18x17
                RenderInline {RB} at (0,0) size 17x17
                  RenderText {#text} at (0,0) size 17x17
                    text run at (0,0) width 17: "\x{89E3}"
          RenderText {#text} at (892,289) size 17x85
            text run at (892,289) width 85: "\x{3057}\x{304B}\x{306D}\x{308B}\x{3002}"
          RenderBR {BR} at (892,374) size 17x0
          RenderText {#text} at (910,0) size 44x483
            text run at (910,0) width 483: "\x{3000}\x{3053}\x{308C}\x{304C}\x{308F}\x{304B}\x{308B}\x{305F}\x{3081}\x{306B}\x{306F}\x{3001}\x{308F}\x{304B}\x{308B}\x{3060}\x{3051}\x{306E}\x{4F59}\x{88D5}\x{306E}\x{3042}\x{308B}\x{7B2C}\x{4E09}\x{8005}\x{306E}"
            text run at (937,0) width 433: "\x{5730}\x{4F4D}\x{306B}\x{7ACB}\x{305F}\x{306D}\x{3070}\x{306A}\x{3089}\x{306C}\x{3002}\x{4E09}\x{8005}\x{306E}\x{5730}\x{4F4D}\x{306B}\x{7ACB}\x{3066}\x{3070}\x{3053}\x{305D}\x{829D}\x{5C45}\x{306F}"
          RenderRuby (inline) {RUBY} at (0,0) size 17x17
            RenderRubyRun (anonymous) at (937,433) size 18x17
              RenderRubyText {RT} at (-10,0) size 10x17
                RenderText {#text} at (0,3) size 10x11
                  text run at (0,3) width 10: "\x{307F}"
              RenderRubyBase (anonymous) at (0,0) size 18x17
                RenderInline {RB} at (0,0) size 17x17
                  RenderText {#text} at (0,0) size 17x17
                    text run at (0,0) width 17: "\x{89B3}"
          RenderText {#text} at (937,450) size 62x484
            text run at (937,450) width 34: "\x{3066}\x{9762}"
            text run at (955,0) width 476: "\x{767D}\x{3044}\x{3002}\x{5C0F}\x{8AAC}\x{3082}\x{898B}\x{3066}\x{9762}\x{767D}\x{3044}\x{3002}\x{829D}\x{5C45}\x{3092}\x{898B}\x{3066}\x{9762}\x{767D}\x{3044}\x{4EBA}\x{3082}\x{3001}\x{5C0F}\x{8AAC}\x{3092}\x{8AAD}\x{3093}"
            text run at (982,0) width 229: "\x{3067}\x{9762}\x{767D}\x{3044}\x{4EBA}\x{3082}\x{3001}\x{81EA}\x{5DF1}\x{306E}\x{5229}\x{5BB3}\x{306F}"
          RenderRuby (inline) {RUBY} at (0,0) size 17x18
            RenderRubyRun (anonymous) at (982,228) size 18x20
              RenderRubyText {RT} at (-10,0) size 10x20
                RenderText {#text} at (0,0) size 10x20
                  text run at (0,0) width 20: "\x{305F}\x{306A}"
              RenderRubyBase (anonymous) at (0,0) size 18x20
                RenderInline {RB} at (0,0) size 17x18
                  RenderText {#text} at (0,1) size 17x18
                    text run at (0,1) width 17: "\x{68DA}"
          RenderText {#text} at (982,247) size 35x485
            text run at (982,247) width 238: "\x{3078}\x{4E0A}\x{3052}\x{3066}\x{3044}\x{308B}\x{3002}\x{898B}\x{305F}\x{308A}\x{8AAD}\x{3093}\x{3060}\x{308A}"
            text run at (1000,0) width 204: "\x{3059}\x{308B}\x{9593}\x{3060}\x{3051}\x{306F}\x{8A69}\x{4EBA}\x{3067}\x{3042}\x{308B}\x{3002}"
          RenderBR {BR} at (1000,204) size 17x0
          RenderText {#text} at (1027,0) size 17x331
            text run at (1027,0) width 331: "\x{3000}\x{305D}\x{308C}\x{3059}\x{3089}\x{3001}\x{666E}\x{901A}\x{306E}\x{829D}\x{5C45}\x{3084}\x{5C0F}\x{8AAC}\x{3067}\x{306F}\x{4EBA}\x{60C5}\x{3092}"
          RenderRuby (inline) {RUBY} at (0,0) size 17x18
            RenderRubyRun (anonymous) at (1027,330) size 18x20
              RenderRubyText {RT} at (-10,0) size 10x20
                RenderText {#text} at (0,0) size 10x20
                  text run at (0,0) width 20: "\x{307E}\x{306C}"
              RenderRubyBase (anonymous) at (0,0) size 18x20
                RenderInline {RB} at (0,0) size 17x18
                  RenderText {#text} at (0,1) size 17x18
                    text run at (0,1) width 17: "\x{514D}"
          RenderText {#text} at (1027,349) size 80x485
            text run at (1027,349) width 136: "\x{304B}\x{308C}\x{306C}\x{3002}\x{82E6}\x{3057}\x{3093}\x{3060}"
            text run at (1045,0) width 484: "\x{308A}\x{3001}\x{6012}\x{3063}\x{305F}\x{308A}\x{3001}\x{9A12}\x{3044}\x{3060}\x{308A}\x{3001}\x{6CE3}\x{3044}\x{305F}\x{308A}\x{3059}\x{308B}\x{3002}\x{898B}\x{308B}\x{3082}\x{306E}\x{3082}\x{3044}\x{3064}\x{304B}\x{305D}"
            text run at (1063,0) width 484: "\x{306E}\x{4E2D}\x{306B}\x{540C}\x{5316}\x{3057}\x{3066}\x{82E6}\x{3057}\x{3093}\x{3060}\x{308A}\x{3001}\x{6012}\x{3063}\x{305F}\x{308A}\x{3001}\x{9A12}\x{3044}\x{3060}\x{308A}\x{3001}\x{6CE3}\x{3044}\x{305F}\x{308A}\x{3059}"
            text run at (1090,0) width 34: "\x{308B}\x{3002}"
          RenderRuby (inline) {RUBY} at (0,0) size 17x34
            RenderRubyRun (anonymous) at (1090,34) size 18x34
              RenderRubyText {RT} at (-10,0) size 10x34
                RenderText {#text} at (0,2) size 10x30
                  text run at (0,2) width 30: "\x{3068}\x{308A}\x{3048}"
              RenderRubyBase (anonymous) at (0,0) size 18x34
                RenderInline {RB} at (0,0) size 17x34
                  RenderText {#text} at (0,0) size 17x34
                    text run at (0,0) width 34: "\x{53D6}\x{67C4}"
          RenderText {#text} at (1090,68) size 17x68
            text run at (1090,68) width 68: "\x{306F}\x{5229}\x{617E}\x{304C}"
          RenderRuby (inline) {RUBY} at (0,0) size 17x18
            RenderRubyRun (anonymous) at (1090,135) size 18x20
              RenderRubyText {RT} at (-10,0) size 10x20
                RenderText {#text} at (0,0) size 10x20
                  text run at (0,0) width 20: "\x{307E}\x{3058}"
              RenderRubyBase (anonymous) at (0,0) size 18x20
                RenderInline {RB} at (0,0) size 17x18
                  RenderText {#text} at (0,1) size 17x18
                    text run at (0,1) width 17: "\x{4EA4}"
          RenderText {#text} at (1090,154) size 17x119
            text run at (1090,154) width 119: "\x{3089}\x{306C}\x{3068}\x{4E91}\x{3046}\x{70B9}\x{306B}"
          RenderRuby (inline) {RUBY} at (0,0) size 17x18
            RenderRubyRun (anonymous) at (1090,272) size 18x20
              RenderRubyText {RT} at (-10,0) size 10x20
                RenderText {#text} at (0,0) size 10x20
                  text run at (0,0) width 20: "\x{305D}\x{3093}"
              RenderRubyBase (anonymous) at (0,0) size 18x20
                RenderInline {RB} at (0,0) size 17x18
                  RenderText {#text} at (0,1) size 17x18
                    text run at (0,1) width 17: "\x{5B58}"
          RenderText {#text} at (1090,291) size 44x478
            text run at (1090,291) width 187: "\x{3059}\x{308B}\x{304B}\x{3082}\x{77E5}\x{308C}\x{306C}\x{304C}\x{3001}\x{4EA4}\x{3089}"
            text run at (1117,0) width 152: "\x{306C}\x{3060}\x{3051}\x{306B}\x{305D}\x{306E}\x{4ED6}\x{306E}"
          RenderRuby (inline) {RUBY} at (0,0) size 17x42
            RenderRubyRun (anonymous) at (1117,148) size 18x50
              RenderRubyText {RT} at (-10,0) size 10x50
                RenderText {#text} at (0,0) size 10x50
                  text run at (0,0) width 50: "\x{3058}\x{3087}\x{3046}\x{3057}\x{3087}"
              RenderRubyBase (anonymous) at (0,0) size 18x50
                RenderInline {RB} at (0,0) size 17x34
                  RenderText {#text} at (0,8) size 17x34
                    text run at (0,8) width 34: "\x{60C5}\x{7DD2}"
          RenderText {#text} at (1117,194) size 44x483
            text run at (1117,194) width 289: "\x{306F}\x{5E38}\x{3088}\x{308A}\x{306F}\x{4F59}\x{8A08}\x{306B}\x{6D3B}\x{52D5}\x{3059}\x{308B}\x{3060}\x{308D}\x{3046}\x{3002}\x{305D}"
            text run at (1144,0) width 34: "\x{308C}\x{304C}"
          RenderRuby (inline) {RUBY} at (0,0) size 17x18
            RenderRubyRun (anonymous) at (1144,33) size 18x20
              RenderRubyText {RT} at (-10,0) size 10x20
                RenderText {#text} at (0,0) size 10x20
                  text run at (0,0) width 20: "\x{3044}\x{3084}"
              RenderRubyBase (anonymous) at (0,0) size 18x20
                RenderInline {RB} at (0,0) size 17x18
                  RenderText {#text} at (0,1) size 17x18
                    text run at (0,1) width 17: "\x{5ACC}"
          RenderText {#text} at (1144,52) size 17x34
            text run at (1144,52) width 34: "\x{3060}\x{3002}"
          RenderBR {BR} at (1144,86) size 17x0
          RenderText {#text} at (1162,0) size 44x484
            text run at (1162,0) width 484: "\x{3000}\x{82E6}\x{3057}\x{3093}\x{3060}\x{308A}\x{3001}\x{6012}\x{3063}\x{305F}\x{308A}\x{3001}\x{9A12}\x{3044}\x{3060}\x{308A}\x{3001}\x{6CE3}\x{3044}\x{305F}\x{308A}\x{306F}\x{4EBA}\x{306E}\x{4E16}\x{306B}\x{3064}\x{304D}"
            text run at (1189,0) width 254: "\x{3082}\x{306E}\x{3060}\x{3002}\x{4F59}\x{3082}\x{4E09}\x{5341}\x{5E74}\x{306E}\x{9593}\x{305D}\x{308C}\x{3092}"
          RenderRuby (inline) {RUBY} at (0,0) size 17x34
            RenderRubyRun (anonymous) at (1189,254) size 18x34
              RenderRubyText {RT} at (-10,0) size 10x34
                RenderText {#text} at (0,2) size 10x30
                  text run at (0,2) width 30: "\x{3057}\x{3068}\x{304A}"
              RenderRubyBase (anonymous) at (0,0) size 18x34
                RenderInline {RB} at (0,0) size 17x34
                  RenderText {#text} at (0,0) size 17x34
                    text run at (0,0) width 34: "\x{4ED5}\x{901A}"
          RenderText {#text} at (1189,288) size 17x51
            text run at (1189,288) width 51: "\x{3057}\x{3066}\x{3001}"
          RenderRuby (inline) {RUBY} at (0,0) size 17x34
            RenderRubyRun (anonymous) at (1189,336) size 18x40
              RenderRubyText {RT} at (-10,0) size 10x40
                RenderText {#text} at (0,0) size 10x40
                  text run at (0,0) width 40: "\x{3042}\x{304D}\x{3042}\x{304D}"
              RenderRubyBase (anonymous) at (0,0) size 18x40
                RenderInline {RB} at (0,0) size 17x34
                  RenderText {#text} at (0,3) size 17x34
                    text run at (0,3) width 34: "\x{98FD}\x{3005}"
          RenderText {#text} at (1189,373) size 17x51
            text run at (1189,373) width 51: "\x{3057}\x{305F}\x{3002}"
          RenderRuby (inline) {RUBY} at (0,0) size 17x17
            RenderRubyRun (anonymous) at (1189,424) size 18x17
              RenderRubyText {RT} at (-10,0) size 10x17
                RenderText {#text} at (0,3) size 10x11
                  text run at (0,3) width 10: "\x{3042}"
              RenderRubyBase (anonymous) at (0,0) size 18x17
                RenderInline {RB} at (0,0) size 17x17
                  RenderText {#text} at (0,0) size 17x17
                    text run at (0,0) width 17: "\x{98FD}"
          RenderText {#text} at (1189,441) size 62x476
            text run at (1189,441) width 34: "\x{304D}\x{98FD}"
            text run at (1207,0) width 476: "\x{304D}\x{3057}\x{305F}\x{4E0A}\x{306B}\x{829D}\x{5C45}\x{3084}\x{5C0F}\x{8AAC}\x{3067}\x{540C}\x{3058}\x{523A}\x{6FC0}\x{3092}\x{7E70}\x{308A}\x{8FD4}\x{3057}\x{3066}\x{306F}\x{5927}\x{5909}\x{3060}\x{3002}\x{4F59}\x{304C}"
            text run at (1234,0) width 263: "\x{6B32}\x{3059}\x{308B}\x{8A69}\x{306F}\x{305D}\x{3093}\x{306A}\x{4E16}\x{9593}\x{7684}\x{306E}\x{4EBA}\x{60C5}\x{3092}"
          RenderRuby (inline) {RUBY} at (0,0) size 17x34
            RenderRubyRun (anonymous) at (1234,263) size 18x34
              RenderRubyText {RT} at (-10,0) size 10x34
                RenderText {#text} at (0,7) size 10x20
                  text run at (0,7) width 20: "\x{3053}\x{3076}"
              RenderRubyBase (anonymous) at (0,0) size 18x34
                RenderInline {RB} at (0,0) size 17x34
                  RenderText {#text} at (0,0) size 17x34
                    text run at (0,0) width 34: "\x{9F13}\x{821E}"
          RenderText {#text} at (1234,297) size 44x475
            text run at (1234,297) width 178: "\x{3059}\x{308B}\x{3088}\x{3046}\x{306A}\x{3082}\x{306E}\x{3067}\x{306F}\x{306A}"
            text run at (1261,0) width 272: "\x{3044}\x{3002}\x{4FD7}\x{5FF5}\x{3092}\x{653E}\x{68C4}\x{3057}\x{3066}\x{3001}\x{3057}\x{3070}\x{3089}\x{304F}\x{3067}\x{3082}"
          RenderRuby (inline) {RUBY} at (0,0) size 17x34
            RenderRubyRun (anonymous) at (1261,269) size 18x40
              RenderRubyText {RT} at (-10,0) size 10x40
                RenderText {#text} at (0,0) size 10x40
                  text run at (0,0) width 40: "\x{3058}\x{3093}\x{304B}\x{3044}"
              RenderRubyBase (anonymous) at (0,0) size 18x40
                RenderInline {RB} at (0,0) size 17x34
                  RenderText {#text} at (0,3) size 17x34
                    text run at (0,3) width 34: "\x{5875}\x{754C}"
          RenderText {#text} at (1261,306) size 98x484
            text run at (1261,306) width 170: "\x{3092}\x{96E2}\x{308C}\x{305F}\x{5FC3}\x{6301}\x{3061}\x{306B}\x{306A}\x{308C}"
            text run at (1279,0) width 476: "\x{308B}\x{8A69}\x{3067}\x{3042}\x{308B}\x{3002}\x{3044}\x{304F}\x{3089}\x{5091}\x{4F5C}\x{3067}\x{3082}\x{4EBA}\x{60C5}\x{3092}\x{96E2}\x{308C}\x{305F}\x{829D}\x{5C45}\x{306F}\x{306A}\x{3044}\x{3001}\x{7406}\x{975E}\x{3092}"
            text run at (1297,0) width 484: "\x{7D76}\x{3057}\x{305F}\x{5C0F}\x{8AAC}\x{306F}\x{5C11}\x{304B}\x{308D}\x{3046}\x{3002}\x{3069}\x{3053}\x{307E}\x{3067}\x{3082}\x{4E16}\x{9593}\x{3092}\x{51FA}\x{308B}\x{4E8B}\x{304C}\x{51FA}\x{6765}\x{306C}\x{306E}\x{304C}"
            text run at (1315,0) width 475: "\x{5F7C}\x{3089}\x{306E}\x{7279}\x{8272}\x{3067}\x{3042}\x{308B}\x{3002}\x{3053}\x{3068}\x{306B}\x{897F}\x{6D0B}\x{306E}\x{8A69}\x{306B}\x{306A}\x{308B}\x{3068}\x{3001}\x{4EBA}\x{4E8B}\x{304C}\x{6839}\x{672C}\x{306B}"
            text run at (1342,0) width 136: "\x{306A}\x{308B}\x{304B}\x{3089}\x{3044}\x{308F}\x{3086}\x{308B}"
          RenderRuby (inline) {RUBY} at (0,0) size 17x34
            RenderRubyRun (anonymous) at (1342,136) size 18x34
              RenderRubyText {RT} at (-10,0) size 10x34
                RenderText {#text} at (0,2) size 10x30
                  text run at (0,2) width 30: "\x{3057}\x{3044}\x{304B}"
              RenderRubyBase (anonymous) at (0,0) size 18x34
                RenderInline {RB} at (0,0) size 17x34
                  RenderText {#text} at (0,0) size 17x34
                    text run at (0,0) width 34: "\x{8A69}\x{6B4C}"
          RenderText {#text} at (1342,170) size 17x194
            text run at (1342,170) width 194: "\x{306E}\x{7D14}\x{7C8B}\x{306A}\x{308B}\x{3082}\x{306E}\x{3082}\x{3053}\x{306E}"
          RenderRuby (inline) {RUBY} at (0,0) size 17x22
            RenderRubyRun (anonymous) at (1342,360) size 18x30
              RenderRubyText {RT} at (-10,0) size 10x30
                RenderText {#text} at (0,0) size 10x30
                  text run at (0,0) width 30: "\x{304D}\x{3087}\x{3046}"
              RenderRubyBase (anonymous) at (0,0) size 18x30
                RenderInline {RB} at (0,0) size 17x18
                  RenderText {#text} at (0,6) size 17x18
                    text run at (0,6) width 17: "\x{5883}"
          RenderText {#text} at (1342,386) size 17x17
            text run at (1342,386) width 17: "\x{3092}"
          RenderRuby (inline) {RUBY} at (0,0) size 17x34
            RenderRubyRun (anonymous) at (1342,403) size 18x34
              RenderRubyText {RT} at (-10,0) size 10x34
                RenderText {#text} at (0,2) size 10x30
                  text run at (0,2) width 30: "\x{3052}\x{3060}\x{3064}"
              RenderRubyBase (anonymous) at (0,0) size 18x34
                RenderInline {RB} at (0,0) size 17x34
                  RenderText {#text} at (0,0) size 17x34
                    text run at (0,0) width 34: "\x{89E3}\x{8131}"
          RenderText {#text} at (1342,437) size 62x488
            text run at (1342,437) width 51: "\x{3059}\x{308B}\x{4E8B}"
            text run at (1360,0) width 476: "\x{3092}\x{77E5}\x{3089}\x{306C}\x{3002}\x{3069}\x{3053}\x{307E}\x{3067}\x{3082}\x{540C}\x{60C5}\x{3060}\x{3068}\x{304B}\x{3001}\x{611B}\x{3060}\x{3068}\x{304B}\x{3001}\x{6B63}\x{7FA9}\x{3060}\x{3068}\x{304B}\x{3001}\x{81EA}"
            text run at (1387,0) width 85: "\x{7531}\x{3060}\x{3068}\x{304B}\x{3001}"
          RenderRuby (inline) {RUBY} at (0,0) size 17x34
            RenderRubyRun (anonymous) at (1387,85) size 18x34
              RenderRubyText {RT} at (-10,0) size 10x34
                RenderText {#text} at (0,2) size 10x30
                  text run at (0,2) width 30: "\x{3046}\x{304D}\x{3088}"
              RenderRubyBase (anonymous) at (0,0) size 18x34
                RenderInline {RB} at (0,0) size 17x34
                  RenderText {#text} at (0,0) size 17x34
                    text run at (0,0) width 34: "\x{6D6E}\x{4E16}"
          RenderText {#text} at (1387,119) size 17x25
            text run at (1387,119) width 25: "\x{306E}"
          RenderRuby (inline) {RUBY} at (0,0) size 17x51
            RenderRubyRun (anonymous) at (1387,144) size 18x51
              RenderRubyText {RT} at (-10,0) size 10x51
                RenderText {#text} at (0,0) size 10x51
                  text run at (0,0) width 50: "\x{304B}\x{3093}\x{3053}\x{3046}\x{3070}"
              RenderRubyBase (anonymous) at (0,0) size 18x51
                RenderInline {RB} at (0,0) size 17x51
                  RenderText {#text} at (0,0) size 17x51
                    text run at (0,0) width 51: "\x{52E7}\x{5DE5}\x{5834}"
          RenderText {#text} at (1387,195) size 17x178
            text run at (1387,195) width 178: "\x{306B}\x{3042}\x{308B}\x{3082}\x{306E}\x{3060}\x{3051}\x{3067}\x{7528}\x{3092}"
          RenderRuby (inline) {RUBY} at (0,0) size 17x18
            RenderRubyRun (anonymous) at (1387,372) size 18x20
              RenderRubyText {RT} at (-10,0) size 10x20
                RenderText {#text} at (0,0) size 10x20
                  text run at (0,0) width 20: "\x{3079}\x{3093}"
              RenderRubyBase (anonymous) at (0,0) size 18x20
                RenderInline {RB} at (0,0) size 17x18
                  RenderText {#text} at (0,1) size 17x18
                    text run at (0,1) width 17: "\x{5F01}"
          RenderText {#text} at (1387,391) size 44x476
            text run at (1387,391) width 85: "\x{3058}\x{3066}\x{3044}\x{308B}\x{3002}"
            text run at (1414,0) width 263: "\x{3044}\x{304F}\x{3089}\x{8A69}\x{7684}\x{306B}\x{306A}\x{3063}\x{3066}\x{3082}\x{5730}\x{9762}\x{306E}\x{4E0A}\x{3092}"
          RenderRuby (inline) {RUBY} at (0,0) size 17x17
            RenderRubyRun (anonymous) at (1414,263) size 18x17
              RenderRubyText {RT} at (-10,0) size 10x17
                RenderText {#text} at (0,3) size 10x11
                  text run at (0,3) width 10: "\x{304B}"
              RenderRubyBase (anonymous) at (0,0) size 18x17
                RenderInline {RB} at (0,0) size 17x17
                  RenderText {#text} at (0,0) size 17x17
                    text run at (0,0) width 17: "\x{99B3}"
          RenderText {#text} at (1414,280) size 17x119
            text run at (1414,280) width 119: "\x{3051}\x{3066}\x{3042}\x{308B}\x{3044}\x{3066}\x{3001}"
          RenderRuby (inline) {RUBY} at (0,0) size 17x18
            RenderRubyRun (anonymous) at (1414,398) size 18x20
              RenderRubyText {RT} at (-10,0) size 10x20
                RenderText {#text} at (0,0) size 10x20
                  text run at (0,0) width 20: "\x{305C}\x{306B}"
              RenderRubyBase (anonymous) at (0,0) size 18x20
                RenderInline {RB} at (0,0) size 17x18
                  RenderText {#text} at (0,1) size 17x18
                    text run at (0,1) width 17: "\x{92AD}"
          RenderText {#text} at (1414,417) size 44x476
            text run at (1414,417) width 59: "\x{306E}\x{52D8}\x{5B9A}"
            text run at (1441,0) width 255: "\x{3092}\x{5FD8}\x{308C}\x{308B}\x{3072}\x{307E}\x{304C}\x{306A}\x{3044}\x{3002}\x{30B7}\x{30A7}\x{30EC}\x{30FC}\x{304C}"
          RenderRuby (inline) {RUBY} at (0,0) size 17x34
            RenderRubyRun (anonymous) at (1441,255) size 18x34
              RenderRubyText {RT} at (-10,0) size 10x34
                RenderText {#text} at (0,2) size 10x30
                  text run at (0,2) width 30: "\x{3072}\x{3070}\x{308A}"
              RenderRubyBase (anonymous) at (0,0) size 18x34
                RenderInline {RB} at (0,0) size 17x34
                  RenderText {#text} at (0,0) size 17x34
                    text run at (0,0) width 34: "\x{96F2}\x{96C0}"
          RenderText {#text} at (1441,289) size 35x484
            text run at (1441,289) width 195: "\x{3092}\x{805E}\x{3044}\x{3066}\x{5606}\x{606F}\x{3057}\x{305F}\x{306E}\x{3082}\x{7121}"
            text run at (1459,0) width 85: "\x{7406}\x{306F}\x{306A}\x{3044}\x{3002}"
          RenderBR {BR} at (1459,85) size 17x0
          RenderText {#text} at (1486,0) size 17x178
            text run at (1486,0) width 178: "\x{3000}\x{3046}\x{308C}\x{3057}\x{3044}\x{4E8B}\x{306B}\x{6771}\x{6D0B}\x{306E}"
          RenderRuby (inline) {RUBY} at (0,0) size 17x34
            RenderRubyRun (anonymous) at (1486,178) size 18x34
              RenderRubyText {RT} at (-10,0) size 10x34
                RenderText {#text} at (0,2) size 10x30
                  text run at (0,2) width 30: "\x{3057}\x{3044}\x{304B}"
              RenderRubyBase (anonymous) at (0,0) size 18x34
                RenderInline {RB} at (0,0) size 17x34
                  RenderText {#text} at (0,0) size 17x34
                    text run at (0,0) width 34: "\x{8A69}\x{6B4C}"
          RenderText {#text} at (1486,212) size 17x68
            text run at (1486,212) width 68: "\x{306F}\x{305D}\x{3053}\x{3092}"
          RenderRuby (inline) {RUBY} at (0,0) size 17x34
            RenderRubyRun (anonymous) at (1486,280) size 18x34
              RenderRubyText {RT} at (-10,0) size 10x34
                RenderText {#text} at (0,2) size 10x30
                  text run at (0,2) width 30: "\x{3052}\x{3060}\x{3064}"
              RenderRubyBase (anonymous) at (0,0) size 18x34
                RenderInline {RB} at (0,0) size 17x34
                  RenderText {#text} at (0,0) size 17x34
                    text run at (0,0) width 34: "\x{89E3}\x{8131}"
          RenderText {#text} at (1486,314) size 17x127
            text run at (1486,314) width 127: "\x{3057}\x{305F}\x{306E}\x{304C}\x{3042}\x{308B}\x{3002}"
          RenderRuby (inline) {RUBY} at (0,0) size 17x46
            RenderRubyRun (anonymous) at (1486,437) size 18x50
              RenderRubyText {RT} at (-10,0) size 10x50
                RenderText {#text} at (0,0) size 10x50
                  text run at (0,0) width 50: "\x{304D}\x{304F}\x{3092}\x{3068}\x{308B}"
              RenderRubyBase (anonymous) at (0,0) size 18x50
                RenderInline {RB} at (0,0) size 17x34
                  RenderText {#text} at (0,8) size 17x34
                    text run at (0,8) width 34: "\x{63A1}\x{83CA}"
          RenderRuby (inline) {RUBY} at (0,0) size 17x61
            RenderRubyRun (anonymous) at (1513,0) size 18x65
              RenderRubyText {RT} at (-10,0) size 10x65
                RenderText {#text} at (0,0) size 10x65
                  text run at (0,0) width 65: "\x{3068}\x{3046}\x{308A}\x{306E}\x{3082}\x{3068}"
              RenderRubyBase (anonymous) at (0,0) size 18x65
                RenderInline {RB} at (0,0) size 17x51
                  RenderText {#text} at (0,7) size 17x51
                    text run at (0,7) width 51: "\x{6771}\x{7C6C}\x{4E0B}"
          RenderText {#text} at (1513,61) size 17x17
            text run at (1513,61) width 17: "\x{3001}"
          RenderRuby (inline) {RUBY} at (0,0) size 17x66
            RenderRubyRun (anonymous) at (1513,74) size 18x70
              RenderRubyText {RT} at (-10,0) size 10x70
                RenderText {#text} at (0,0) size 10x70
                  text run at (0,0) width 70: "\x{3086}\x{3046}\x{305C}\x{3093}\x{3068}\x{3057}\x{3066}"
              RenderRubyBase (anonymous) at (0,0) size 18x70
                RenderInline {RB} at (0,0) size 17x34
                  RenderText {#text} at (0,18) size 17x34
                    text run at (0,18) width 34: "\x{60A0}\x{7136}"
          RenderRuby (inline) {RUBY} at (0,0) size 17x66
            RenderRubyRun (anonymous) at (1513,144) size 18x70
              RenderRubyText {RT} at (-10,0) size 10x70
                RenderText {#text} at (0,0) size 10x70
                  text run at (0,0) width 70: "\x{306A}\x{3093}\x{3056}\x{3093}\x{3092}\x{307F}\x{308B}"
              RenderRubyBase (anonymous) at (0,0) size 18x70
                RenderInline {RB} at (0,0) size 17x52
                  RenderText {#text} at (0,9) size 17x52
                    text run at (0,9) width 51: "\x{898B}\x{5357}\x{5C71}"
          RenderText {#text} at (1513,210) size 17x144
            text run at (1513,210) width 144: "\x{3002}\x{305F}\x{3060}\x{305D}\x{308C}\x{304E}\x{308A}\x{306E}"
          RenderRuby (inline) {RUBY} at (0,0) size 17x18
            RenderRubyRun (anonymous) at (1513,353) size 18x20
              RenderRubyText {RT} at (-10,0) size 10x20
                RenderText {#text} at (0,0) size 10x20
                  text run at (0,0) width 20: "\x{3046}\x{3061}"
              RenderRubyBase (anonymous) at (0,0) size 18x20
                RenderInline {RB} at (0,0) size 17x18
                  RenderText {#text} at (0,1) size 17x18
                    text run at (0,1) width 17: "\x{88CF}"
          RenderText {#text} at (1513,372) size 35x483
            text run at (1513,372) width 102: "\x{306B}\x{6691}\x{82E6}\x{3057}\x{3044}\x{4E16}"
            text run at (1531,0) width 483: "\x{306E}\x{4E2D}\x{3092}\x{307E}\x{308B}\x{3067}\x{5FD8}\x{308C}\x{305F}\x{5149}\x{666F}\x{304C}\x{51FA}\x{3066}\x{304F}\x{308B}\x{3002}\x{57A3}\x{306E}\x{5411}\x{3046}\x{306B}\x{96A3}\x{308A}\x{306E}\x{5A18}\x{304C}"
          RenderRuby (inline) {RUBY} at (0,0) size 17x21
            RenderRubyRun (anonymous) at (1558,0) size 18x25
              RenderRubyText {RT} at (-10,0) size 10x25
                RenderText {#text} at (0,0) size 10x25
                  text run at (0,0) width 25: "\x{306E}\x{305E}"
              RenderRubyBase (anonymous) at (0,0) size 18x25
                RenderInline {RB} at (0,0) size 17x17
                  RenderText {#text} at (0,4) size 17x17
                    text run at (0,4) width 17: "\x{8997}"
          RenderText {#text} at (1558,21) size 17x187
            text run at (1558,21) width 187: "\x{3044}\x{3066}\x{308B}\x{8A33}\x{3067}\x{3082}\x{306A}\x{3051}\x{308C}\x{3070}\x{3001}"
          RenderRuby (inline) {RUBY} at (0,0) size 17x34
            RenderRubyRun (anonymous) at (1558,205) size 18x40
              RenderRubyText {RT} at (-10,0) size 10x40
                RenderText {#text} at (0,0) size 10x40
                  text run at (0,0) width 40: "\x{306A}\x{3093}\x{3056}\x{3093}"
              RenderRubyBase (anonymous) at (0,0) size 18x40
                RenderInline {RB} at (0,0) size 17x34
                  RenderText {#text} at (0,3) size 17x34
                    text run at (0,3) width 34: "\x{5357}\x{5C71}"
          RenderText {#text} at (1558,242) size 44x480
            text run at (1558,242) width 238: "\x{306B}\x{89AA}\x{53CB}\x{304C}\x{5949}\x{8077}\x{3057}\x{3066}\x{3044}\x{308B}\x{6B21}\x{7B2C}\x{3067}\x{3082}"
            text run at (1585,0) width 102: "\x{306A}\x{3044}\x{3002}\x{8D85}\x{7136}\x{3068}"
          RenderRuby (inline) {RUBY} at (0,0) size 17x72
            RenderRubyRun (anonymous) at (1585,98) size 18x80
              RenderRubyText {RT} at (-10,0) size 10x80
                RenderText {#text} at (0,0) size 10x80
                  text run at (0,0) width 80: "\x{3057}\x{3085}\x{3063}\x{305B}\x{3051}\x{3093}\x{3066}\x{304D}"
              RenderRubyBase (anonymous) at (0,0) size 18x80
                RenderInline {RB} at (0,0) size 17x68
                  RenderText {#text} at (0,6) size 17x68
                    text run at (0,6) width 68: "\x{51FA}\x{4E16}\x{9593}\x{7684}"
          RenderText {#text} at (1585,174) size 44x488
            text run at (1585,174) width 314: "\x{306B}\x{5229}\x{5BB3}\x{640D}\x{5F97}\x{306E}\x{6C57}\x{3092}\x{6D41}\x{3057}\x{53BB}\x{3063}\x{305F}\x{5FC3}\x{6301}\x{3061}\x{306B}\x{306A}"
            text run at (1612,0) width 51: "\x{308C}\x{308B}\x{3002}"
          RenderRuby (inline) {RUBY} at (0,0) size 17x26
            RenderRubyRun (anonymous) at (1612,47) size 18x30
              RenderRubyText {RT} at (-10,0) size 10x30
                RenderText {#text} at (0,0) size 10x30
                  text run at (0,0) width 30: "\x{3072}\x{3068}\x{308A}"
              RenderRubyBase (anonymous) at (0,0) size 18x30
                RenderInline {RB} at (0,0) size 17x18
                  RenderText {#text} at (0,6) size 17x18
                    text run at (0,6) width 17: "\x{72EC}"
          RenderRuby (inline) {RUBY} at (0,0) size 17x101
            RenderRubyRun (anonymous) at (1612,77) size 18x105
              RenderRubyText {RT} at (-10,0) size 10x105
                RenderText {#text} at (0,0) size 10x105
                  text run at (0,0) width 105: "\x{3086}\x{3046}\x{3053}\x{3046}\x{306E}\x{3046}\x{3061}\x{306B}\x{3056}\x{3057}"
              RenderRubyBase (anonymous) at (0,0) size 18x105
                RenderInline {RB} at (0,0) size 17x69
                  RenderText {#text} at (0,18) size 17x69
                    text run at (0,18) width 68: "\x{5750}\x{5E7D}\x{7BC1}\x{88CF}"
          RenderText {#text} at (1612,178) size 17x17
            text run at (1612,178) width 17: "\x{3001}"
          RenderRuby (inline) {RUBY} at (0,0) size 17x66
            RenderRubyRun (anonymous) at (1612,191) size 18x70
              RenderRubyText {RT} at (-10,0) size 10x70
                RenderText {#text} at (0,0) size 10x70
                  text run at (0,0) width 70: "\x{304D}\x{3093}\x{3092}\x{3060}\x{3093}\x{3058}\x{3066}"
              RenderRubyBase (anonymous) at (0,0) size 18x70
                RenderInline {RB} at (0,0) size 17x34
                  RenderText {#text} at (0,18) size 17x34
                    text run at (0,18) width 34: "\x{5F3E}\x{7434}"
          RenderRuby (inline) {RUBY} at (0,0) size 17x86
            RenderRubyRun (anonymous) at (1612,261) size 18x90
              RenderRubyText {RT} at (-10,0) size 10x90
                RenderText {#text} at (0,0) size 10x90
                  text run at (0,0) width 90: "\x{307E}\x{305F}\x{3061}\x{3087}\x{3046}\x{3057}\x{3087}\x{3046}\x{3059}"
              RenderRubyBase (anonymous) at (0,0) size 18x90
                RenderInline {RB} at (0,0) size 17x52
                  RenderText {#text} at (0,19) size 17x52
                    text run at (0,19) width 51: "\x{5FA9}\x{9577}\x{562F}"
          RenderText {#text} at (1612,347) size 17x17
            text run at (1612,347) width 17: "\x{3001}"
          RenderRuby (inline) {RUBY} at (0,0) size 17x37
            RenderRubyRun (anonymous) at (1612,361) size 18x40
              RenderRubyText {RT} at (-10,0) size 10x40
                RenderText {#text} at (0,0) size 10x40
                  text run at (0,0) width 40: "\x{3057}\x{3093}\x{308A}\x{3093}"
              RenderRubyBase (anonymous) at (0,0) size 18x40
                RenderInline {RB} at (0,0) size 17x34
                  RenderText {#text} at (0,3) size 17x34
                    text run at (0,3) width 34: "\x{6DF1}\x{6797}"
          RenderRuby (inline) {RUBY} at (0,0) size 17x51
            RenderRubyRun (anonymous) at (1612,401) size 18x51
              RenderRubyText {RT} at (-10,0) size 10x51
                RenderText {#text} at (0,0) size 10x51
                  text run at (0,0) width 50: "\x{3072}\x{3068}\x{3057}\x{3089}\x{305A}"
              RenderRubyBase (anonymous) at (0,0) size 18x51
                RenderInline {RB} at (0,0) size 17x51
                  RenderText {#text} at (0,0) size 17x51
                    text run at (0,0) width 51: "\x{4EBA}\x{4E0D}\x{77E5}"
          RenderText {#text} at (1612,452) size 17x17
            text run at (1612,452) width 17: "\x{3001}"
          RenderRuby (inline) {RUBY} at (0,0) size 17x80
            RenderRubyRun (anonymous) at (1639,0) size 18x80
              RenderRubyText {RT} at (-10,0) size 10x80
                RenderText {#text} at (0,0) size 10x80
                  text run at (0,0) width 80: "\x{3081}\x{3044}\x{3052}\x{3064}\x{304D}\x{305F}\x{308A}\x{3066}"
              RenderRubyBase (anonymous) at (0,0) size 18x80
                RenderInline {RB} at (0,0) size 17x52
                  RenderText {#text} at (0,14) size 17x52
                    text run at (0,14) width 51: "\x{660E}\x{6708}\x{6765}"
          RenderRuby (inline) {RUBY} at (0,0) size 17x46
            RenderRubyRun (anonymous) at (1639,80) size 18x50
              RenderRubyText {RT} at (-10,0) size 10x50
                RenderText {#text} at (0,0) size 10x50
                  text run at (0,0) width 50: "\x{3042}\x{3044}\x{3066}\x{3089}\x{3059}"
              RenderRubyBase (anonymous) at (0,0) size 18x50
                RenderInline {RB} at (0,0) size 17x34
                  RenderText {#text} at (0,8) size 17x34
                    text run at (0,8) width 34: "\x{76F8}\x{7167}"
          RenderText {#text} at (1639,126) size 17x178
            text run at (1639,126) width 178: "\x{3002}\x{305F}\x{3060}\x{4E8C}\x{5341}\x{5B57}\x{306E}\x{3046}\x{3061}\x{306B}"
          RenderRuby (inline) {RUBY} at (0,0) size 17x18
            RenderRubyRun (anonymous) at (1639,303) size 18x20
              RenderRubyText {RT} at (-10,0) size 10x20
                RenderText {#text} at (0,0) size 10x20
                  text run at (0,0) width 20: "\x{3086}\x{3046}"
              RenderRubyBase (anonymous) at (0,0) size 18x20
                RenderInline {RB} at (0,0) size 17x18
                  RenderText {#text} at (0,1) size 17x18
                    text run at (0,1) width 17: "\x{512A}"
          RenderText {#text} at (1639,322) size 17x17
            text run at (1639,322) width 17: "\x{306B}"
          RenderRuby (inline) {RUBY} at (0,0) size 17x52
            RenderRubyRun (anonymous) at (1639,335) size 18x60
              RenderRubyText {RT} at (-10,0) size 10x60
                RenderText {#text} at (0,0) size 10x60
                  text run at (0,0) width 60: "\x{3079}\x{3064}\x{3051}\x{3093}\x{3053}\x{3093}"
              RenderRubyBase (anonymous) at (0,0) size 18x60
                RenderInline {RB} at (0,0) size 17x52
                  RenderText {#text} at (0,4) size 17x52
                    text run at (0,4) width 51: "\x{5225}\x{4E7E}\x{5764}"
          RenderText {#text} at (1639,391) size 17x17
            text run at (1639,391) width 17: "\x{3092}"
          RenderRuby (inline) {RUBY} at (0,0) size 17x42
            RenderRubyRun (anonymous) at (1639,404) size 18x50
              RenderRubyText {RT} at (-10,0) size 10x50
                RenderText {#text} at (0,0) size 10x50
                  text run at (0,0) width 50: "\x{3053}\x{3093}\x{308A}\x{3085}\x{3046}"
              RenderRubyBase (anonymous) at (0,0) size 18x50
                RenderInline {RB} at (0,0) size 17x34
                  RenderText {#text} at (0,8) size 17x34
                    text run at (0,8) width 34: "\x{5EFA}\x{7ACB}"
          RenderText {#text} at (1639,450) size 44x484
            text run at (1639,450) width 34: "\x{3057}\x{3066}"
            text run at (1666,0) width 152: "\x{3044}\x{308B}\x{3002}\x{3053}\x{306E}\x{4E7E}\x{5764}\x{306E}"
          RenderRuby (inline) {RUBY} at (0,0) size 17x34
            RenderRubyRun (anonymous) at (1666,152) size 18x34
              RenderRubyText {RT} at (-10,0) size 10x34
                RenderText {#text} at (0,2) size 10x30
                  text run at (0,2) width 30: "\x{304F}\x{3069}\x{304F}"
              RenderRubyBase (anonymous) at (0,0) size 18x34
                RenderInline {RB} at (0,0) size 17x34
                  RenderText {#text} at (0,0) size 17x34
                    text run at (0,0) width 34: "\x{529F}\x{5FB3}"
          RenderText {#text} at (1666,186) size 17x34
            text run at (1666,186) width 34: "\x{306F}\x{300C}"
          RenderRuby (inline) {RUBY} at (0,0) size 17x51
            RenderRubyRun (anonymous) at (1666,220) size 18x51
              RenderRubyText {RT} at (-10,0) size 10x51
                RenderText {#text} at (0,0) size 10x51
                  text run at (0,0) width 50: "\x{307B}\x{3068}\x{3068}\x{304E}\x{3059}"
              RenderRubyBase (anonymous) at (0,0) size 18x51
                RenderInline {RB} at (0,0) size 17x51
                  RenderText {#text} at (0,0) size 17x51
                    text run at (0,0) width 51: "\x{4E0D}\x{5982}\x{5E30}"
          RenderText {#text} at (1666,271) size 17x51
            text run at (1666,271) width 51: "\x{300D}\x{3084}\x{300C}"
          RenderRuby (inline) {RUBY} at (0,0) size 17x68
            RenderRubyRun (anonymous) at (1666,321) size 18x70
              RenderRubyText {RT} at (-10,0) size 10x70
                RenderText {#text} at (0,0) size 10x70
                  text run at (0,0) width 70: "\x{3053}\x{3093}\x{3058}\x{304D}\x{3084}\x{3057}\x{3083}"
              RenderRubyBase (anonymous) at (0,0) size 18x70
                RenderInline {RB} at (0,0) size 17x68
                  RenderText {#text} at (0,1) size 17x68
                    text run at (0,1) width 68: "\x{91D1}\x{8272}\x{591C}\x{53C9}"
          RenderText {#text} at (1666,390) size 44x483
            text run at (1666,390) width 93: "\x{300D}\x{306E}\x{529F}\x{5FB3}\x{3067}"
            text run at (1693,0) width 459: "\x{306F}\x{306A}\x{3044}\x{3002}\x{6C7D}\x{8239}\x{3001}\x{6C7D}\x{8ECA}\x{3001}\x{6A29}\x{5229}\x{3001}\x{7FA9}\x{52D9}\x{3001}\x{9053}\x{5FB3}\x{3001}\x{793C}\x{7FA9}\x{3067}\x{75B2}\x{308C}\x{679C}\x{3066}\x{305F}"
          RenderRuby (inline) {RUBY} at (0,0) size 17x21
            RenderRubyRun (anonymous) at (1693,455) size 18x25
              RenderRubyText {RT} at (-10,0) size 10x25
                RenderText {#text} at (0,0) size 10x25
                  text run at (0,0) width 25: "\x{306E}\x{3061}"
              RenderRubyBase (anonymous) at (0,0) size 18x25
                RenderInline {RB} at (0,0) size 17x17
                  RenderText {#text} at (0,4) size 17x17
                    text run at (0,4) width 17: "\x{5F8C}"
          RenderText {#text} at (1711,0) size 17x442
            text run at (1711,0) width 442: "\x{306B}\x{3001}\x{3059}\x{3079}\x{3066}\x{3092}\x{5FD8}\x{5374}\x{3057}\x{3066}\x{3050}\x{3063}\x{3059}\x{308A}\x{5BDD}\x{8FBC}\x{3080}\x{3088}\x{3046}\x{306A}\x{529F}\x{5FB3}\x{3067}\x{3042}\x{308B}\x{3002}"
          RenderBR {BR} at (1711,442) size 17x0
