layer at (0,0) size 800x600
  RenderView at (0,0) size 800x600
layer at (0,0) size 800x600
  RenderBlock {HTML} at (0,0) size 800x600
    RenderBody {BODY} at (8,8) size 784x584
layer at (8,8) size 714x584
  RenderBlock {DIV} at (0,0) size 714x584 [border: (5px solid #000000)]
    RenderText {#text} at (5,15) size 2088x174
      text run at (5,15) width 139: "Lorem ipsum dolor sit"
      text run at (22,15) width 116: "amet, consectetuer"
      text run at (39,15) width 172: "adipiscing elit. Nulla varius"
      text run at (56,15) width 137: "enim ac mi. Curabitur"
      text run at (73,15) width 173: "sollicitudin felis quis lectus."
      text run at (90,15) width 121: "Quisque adipiscing"
      text run at (107,15) width 156: "rhoncus sem. Proin nulla"
      text run at (124,15) width 170: "purus, vulputate vel, varius"
      text run at (141,15) width 150: "ut, euismod et, nisi. Sed"
      text run at (158,15) width 158: "vitae felis vel orci sagittis"
      text run at (175,15) width 147: "aliquam. Cras convallis"
      text run at (192,15) width 132: "adipiscing sem. Nam"
      text run at (209,15) width 154: "nonummy enim. Nullam"
      text run at (226,15) width 160: "bibendum lobortis neque."
      text run at (243,15) width 136: "Vestibulum velit orci,"
      text run at (260,15) width 158: "tempus euismod, pretium"
      text run at (277,15) width 167: "quis, interdum vitae, nulla."
      text run at (294,15) width 172: "Phasellus eget ante et tortor"
      text run at (311,15) width 163: "condimentum vestibulum."
      text run at (328,15) width 137: "Suspendisse hendrerit"
      text run at (345,15) width 165: "quam nec felis. Sed varius"
      text run at (362,15) width 153: "turpis vitae pede. Lorem"
      text run at (379,15) width 131: "ipsum dolor sit amet,"
      text run at (396,15) width 173: "consectetuer adipiscing elit."
      text run at (413,15) width 153: "Proin bibendum justo ac"
      text run at (430,15) width 149: "enim. Class aptent taciti"
      text run at (447,15) width 166: "sociosqu ad litora torquent"
      text run at (464,15) width 144: "per conubia nostra, per"
      text run at (481,15) width 159: "inceptos hymenaeos. Sed"
      text run at (498,15) width 174: "leo nulla, rutrum eu, dictum"
      text run at (515,15) width 166: "ut, posuere vel, arcu. Nam"
      text run at (532,15) width 115: "libero. Morbi orci."
      text run at (549,15) width 149: "Maecenas pellentesque."
      text run at (566,15) width 118: "Curabitur erat erat,"
      text run at (583,15) width 145: "ullamcorper at, gravida"
      text run at (600,15) width 143: "vitae, iaculis vitae, elit."
      text run at (617,15) width 147: "Nullam quam. Quisque"
      text run at (634,15) width 170: "orci lectus, ullamcorper eu,"
      text run at (651,15) width 173: "imperdiet sed, accumsan et,"
      text run at (668,15) width 138: "ligula. Duis diam nisl,"
      text run at (685,15) width 164: "sagittis a, blandit volutpat,"
      text run at (709,15) width 120: "interdum sed, velit."
      text run at (726,15) width 166: "Vestibulum quam. Nulla a"
      text run at (743,15) width 151: "purus. Phasellus semper"
      text run at (760,15) width 128: "semper lectus. Nulla"
      text run at (777,15) width 138: "porttitor, dolor dictum"
      text run at (794,15) width 145: "scelerisque luctus, velit"
      text run at (811,15) width 157: "ipsum lobortis mauris, ac"
      text run at (828,15) width 141: "pretium enim nunc vel"
      text run at (845,15) width 158: "risus. Proin gravida mi ut"
      text run at (862,15) width 155: "sem cursus mattis. Fusce"
      text run at (879,15) width 143: "laoreet, nisi quis luctus"
      text run at (896,15) width 120: "volutpat, arcu pede"
      text run at (913,15) width 120: "tincidunt enim, nec"
      text run at (930,15) width 143: "malesuada urna nisl eu"
      text run at (947,15) width 138: "enim. Vivamus varius"
      text run at (964,15) width 99: "augue ac purus."
      text run at (981,15) width 150: "Vestibulum vestibulum."
      text run at (998,15) width 159: "Phasellus et est vitae ante"
      text run at (1015,15) width 163: "accumsan rhoncus. Morbi"
      text run at (1032,15) width 166: "convallis, arcu at hendrerit"
      text run at (1049,15) width 115: "gravida, sem diam"
      text run at (1066,15) width 168: "dignissim risus, sed aliquet"
      text run at (1083,15) width 166: "erat mi ut mi. Nunc cursus"
      text run at (1100,15) width 137: "lacinia elit. Nunc nisi."
      text run at (1117,15) width 99: "Quisque at erat."
      text run at (1134,15) width 159: "Vestibulum dictum quam"
      text run at (1151,15) width 169: "vitae nibh. Nunc vitae ante"
      text run at (1168,15) width 167: "non odio interdum blandit."
      text run at (1185,15) width 126: "Curabitur leo quam,"
      text run at (1202,15) width 164: "fermentum sed, feugiat in,"
      text run at (1219,15) width 131: "ullamcorper id, nibh."
      text run at (1236,15) width 155: "Suspendisse ac turpis. In"
      text run at (1253,15) width 141: "iaculis sollicitudin dui."
      text run at (1270,15) width 157: "Aenean vitae lectus vitae"
      text run at (1287,15) width 113: "nulla pellentesque"
      text run at (1304,15) width 163: "sollicitudin. Nunc gravida"
      text run at (1321,15) width 172: "pharetra lectus. Etiam lacus"
      text run at (1338,15) width 159: "ligula, placerat ut, dictum"
      text run at (1355,15) width 147: "vitae, tempus vel, risus."
      text run at (1372,15) width 144: "Cras rhoncus. Praesent"
      text run at (1389,15) width 169: "varius ultricies orci. Donec"
      text run at (1413,15) width 143: "mattis, neque ut ornare"
      text run at (1430,15) width 168: "fringilla, ante urna placerat"
      text run at (1447,15) width 146: "eros, vel commodo nisi"
      text run at (1464,15) width 143: "tortor ut mauris. Morbi"
      text run at (1481,15) width 173: "magna dui, sagittis sit amet,"
      text run at (1498,15) width 147: "tincidunt et, elementum"
      text run at (1515,15) width 170: "eget, quam. Fusce molestie"
      text run at (1532,15) width 174: "nisl vitae nisi. Vestibulum a"
      text run at (1549,15) width 137: "sapien. Phasellus ante"
      text run at (1566,15) width 169: "lacus, vehicula non, cursus"
      text run at (1583,15) width 129: "a, tempor ut, magna."
      text run at (1600,15) width 169: "Suspendisse potenti. Fusce"
      text run at (1617,15) width 126: "aliquet, odio viverra"
      text run at (1634,15) width 144: "vulputate dictum, enim"
      text run at (1651,15) width 128: "odio luctus purus, ut"
      text run at (1668,15) width 171: "scelerisque quam nulla non"
      text run at (1685,15) width 137: "est. Donec eros lacus,"
      text run at (1702,15) width 162: "egestas vitae, lacinia quis,"
      text run at (1719,15) width 159: "tempor quis, pede. Morbi"
      text run at (1736,15) width 163: "orci erat, iaculis id, ornare"
      text run at (1753,15) width 143: "ac, elementum at, sem."
      text run at (1770,15) width 159: "Nunc ornare sodales nisi."
      text run at (1787,15) width 166: "Morbi interdum commodo"
      text run at (1804,15) width 155: "nisl. Fusce eget eros non"
      text run at (1821,15) width 149: "nisi ornare facilisis. Sed"
      text run at (1838,15) width 155: "placerat, est non posuere"
      text run at (1855,15) width 121: "posuere, purus sem"
      text run at (1872,15) width 163: "dignissim libero, a viverra"
      text run at (1889,15) width 170: "tellus dolor vel lorem. Cras"
      text run at (1906,15) width 136: "augue. Etiam ultricies"
      text run at (1923,15) width 165: "consequat odio. Mauris ac"
      text run at (1940,15) width 138: "libero. Etiam posuere,"
      text run at (1957,15) width 127: "libero vitae euismod"
      text run at (1974,15) width 169: "gravida, urna elit imperdiet"
      text run at (1991,15) width 166: "magna, vel cursus elit felis"
      text run at (2008,15) width 148: "non mauris. Donec orci"
      text run at (2025,15) width 167: "erat, porta id, dignissim ut,"
      text run at (2042,15) width 127: "posuere dictum, leo."
      text run at (2059,15) width 150: "Suspendisse scelerisque"
      text run at (2076,15) width 84: "egestas nulla."
