layer at (0,0) size 800x600
  RenderView at (0,0) size 800x600
layer at (0,0) size 800x600
  RenderBlock {HTML} at (0,0) size 800x600
    RenderBody {BODY} at (8,8) size 776x584
layer at (8,8) size 160x584
  RenderBlock {P} at (0,0) size 160x584 [border: (10px solid #800000)]
    RenderText {#text} at (30,30) size 17x161
      text run at (30,30) width 161: "This is some column text."
    RenderBR {BR} at (33,191) size 0x0
    RenderText {#text} at (47,30) size 17x161
      text run at (47,30) width 161: "This is some column text."
    RenderBR {BR} at (50,191) size 0x0
    RenderText {#text} at (64,30) size 17x161
      text run at (64,30) width 161: "This is some column text."
    RenderBR {BR} at (67,191) size 0x0
    RenderText {#text} at (81,30) size 17x161
      text run at (81,30) width 161: "This is some column text."
    RenderBR {BR} at (84,191) size 0x0
    RenderText {#text} at (98,30) size 17x161
      text run at (98,30) width 161: "This is some column text."
    RenderBR {BR} at (101,191) size 0x0
    RenderText {#text} at (130,30) size 17x161
      text run at (130,30) width 161: "This is some column text."
    RenderBR {BR} at (133,191) size 0x0
    RenderText {#text} at (147,30) size 17x161
      text run at (147,30) width 161: "This is some column text."
    RenderBR {BR} at (150,191) size 0x0
    RenderText {#text} at (164,30) size 17x161
      text run at (164,30) width 161: "This is some column text."
    RenderBR {BR} at (167,191) size 0x0
    RenderText {#text} at (181,30) size 17x161
      text run at (181,30) width 161: "This is some column text."
    RenderBR {BR} at (184,191) size 0x0
    RenderText {#text} at (198,30) size 17x161
      text run at (198,30) width 161: "This is some column text."
    RenderBR {BR} at (201,191) size 0x0
    RenderText {#text} at (230,30) size 17x161
      text run at (230,30) width 161: "This is some column text."
    RenderBR {BR} at (233,191) size 0x0
    RenderText {#text} at (247,30) size 17x161
      text run at (247,30) width 161: "This is some column text."
    RenderBR {BR} at (250,191) size 0x0
    RenderText {#text} at (264,30) size 17x161
      text run at (264,30) width 161: "This is some column text."
    RenderBR {BR} at (267,191) size 0x0
layer at (184,8) size 160x584
  RenderBlock {P} at (176,0) size 160x584 [border: (10px solid #800000)]
    RenderText {#text} at (30,33) size 17x161
      text run at (30,33) width 4 RTL: "."
      text run at (30,37) width 157: "This is some column text"
    RenderBR {BR} at (33,33) size 0x0
    RenderText {#text} at (47,33) size 17x161
      text run at (47,33) width 4 RTL: "."
      text run at (47,37) width 157: "This is some column text"
    RenderBR {BR} at (50,33) size 0x0
    RenderText {#text} at (64,33) size 17x161
      text run at (64,33) width 4 RTL: "."
      text run at (64,37) width 157: "This is some column text"
    RenderBR {BR} at (67,33) size 0x0
    RenderText {#text} at (81,33) size 17x161
      text run at (81,33) width 4 RTL: "."
      text run at (81,37) width 157: "This is some column text"
    RenderBR {BR} at (84,33) size 0x0
    RenderText {#text} at (98,33) size 17x161
      text run at (98,33) width 4 RTL: "."
      text run at (98,37) width 157: "This is some column text"
    RenderBR {BR} at (101,33) size 0x0
    RenderText {#text} at (130,33) size 17x161
      text run at (130,33) width 4 RTL: "."
      text run at (130,37) width 157: "This is some column text"
    RenderBR {BR} at (133,33) size 0x0
    RenderText {#text} at (147,33) size 17x161
      text run at (147,33) width 4 RTL: "."
      text run at (147,37) width 157: "This is some column text"
    RenderBR {BR} at (150,33) size 0x0
    RenderText {#text} at (164,33) size 17x161
      text run at (164,33) width 4 RTL: "."
      text run at (164,37) width 157: "This is some column text"
    RenderBR {BR} at (167,33) size 0x0
    RenderText {#text} at (181,33) size 17x161
      text run at (181,33) width 4 RTL: "."
      text run at (181,37) width 157: "This is some column text"
    RenderBR {BR} at (184,33) size 0x0
    RenderText {#text} at (198,33) size 17x161
      text run at (198,33) width 4 RTL: "."
      text run at (198,37) width 157: "This is some column text"
    RenderBR {BR} at (201,33) size 0x0
    RenderText {#text} at (230,33) size 17x161
      text run at (230,33) width 4 RTL: "."
      text run at (230,37) width 157: "This is some column text"
    RenderBR {BR} at (233,33) size 0x0
    RenderText {#text} at (247,33) size 17x161
      text run at (247,33) width 4 RTL: "."
      text run at (247,37) width 157: "This is some column text"
    RenderBR {BR} at (250,33) size 0x0
    RenderText {#text} at (264,33) size 17x161
      text run at (264,33) width 4 RTL: "."
      text run at (264,37) width 157: "This is some column text"
    RenderBR {BR} at (267,33) size 0x0
