layer at (0,0) size 785x1208
  RenderView at (0,0) size 785x600
layer at (0,0) size 785x600
  RenderBlock {HTML} at (0,0) size 785x600
    RenderBody {BODY} at (8,8) size 769x1200
layer at (8,8) size 404x1200
  RenderBlock {DIV} at (0,0) size 404x1200 [border: (2px solid #000000)]
    RenderText {#text} at (2,2) size 17x110
      text run at (2,2) width 110: "This is some text."
    RenderBR {BR} at (5,112) size 0x0
    RenderText {#text} at (19,2) size 17x110
      text run at (19,2) width 110: "This is some text."
    RenderBR {BR} at (22,112) size 0x0
    RenderText {#text} at (36,2) size 17x110
      text run at (36,2) width 110: "This is some text."
    RenderBR {BR} at (39,112) size 0x0
    RenderText {#text} at (53,2) size 17x110
      text run at (53,2) width 110: "This is some text."
    RenderBR {BR} at (56,112) size 0x0
    RenderText {#text} at (70,2) size 17x110
      text run at (70,2) width 110: "This is some text."
    RenderBR {BR} at (73,112) size 0x0
    RenderText {#text} at (87,2) size 17x110
      text run at (87,2) width 110: "This is some text."
    RenderBR {BR} at (90,112) size 0x0
    RenderText {#text} at (104,2) size 17x110
      text run at (104,2) width 110: "This is some text."
    RenderBR {BR} at (107,112) size 0x0
    RenderText {#text} at (121,2) size 17x110
      text run at (121,2) width 110: "This is some text."
    RenderBR {BR} at (124,112) size 0x0
    RenderText {#text} at (138,2) size 17x110
      text run at (138,2) width 110: "This is some text."
    RenderBR {BR} at (141,112) size 0x0
    RenderText {#text} at (155,2) size 17x110
      text run at (155,2) width 110: "This is some text."
    RenderBR {BR} at (158,112) size 0x0
    RenderImage {IMG} at (402,2) size 300x250 [bgcolor=#008000]
    RenderText {#text} at (402,252) size 17x110
      text run at (402,252) width 110: "This is some text."
    RenderBR {BR} at (405,362) size 0x0
    RenderText {#text} at (419,252) size 17x110
      text run at (419,252) width 110: "This is some text."
    RenderBR {BR} at (422,362) size 0x0
    RenderText {#text} at (436,252) size 17x110
      text run at (436,252) width 110: "This is some text."
    RenderBR {BR} at (439,362) size 0x0
    RenderText {#text} at (453,252) size 17x110
      text run at (453,252) width 110: "This is some text."
    RenderBR {BR} at (456,362) size 0x0
    RenderText {#text} at (470,252) size 17x110
      text run at (470,252) width 110: "This is some text."
    RenderBR {BR} at (473,362) size 0x0
    RenderText {#text} at (487,252) size 17x110
      text run at (487,252) width 110: "This is some text."
    RenderBR {BR} at (490,362) size 0x0
    RenderText {#text} at (504,252) size 17x110
      text run at (504,252) width 110: "This is some text."
    RenderBR {BR} at (507,362) size 0x0
    RenderText {#text} at (521,252) size 17x110
      text run at (521,252) width 110: "This is some text."
    RenderBR {BR} at (524,362) size 0x0
    RenderText {#text} at (538,252) size 17x110
      text run at (538,252) width 110: "This is some text."
    RenderBR {BR} at (541,362) size 0x0
    RenderText {#text} at (555,252) size 17x110
      text run at (555,252) width 110: "This is some text."
    RenderBR {BR} at (558,362) size 0x0
    RenderText {#text} at (572,252) size 17x110
      text run at (572,252) width 110: "This is some text."
    RenderBR {BR} at (575,362) size 0x0
    RenderText {#text} at (589,252) size 17x110
      text run at (589,252) width 110: "This is some text."
    RenderBR {BR} at (592,362) size 0x0
    RenderText {#text} at (606,252) size 17x110
      text run at (606,252) width 110: "This is some text."
    RenderBR {BR} at (609,362) size 0x0
    RenderText {#text} at (623,252) size 17x110
      text run at (623,252) width 110: "This is some text."
    RenderBR {BR} at (626,362) size 0x0
    RenderText {#text} at (640,252) size 17x110
      text run at (640,252) width 110: "This is some text."
    RenderBR {BR} at (643,362) size 0x0
    RenderText {#text} at (657,252) size 17x110
      text run at (657,252) width 110: "This is some text."
    RenderBR {BR} at (660,362) size 0x0
    RenderText {#text} at (674,252) size 17x110
      text run at (674,252) width 110: "This is some text."
    RenderBR {BR} at (677,362) size 0x0
    RenderText {#text} at (691,252) size 17x110
      text run at (691,252) width 110: "This is some text."
    RenderBR {BR} at (694,362) size 0x0
    RenderText {#text} at (708,2) size 17x110
      text run at (708,2) width 110: "This is some text."
    RenderBR {BR} at (711,112) size 0x0
    RenderText {#text} at (725,2) size 17x110
      text run at (725,2) width 110: "This is some text."
    RenderBR {BR} at (728,112) size 0x0
    RenderText {#text} at (742,2) size 17x110
      text run at (742,2) width 110: "This is some text."
    RenderBR {BR} at (745,112) size 0x0
    RenderText {#text} at (759,2) size 17x110
      text run at (759,2) width 110: "This is some text."
    RenderBR {BR} at (762,112) size 0x0
    RenderText {#text} at (776,2) size 17x110
      text run at (776,2) width 110: "This is some text."
    RenderBR {BR} at (779,112) size 0x0
    RenderText {#text} at (802,2) size 17x110
      text run at (802,2) width 110: "This is some text."
    RenderBR {BR} at (805,112) size 0x0
    RenderText {#text} at (819,2) size 17x110
      text run at (819,2) width 110: "This is some text."
    RenderBR {BR} at (822,112) size 0x0
    RenderText {#text} at (836,2) size 17x110
      text run at (836,2) width 110: "This is some text."
    RenderBR {BR} at (839,112) size 0x0
    RenderText {#text} at (853,2) size 17x110
      text run at (853,2) width 110: "This is some text."
    RenderBR {BR} at (856,112) size 0x0
    RenderText {#text} at (870,2) size 17x110
      text run at (870,2) width 110: "This is some text."
    RenderBR {BR} at (873,112) size 0x0
    RenderText {#text} at (887,2) size 17x110
      text run at (887,2) width 110: "This is some text."
    RenderBR {BR} at (890,112) size 0x0
    RenderText {#text} at (904,2) size 17x110
      text run at (904,2) width 110: "This is some text."
    RenderBR {BR} at (907,112) size 0x0
