layer at (0,0) size 785x650
  RenderView at (0,0) size 785x600
layer at (0,0) size 785x650
  RenderBlock {HTML} at (0,0) size 785x650
    RenderBody {BODY} at (8,8) size 769x634
      RenderBlock {P} at (0,0) size 769x18
        RenderText {#text} at (0,0) size 334x18
          text run at (0,0) width 334: "This test's dominant plugin should play automatically"
      RenderBlock (anonymous) at (0,34) size 769x600
        RenderText {#text} at (0,0) size 0x0
layer at (8,42) size 600x600
  RenderEmbeddedObject {EMBED} at (0,0) size 600x600
