layer at (0,0) size 800x600
  RenderView at (0,0) size 800x600
layer at (0,0) size 800x600
  RenderBlock {HTML} at (0,0) size 800x600
    RenderBody {BODY} at (8,8) size 784x584
      RenderBlock {P} at (0,0) size 784x36
        RenderText {#text} at (0,0) size 784x36
          text run at (0,0) width 407: "This test ensures that quicktime plugins can also be snapshotted. "
          text run at (407,0) width 377: "We make the plugin here to small to be primary plugin, thus"
          text run at (0,18) width 159: "it should get snapshotted."
      RenderBlock (anonymous) at (0,52) size 784x300
        RenderText {#text} at (0,0) size 0x0
layer at (8,60) size 300x300
  RenderEmbeddedObject {EMBED} at (0,0) size 300x300
