layer at (0,0) size 800x600
  RenderView at (0,0) size 800x600
layer at (0,0) size 800x600
  RenderBlock {HTML} at (0,0) size 800x600
    RenderBody {BODY} at (8,8) size 784x584
      RenderBlock {P} at (0,0) size 784x34
        RenderText {#text} at (0,0) size 494x17
          text run at (0,0) width 494: "This tests the correct placement of inline spelling and grammar markers in text."
        RenderBR {BR} at (494,14) size 0x0
        RenderText {#text} at (0,17) size 477x17
          text run at (0,17) width 477: "Spelling markers should line up exactly under misspelled words in all cases."
      RenderBlock (anonymous) at (0,50) size 784x17
        RenderText {#text} at (0,0) size 31x17
          text run at (0,0) width 31: "LTR"
      RenderBlock (anonymous) at (0,89) size 784x17
        RenderText {#text} at (0,0) size 31x17
          text run at (0,0) width 31: "RTL"
      RenderBlock (anonymous) at (0,128) size 784x17
        RenderText {#text} at (0,0) size 184x17
          text run at (0,0) width 184: "LTR (text-overflow:ellipses):"
      RenderBlock (anonymous) at (0,167) size 784x17
        RenderText {#text} at (0,0) size 184x17
          text run at (0,0) width 184: "RTL (text-overflow:ellipses):"
layer at (8,75) size 202x22 clip at (9,76) size 200x20 scrollWidth 221
  RenderBlock {DIV} at (0,67) size 202x22 [border: (1px solid #000000)]
    RenderText {#text} at (1,1) size 220x17
      text run at (1,1) width 220: "the the adlj adaasj sdklj. there there"
layer at (8,114) size 202x22 clip at (9,115) size 200x20 scrollX 20 scrollWidth 220
  RenderBlock {DIV} at (0,106) size 202x22 [border: (1px solid #000000)]
    RenderText {#text} at (-19,1) size 220x17
      text run at (-19,1) width 220 RTL override: "the the adlj adaasj sdklj. there there"
layer at (8,153) size 202x22 clip at (9,154) size 200x20 scrollWidth 221
  RenderBlock {DIV} at (0,145) size 202x22 [border: (1px solid #000000)]
    RenderText {#text} at (1,1) size 220x17
      text run at (1,1) width 220: "the the adlj adaasj sdklj. there there"
layer at (8,192) size 202x22 clip at (9,193) size 200x20 scrollX 20 scrollWidth 220
  RenderBlock {DIV} at (0,184) size 202x22 [border: (1px solid #000000)]
    RenderText {#text} at (-19,1) size 220x17
      text run at (-19,1) width 220 RTL override: "the the adlj adaasj sdklj. there there"
