layer at (0,0) size 800x600
  RenderView at (0,0) size 800x600
layer at (0,0) size 800x600
  RenderBlock {HTML} at (0,0) size 800x600
    RenderBody {BODY} at (8,8) size 784x584
layer at (8,8) size 404x404 clip at (10,10) size 400x385 scrollWidth 2480
  RenderBlock {DIV} at (0,0) size 404x404 [border: (2px solid #000000)]
    RenderText {#text} at (2,2) size 399x2095
      text run at (2,2) width 347: "Lorem ipsum dolor sit amet, consectetur adipiscing elit."
      text run at (2,19) width 388: "Maecenas lacinia massa in lectus pretium vulputate. Curabitur"
      text run at (2,36) width 398: "viverra augue in leo faucibus congue. Vestibulum ligula neque,"
      text run at (2,53) width 366: "commodo eget blandit sit amet, facilisis vitae mi. Vivamus"
      text run at (2,70) width 360: "pretium lorem a quam imperdiet in placerat purus sagittis."
      text run at (2,87) width 370: "Aliquam ut dui nibh. Cras faucibus imperdiet pellentesque."
      text run at (2,104) width 378: "Curabitur vel tortor quam, ut pharetra eros. Mauris euismod,"
      text run at (2,121) width 372: "justo in mattis ultricies, risus velit pretium ligula, eu sodales"
      text run at (2,138) width 352: "libero dolor et massa. Phasellus eros quam, faucibus sed"
      text run at (2,155) width 378: "consectetur et, elementum ut erat. Morbi fringilla, lorem non"
      text run at (2,172) width 355: "fermentum vulputate, quam metus ullamcorper quam, eu"
      text run at (2,189) width 362: "porttitor diam metus eget augue. Donec non lorem et arcu"
      text run at (2,206) width 391: "adipiscing suscipit. Donec porta euismod magna a fermentum."
      text run at (2,223) width 382: "Suspendisse vestibulum rhoncus bibendum. Nam in nisi eget"
      text run at (2,240) width 397: "nulla vestibulum rutrum. Aenean eu libero turpis. Lorem ipsum"
      text run at (2,257) width 371: "dolor sit amet, consectetur adipiscing elit. Maecenas lacinia"
      text run at (2,274) width 382: "massa in lectus pretium vulputate. Curabitur viverra augue in"
      text run at (2,291) width 389: "leo faucibus congue. Vestibulum ligula neque, commodo eget"
      text run at (2,308) width 372: "blandit sit amet, facilisis vitae mi. Vivamus pretium lorem a"
      text run at (2,325) width 392: "quam imperdiet in placerat purus sagittis. Aliquam ut dui nibh."
      text run at (2,342) width 360: "Cras faucibus imperdiet pellentesque. Curabitur vel tortor"
      text run at (2,359) width 344: "quam, ut pharetra eros. Mauris euismod, justo in mattis"
      text run at (2,387) width 373: "ultricies, risus velit pretium ligula, eu sodales libero dolor et"
      text run at (2,404) width 354: "massa. Phasellus eros quam, faucibus sed consectetur et,"
      text run at (2,421) width 356: "elementum ut erat. Morbi fringilla, lorem non fermentum"
      text run at (2,438) width 372: "vulputate, quam metus ullamcorper quam, eu porttitor diam"
      text run at (2,455) width 396: "metus eget augue. Donec non lorem et arcu adipiscing suscipit."
      text run at (2,472) width 349: "Donec porta euismod magna a fermentum. Suspendisse"
      text run at (2,489) width 336: "vestibulum rhoncus bibendum. Nam in nisi eget nulla"
      text run at (2,506) width 399: "vestibulum rutrum. Aenean eu libero turpis. Lorem ipsum dolor"
      text run at (2,523) width 392: "sit amet, consectetur adipiscing elit. Maecenas lacinia massa in"
      text run at (2,540) width 347: "lectus pretium vulputate. Curabitur viverra augue in leo"
      text run at (2,557) width 366: "faucibus congue. Vestibulum ligula neque, commodo eget"
      text run at (2,574) width 372: "blandit sit amet, facilisis vitae mi. Vivamus pretium lorem a"
      text run at (2,591) width 392: "quam imperdiet in placerat purus sagittis. Aliquam ut dui nibh."
      text run at (2,608) width 360: "Cras faucibus imperdiet pellentesque. Curabitur vel tortor"
      text run at (2,625) width 344: "quam, ut pharetra eros. Mauris euismod, justo in mattis"
      text run at (2,642) width 373: "ultricies, risus velit pretium ligula, eu sodales libero dolor et"
      text run at (2,659) width 354: "massa. Phasellus eros quam, faucibus sed consectetur et,"
      text run at (2,676) width 356: "elementum ut erat. Morbi fringilla, lorem non fermentum"
      text run at (2,693) width 372: "vulputate, quam metus ullamcorper quam, eu porttitor diam"
      text run at (2,710) width 396: "metus eget augue. Donec non lorem et arcu adipiscing suscipit."
      text run at (2,727) width 349: "Donec porta euismod magna a fermentum. Suspendisse"
      text run at (2,744) width 336: "vestibulum rhoncus bibendum. Nam in nisi eget nulla"
      text run at (2,772) width 399: "vestibulum rutrum. Aenean eu libero turpis. Lorem ipsum dolor"
      text run at (2,789) width 392: "sit amet, consectetur adipiscing elit. Maecenas lacinia massa in"
      text run at (2,806) width 347: "lectus pretium vulputate. Curabitur viverra augue in leo"
      text run at (2,823) width 366: "faucibus congue. Vestibulum ligula neque, commodo eget"
      text run at (2,840) width 372: "blandit sit amet, facilisis vitae mi. Vivamus pretium lorem a"
      text run at (2,857) width 392: "quam imperdiet in placerat purus sagittis. Aliquam ut dui nibh."
      text run at (2,874) width 360: "Cras faucibus imperdiet pellentesque. Curabitur vel tortor"
      text run at (2,891) width 344: "quam, ut pharetra eros. Mauris euismod, justo in mattis"
      text run at (2,908) width 373: "ultricies, risus velit pretium ligula, eu sodales libero dolor et"
      text run at (2,925) width 354: "massa. Phasellus eros quam, faucibus sed consectetur et,"
      text run at (2,942) width 356: "elementum ut erat. Morbi fringilla, lorem non fermentum"
      text run at (2,959) width 372: "vulputate, quam metus ullamcorper quam, eu porttitor diam"
      text run at (2,976) width 396: "metus eget augue. Donec non lorem et arcu adipiscing suscipit."
      text run at (2,993) width 349: "Donec porta euismod magna a fermentum. Suspendisse"
      text run at (2,1010) width 336: "vestibulum rhoncus bibendum. Nam in nisi eget nulla"
      text run at (2,1027) width 399: "vestibulum rutrum. Aenean eu libero turpis. Lorem ipsum dolor"
      text run at (2,1044) width 392: "sit amet, consectetur adipiscing elit. Maecenas lacinia massa in"
      text run at (2,1061) width 347: "lectus pretium vulputate. Curabitur viverra augue in leo"
      text run at (2,1078) width 366: "faucibus congue. Vestibulum ligula neque, commodo eget"
      text run at (2,1095) width 372: "blandit sit amet, facilisis vitae mi. Vivamus pretium lorem a"
      text run at (2,1112) width 392: "quam imperdiet in placerat purus sagittis. Aliquam ut dui nibh."
      text run at (2,1129) width 360: "Cras faucibus imperdiet pellentesque. Curabitur vel tortor"
      text run at (2,1157) width 344: "quam, ut pharetra eros. Mauris euismod, justo in mattis"
      text run at (2,1174) width 373: "ultricies, risus velit pretium ligula, eu sodales libero dolor et"
      text run at (2,1191) width 354: "massa. Phasellus eros quam, faucibus sed consectetur et,"
      text run at (2,1208) width 356: "elementum ut erat. Morbi fringilla, lorem non fermentum"
      text run at (2,1225) width 372: "vulputate, quam metus ullamcorper quam, eu porttitor diam"
      text run at (2,1242) width 396: "metus eget augue. Donec non lorem et arcu adipiscing suscipit."
      text run at (2,1259) width 349: "Donec porta euismod magna a fermentum. Suspendisse"
      text run at (2,1276) width 336: "vestibulum rhoncus bibendum. Nam in nisi eget nulla"
      text run at (2,1293) width 399: "vestibulum rutrum. Aenean eu libero turpis. Lorem ipsum dolor"
      text run at (2,1310) width 392: "sit amet, consectetur adipiscing elit. Maecenas lacinia massa in"
      text run at (2,1327) width 347: "lectus pretium vulputate. Curabitur viverra augue in leo"
      text run at (2,1344) width 366: "faucibus congue. Vestibulum ligula neque, commodo eget"
      text run at (2,1361) width 372: "blandit sit amet, facilisis vitae mi. Vivamus pretium lorem a"
      text run at (2,1378) width 392: "quam imperdiet in placerat purus sagittis. Aliquam ut dui nibh."
      text run at (2,1395) width 360: "Cras faucibus imperdiet pellentesque. Curabitur vel tortor"
      text run at (2,1412) width 344: "quam, ut pharetra eros. Mauris euismod, justo in mattis"
      text run at (2,1429) width 373: "ultricies, risus velit pretium ligula, eu sodales libero dolor et"
      text run at (2,1446) width 354: "massa. Phasellus eros quam, faucibus sed consectetur et,"
      text run at (2,1463) width 356: "elementum ut erat. Morbi fringilla, lorem non fermentum"
      text run at (2,1480) width 372: "vulputate, quam metus ullamcorper quam, eu porttitor diam"
      text run at (2,1497) width 396: "metus eget augue. Donec non lorem et arcu adipiscing suscipit."
      text run at (2,1514) width 349: "Donec porta euismod magna a fermentum. Suspendisse"
      text run at (2,1542) width 336: "vestibulum rhoncus bibendum. Nam in nisi eget nulla"
      text run at (2,1559) width 399: "vestibulum rutrum. Aenean eu libero turpis. Lorem ipsum dolor"
      text run at (2,1576) width 392: "sit amet, consectetur adipiscing elit. Maecenas lacinia massa in"
      text run at (2,1593) width 347: "lectus pretium vulputate. Curabitur viverra augue in leo"
      text run at (2,1610) width 366: "faucibus congue. Vestibulum ligula neque, commodo eget"
      text run at (2,1627) width 372: "blandit sit amet, facilisis vitae mi. Vivamus pretium lorem a"
      text run at (2,1644) width 392: "quam imperdiet in placerat purus sagittis. Aliquam ut dui nibh."
      text run at (2,1661) width 360: "Cras faucibus imperdiet pellentesque. Curabitur vel tortor"
      text run at (2,1678) width 344: "quam, ut pharetra eros. Mauris euismod, justo in mattis"
      text run at (2,1695) width 373: "ultricies, risus velit pretium ligula, eu sodales libero dolor et"
      text run at (2,1712) width 354: "massa. Phasellus eros quam, faucibus sed consectetur et,"
      text run at (2,1729) width 356: "elementum ut erat. Morbi fringilla, lorem non fermentum"
      text run at (2,1746) width 372: "vulputate, quam metus ullamcorper quam, eu porttitor diam"
      text run at (2,1763) width 396: "metus eget augue. Donec non lorem et arcu adipiscing suscipit."
      text run at (2,1780) width 349: "Donec porta euismod magna a fermentum. Suspendisse"
      text run at (2,1797) width 336: "vestibulum rhoncus bibendum. Nam in nisi eget nulla"
      text run at (2,1814) width 399: "vestibulum rutrum. Aenean eu libero turpis. Lorem ipsum dolor"
      text run at (2,1831) width 392: "sit amet, consectetur adipiscing elit. Maecenas lacinia massa in"
      text run at (2,1848) width 347: "lectus pretium vulputate. Curabitur viverra augue in leo"
      text run at (2,1865) width 366: "faucibus congue. Vestibulum ligula neque, commodo eget"
      text run at (2,1882) width 372: "blandit sit amet, facilisis vitae mi. Vivamus pretium lorem a"
      text run at (2,1899) width 392: "quam imperdiet in placerat purus sagittis. Aliquam ut dui nibh."
      text run at (2,1927) width 360: "Cras faucibus imperdiet pellentesque. Curabitur vel tortor"
      text run at (2,1944) width 344: "quam, ut pharetra eros. Mauris euismod, justo in mattis"
      text run at (2,1961) width 373: "ultricies, risus velit pretium ligula, eu sodales libero dolor et"
      text run at (2,1978) width 354: "massa. Phasellus eros quam, faucibus sed consectetur et,"
      text run at (2,1995) width 356: "elementum ut erat. Morbi fringilla, lorem non fermentum"
      text run at (2,2012) width 372: "vulputate, quam metus ullamcorper quam, eu porttitor diam"
      text run at (2,2029) width 396: "metus eget augue. Donec non lorem et arcu adipiscing suscipit."
      text run at (2,2046) width 349: "Donec porta euismod magna a fermentum. Suspendisse"
      text run at (2,2063) width 336: "vestibulum rhoncus bibendum. Nam in nisi eget nulla"
      text run at (2,2080) width 274: "vestibulum rutrum. Aenean eu libero turpis."
