layer at (0,0) size 800x600
  RenderView at (0,0) size 800x600
layer at (0,0) size 800x600
  RenderBlock {HTML} at (0,0) size 800x600
    RenderBody {BODY} at (8,8) size 784x584
layer at (8,8) size 404x404 clip at (10,10) size 400x400 scrollHeight 2480
  RenderBlock {DIV} at (0,0) size 404x404 [border: (2px solid #000000)]
    RenderText {#text} at (2,2) size 399x2085
      text run at (2,2) width 347: "Lorem ipsum dolor sit amet, consectetur adipiscing elit."
      text run at (2,19) width 388: "Maecenas lacinia massa in lectus pretium vulputate. Curabitur"
      text run at (2,36) width 398: "viverra augue in leo faucibus congue. Vestibulum ligula neque,"
      text run at (2,53) width 366: "commodo eget blandit sit amet, facilisis vitae mi. Vivamus"
      text run at (2,70) width 360: "pretium lorem a quam imperdiet in placerat purus sagittis."
      text run at (2,87) width 370: "Aliquam ut dui nibh. Cras faucibus imperdiet pellentesque."
      text run at (2,104) width 378: "Curabitur vel tortor quam, ut pharetra eros. Mauris euismod,"
      text run at (2,121) width 372: "justo in mattis ultricies, risus velit pretium ligula, eu sodales"
      text run at (2,138) width 352: "libero dolor et massa. Phasellus eros quam, faucibus sed"
      text run at (2,155) width 378: "consectetur et, elementum ut erat. Morbi fringilla, lorem non"
      text run at (2,172) width 355: "fermentum vulputate, quam metus ullamcorper quam, eu"
      text run at (2,189) width 362: "porttitor diam metus eget augue. Donec non lorem et arcu"
      text run at (2,206) width 391: "adipiscing suscipit. Donec porta euismod magna a fermentum."
      text run at (2,223) width 382: "Suspendisse vestibulum rhoncus bibendum. Nam in nisi eget"
      text run at (2,240) width 397: "nulla vestibulum rutrum. Aenean eu libero turpis. Lorem ipsum"
      text run at (2,257) width 371: "dolor sit amet, consectetur adipiscing elit. Maecenas lacinia"
      text run at (2,274) width 382: "massa in lectus pretium vulputate. Curabitur viverra augue in"
      text run at (2,291) width 389: "leo faucibus congue. Vestibulum ligula neque, commodo eget"
      text run at (2,308) width 372: "blandit sit amet, facilisis vitae mi. Vivamus pretium lorem a"
      text run at (2,325) width 392: "quam imperdiet in placerat purus sagittis. Aliquam ut dui nibh."
      text run at (2,342) width 360: "Cras faucibus imperdiet pellentesque. Curabitur vel tortor"
      text run at (2,359) width 344: "quam, ut pharetra eros. Mauris euismod, justo in mattis"
      text run at (2,376) width 373: "ultricies, risus velit pretium ligula, eu sodales libero dolor et"
      text run at (2,402) width 354: "massa. Phasellus eros quam, faucibus sed consectetur et,"
      text run at (2,419) width 356: "elementum ut erat. Morbi fringilla, lorem non fermentum"
      text run at (2,436) width 372: "vulputate, quam metus ullamcorper quam, eu porttitor diam"
      text run at (2,453) width 396: "metus eget augue. Donec non lorem et arcu adipiscing suscipit."
      text run at (2,470) width 349: "Donec porta euismod magna a fermentum. Suspendisse"
      text run at (2,487) width 336: "vestibulum rhoncus bibendum. Nam in nisi eget nulla"
      text run at (2,504) width 399: "vestibulum rutrum. Aenean eu libero turpis. Lorem ipsum dolor"
      text run at (2,521) width 392: "sit amet, consectetur adipiscing elit. Maecenas lacinia massa in"
      text run at (2,538) width 347: "lectus pretium vulputate. Curabitur viverra augue in leo"
      text run at (2,555) width 366: "faucibus congue. Vestibulum ligula neque, commodo eget"
      text run at (2,572) width 372: "blandit sit amet, facilisis vitae mi. Vivamus pretium lorem a"
      text run at (2,589) width 392: "quam imperdiet in placerat purus sagittis. Aliquam ut dui nibh."
      text run at (2,606) width 360: "Cras faucibus imperdiet pellentesque. Curabitur vel tortor"
      text run at (2,623) width 344: "quam, ut pharetra eros. Mauris euismod, justo in mattis"
      text run at (2,640) width 373: "ultricies, risus velit pretium ligula, eu sodales libero dolor et"
      text run at (2,657) width 354: "massa. Phasellus eros quam, faucibus sed consectetur et,"
      text run at (2,674) width 356: "elementum ut erat. Morbi fringilla, lorem non fermentum"
      text run at (2,691) width 372: "vulputate, quam metus ullamcorper quam, eu porttitor diam"
      text run at (2,708) width 396: "metus eget augue. Donec non lorem et arcu adipiscing suscipit."
      text run at (2,725) width 349: "Donec porta euismod magna a fermentum. Suspendisse"
      text run at (2,742) width 336: "vestibulum rhoncus bibendum. Nam in nisi eget nulla"
      text run at (2,759) width 399: "vestibulum rutrum. Aenean eu libero turpis. Lorem ipsum dolor"
      text run at (2,776) width 392: "sit amet, consectetur adipiscing elit. Maecenas lacinia massa in"
      text run at (2,802) width 347: "lectus pretium vulputate. Curabitur viverra augue in leo"
      text run at (2,819) width 366: "faucibus congue. Vestibulum ligula neque, commodo eget"
      text run at (2,836) width 372: "blandit sit amet, facilisis vitae mi. Vivamus pretium lorem a"
      text run at (2,853) width 392: "quam imperdiet in placerat purus sagittis. Aliquam ut dui nibh."
      text run at (2,870) width 360: "Cras faucibus imperdiet pellentesque. Curabitur vel tortor"
      text run at (2,887) width 344: "quam, ut pharetra eros. Mauris euismod, justo in mattis"
      text run at (2,904) width 373: "ultricies, risus velit pretium ligula, eu sodales libero dolor et"
      text run at (2,921) width 354: "massa. Phasellus eros quam, faucibus sed consectetur et,"
      text run at (2,938) width 356: "elementum ut erat. Morbi fringilla, lorem non fermentum"
      text run at (2,955) width 372: "vulputate, quam metus ullamcorper quam, eu porttitor diam"
      text run at (2,972) width 396: "metus eget augue. Donec non lorem et arcu adipiscing suscipit."
      text run at (2,989) width 349: "Donec porta euismod magna a fermentum. Suspendisse"
      text run at (2,1006) width 336: "vestibulum rhoncus bibendum. Nam in nisi eget nulla"
      text run at (2,1023) width 399: "vestibulum rutrum. Aenean eu libero turpis. Lorem ipsum dolor"
      text run at (2,1040) width 392: "sit amet, consectetur adipiscing elit. Maecenas lacinia massa in"
      text run at (2,1057) width 347: "lectus pretium vulputate. Curabitur viverra augue in leo"
      text run at (2,1074) width 366: "faucibus congue. Vestibulum ligula neque, commodo eget"
      text run at (2,1091) width 372: "blandit sit amet, facilisis vitae mi. Vivamus pretium lorem a"
      text run at (2,1108) width 392: "quam imperdiet in placerat purus sagittis. Aliquam ut dui nibh."
      text run at (2,1125) width 360: "Cras faucibus imperdiet pellentesque. Curabitur vel tortor"
      text run at (2,1142) width 344: "quam, ut pharetra eros. Mauris euismod, justo in mattis"
      text run at (2,1159) width 373: "ultricies, risus velit pretium ligula, eu sodales libero dolor et"
      text run at (2,1176) width 354: "massa. Phasellus eros quam, faucibus sed consectetur et,"
      text run at (2,1202) width 356: "elementum ut erat. Morbi fringilla, lorem non fermentum"
      text run at (2,1219) width 372: "vulputate, quam metus ullamcorper quam, eu porttitor diam"
      text run at (2,1236) width 396: "metus eget augue. Donec non lorem et arcu adipiscing suscipit."
      text run at (2,1253) width 349: "Donec porta euismod magna a fermentum. Suspendisse"
      text run at (2,1270) width 336: "vestibulum rhoncus bibendum. Nam in nisi eget nulla"
      text run at (2,1287) width 399: "vestibulum rutrum. Aenean eu libero turpis. Lorem ipsum dolor"
      text run at (2,1304) width 392: "sit amet, consectetur adipiscing elit. Maecenas lacinia massa in"
      text run at (2,1321) width 347: "lectus pretium vulputate. Curabitur viverra augue in leo"
      text run at (2,1338) width 366: "faucibus congue. Vestibulum ligula neque, commodo eget"
      text run at (2,1355) width 372: "blandit sit amet, facilisis vitae mi. Vivamus pretium lorem a"
      text run at (2,1372) width 392: "quam imperdiet in placerat purus sagittis. Aliquam ut dui nibh."
      text run at (2,1389) width 360: "Cras faucibus imperdiet pellentesque. Curabitur vel tortor"
      text run at (2,1406) width 344: "quam, ut pharetra eros. Mauris euismod, justo in mattis"
      text run at (2,1423) width 373: "ultricies, risus velit pretium ligula, eu sodales libero dolor et"
      text run at (2,1440) width 354: "massa. Phasellus eros quam, faucibus sed consectetur et,"
      text run at (2,1457) width 356: "elementum ut erat. Morbi fringilla, lorem non fermentum"
      text run at (2,1474) width 372: "vulputate, quam metus ullamcorper quam, eu porttitor diam"
      text run at (2,1491) width 396: "metus eget augue. Donec non lorem et arcu adipiscing suscipit."
      text run at (2,1508) width 349: "Donec porta euismod magna a fermentum. Suspendisse"
      text run at (2,1525) width 336: "vestibulum rhoncus bibendum. Nam in nisi eget nulla"
      text run at (2,1542) width 399: "vestibulum rutrum. Aenean eu libero turpis. Lorem ipsum dolor"
      text run at (2,1559) width 392: "sit amet, consectetur adipiscing elit. Maecenas lacinia massa in"
      text run at (2,1576) width 347: "lectus pretium vulputate. Curabitur viverra augue in leo"
      text run at (2,1602) width 366: "faucibus congue. Vestibulum ligula neque, commodo eget"
      text run at (2,1619) width 372: "blandit sit amet, facilisis vitae mi. Vivamus pretium lorem a"
      text run at (2,1636) width 392: "quam imperdiet in placerat purus sagittis. Aliquam ut dui nibh."
      text run at (2,1653) width 360: "Cras faucibus imperdiet pellentesque. Curabitur vel tortor"
      text run at (2,1670) width 344: "quam, ut pharetra eros. Mauris euismod, justo in mattis"
      text run at (2,1687) width 373: "ultricies, risus velit pretium ligula, eu sodales libero dolor et"
      text run at (2,1704) width 354: "massa. Phasellus eros quam, faucibus sed consectetur et,"
      text run at (2,1721) width 356: "elementum ut erat. Morbi fringilla, lorem non fermentum"
      text run at (2,1738) width 372: "vulputate, quam metus ullamcorper quam, eu porttitor diam"
      text run at (2,1755) width 396: "metus eget augue. Donec non lorem et arcu adipiscing suscipit."
      text run at (2,1772) width 349: "Donec porta euismod magna a fermentum. Suspendisse"
      text run at (2,1789) width 336: "vestibulum rhoncus bibendum. Nam in nisi eget nulla"
      text run at (2,1806) width 399: "vestibulum rutrum. Aenean eu libero turpis. Lorem ipsum dolor"
      text run at (2,1823) width 392: "sit amet, consectetur adipiscing elit. Maecenas lacinia massa in"
      text run at (2,1840) width 347: "lectus pretium vulputate. Curabitur viverra augue in leo"
      text run at (2,1857) width 366: "faucibus congue. Vestibulum ligula neque, commodo eget"
      text run at (2,1874) width 372: "blandit sit amet, facilisis vitae mi. Vivamus pretium lorem a"
      text run at (2,1891) width 392: "quam imperdiet in placerat purus sagittis. Aliquam ut dui nibh."
      text run at (2,1908) width 360: "Cras faucibus imperdiet pellentesque. Curabitur vel tortor"
      text run at (2,1925) width 344: "quam, ut pharetra eros. Mauris euismod, justo in mattis"
      text run at (2,1942) width 373: "ultricies, risus velit pretium ligula, eu sodales libero dolor et"
      text run at (2,1959) width 354: "massa. Phasellus eros quam, faucibus sed consectetur et,"
      text run at (2,1976) width 356: "elementum ut erat. Morbi fringilla, lorem non fermentum"
      text run at (2,2002) width 372: "vulputate, quam metus ullamcorper quam, eu porttitor diam"
      text run at (2,2019) width 396: "metus eget augue. Donec non lorem et arcu adipiscing suscipit."
      text run at (2,2036) width 349: "Donec porta euismod magna a fermentum. Suspendisse"
      text run at (2,2053) width 336: "vestibulum rhoncus bibendum. Nam in nisi eget nulla"
      text run at (2,2070) width 274: "vestibulum rutrum. Aenean eu libero turpis."
