layer at (0,0) size 800x600
  RenderView at (0,0) size 800x600
layer at (0,0) size 800x600
  RenderBlock {HTML} at (0,0) size 800x600
    RenderBody {BODY} at (0,0) size 800x240
layer at (20,0) size 200x170
  RenderBlock {DIV} at (20,0) size 200x170 [border: (20px solid #C0C0C0) none]
    RenderText {#text} at (0,20) size 185x85
      text run at (0,20) width 177: "Lorem ipsum dolor sit amet,"
      text run at (0,37) width 75: "consectetur "
      text run at (75,37) width 91: "adipiscing elit."
      text run at (0,54) width 185: "Curabitur neque elit, pulvinar"
      text run at (0,71) width 100: "eget lobortis at, "
      text run at (100,71) width 72: "convallis ut"
      text run at (0,88) width 44: "lectus. "
    RenderText {#text} at (101,88) size 192x133
      text run at (101,88) width 62: " vulputate"
      text run at (0,105) width 147: "tincidunt leo, eu varius "
      text run at (147,105) width 31: "nunc"
      text run at (0,122) width 176: "ullamcorper vel. Integer nec"
      text run at (0,139) width 192: "dolor sed ante pharetra lacinia."
      text run at (0,170) width 187: "Integer dignissim iaculis nulla"
      text run at (0,187) width 170: "et rutrum. Praesent pretium"
      text run at (0,204) width 57: "euismod "
      text run at (57,204) width 97: "est eget laoreet."
    RenderText {#text} at (44,221) size 196x218
      text run at (44,221) width 102: " suscipit suscipit"
      text run at (0,238) width 182: "elementum. Duis consectetur"
      text run at (0,255) width 189: "pulvinar tempor. In mi sapien,"
      text run at (0,272) width 173: "malesuada vitae posuere ut,"
      text run at (0,289) width 68: "adipiscing "
      text run at (68,289) width 117: "id odio. Integer est"
      text run at (0,320) width 194: "mi, luctus sed cursus in, cursus"
      text run at (0,337) width 105: "vitae urna. Nam "
      text run at (105,337) width 71: "consectetur"
      text run at (0,354) width 167: "orci tempor nibh iaculis eu"
      text run at (0,371) width 195: "dignissim odio laoreet. Aenean"
      text run at (0,388) width 175: "congue fermentum nibh sed"
      text run at (0,405) width 196: "malesuada. Curabitur enim leo,"
      text run at (0,422) width 70: "porttitor ut "
      text run at (70,422) width 75: "interdum et,"
    RenderText {#text} at (52,439) size 60x17
      text run at (52,439) width 60: " ut lorem."
layer at (20,0) size 57x17
  RenderInline (relative positioned) {SPAN} at (0,0) size 57x17 [bgcolor=#FFFF00]
    RenderText {#text} at (44,88) size 57x17
      text run at (44,88) width 57: "Vivamus"
layer at (20,0) size 44x17
  RenderInline (relative positioned) {SPAN} at (0,0) size 44x17 [bgcolor=#FFFF00]
    RenderText {#text} at (0,221) size 44x17
      text run at (0,221) width 44: "Integer"
layer at (20,0) size 52x17
  RenderInline (relative positioned) {SPAN} at (0,0) size 52x17 [bgcolor=#FFFF00]
    RenderText {#text} at (0,439) size 52x17
      text run at (0,439) width 52: "pulvinar"
