layer at (0,0) size 800x600
  RenderView at (0,0) size 800x600
layer at (0,0) size 800x600
  RenderBlock {HTML} at (0,0) size 800x600
    RenderBody {BODY} at (8,8) size 784x584
layer at (8,8) size 784x510
  RenderBlock {DIV} at (0,0) size 784x510 [border: (5px solid #000000)]
    RenderText {#text} at (15,5) size 240x1476
      text run at (15,5) width 177: "Lorem ipsum dolor sit amet,"
      text run at (15,22) width 212: "consectetuer adipiscing elit. Nulla"
      text run at (15,39) width 179: "varius enim ac mi. Curabitur"
      text run at (15,56) width 230: "sollicitudin felis quis lectus. Quisque"
      text run at (15,73) width 224: "adipiscing rhoncus sem. Proin nulla"
      text run at (15,90) width 190: "purus, vulputate vel, varius ut,"
      text run at (15,107) width 217: "euismod et, nisi. Sed vitae felis vel"
      text run at (15,124) width 222: "orci sagittis aliquam. Cras convallis"
      text run at (15,141) width 239: "adipiscing sem. Nam nonummy enim."
      text run at (15,158) width 211: "Nullam bibendum lobortis neque."
      text run at (15,175) width 185: "Vestibulum velit orci, tempus"
      text run at (15,192) width 203: "euismod, pretium quis, interdum"
      text run at (15,209) width 211: "vitae, nulla. Phasellus eget ante et"
      text run at (15,226) width 201: "tortor condimentum vestibulum."
      text run at (15,243) width 236: "Suspendisse hendrerit quam nec felis."
      text run at (15,260) width 223: "Sed varius turpis vitae pede. Lorem"
      text run at (15,277) width 213: "ipsum dolor sit amet, consectetuer"
      text run at (15,294) width 230: "adipiscing elit. Proin bibendum justo"
      text run at (15,311) width 226: "ac enim. Class aptent taciti sociosqu"
      text run at (15,328) width 231: "ad litora torquent per conubia nostra,"
      text run at (15,345) width 206: "per inceptos hymenaeos. Sed leo"
      text run at (15,362) width 224: "nulla, rutrum eu, dictum ut, posuere"
      text run at (15,379) width 212: "vel, arcu. Nam libero. Morbi orci."
      text run at (15,396) width 240: "Maecenas pellentesque. Curabitur erat"
      text run at (15,413) width 214: "erat, ullamcorper at, gravida vitae,"
      text run at (15,430) width 199: "iaculis vitae, elit. Nullam quam."
      text run at (15,447) width 227: "Quisque orci lectus, ullamcorper eu,"
      text run at (15,464) width 216: "imperdiet sed, accumsan et, ligula."
      text run at (15,481) width 204: "Duis diam nisl, sagittis a, blandit"
      text run at (15,505) width 179: "volutpat, interdum sed, velit."
      text run at (15,522) width 209: "Vestibulum quam. Nulla a purus."
      text run at (15,539) width 240: "Phasellus semper semper lectus. Nulla"
      text run at (15,556) width 211: "porttitor, dolor dictum scelerisque"
      text run at (15,573) width 233: "luctus, velit ipsum lobortis mauris, ac"
      text run at (15,590) width 216: "pretium enim nunc vel risus. Proin"
      text run at (15,607) width 201: "gravida mi ut sem cursus mattis."
      text run at (15,624) width 184: "Fusce laoreet, nisi quis luctus"
      text run at (15,641) width 218: "volutpat, arcu pede tincidunt enim,"
      text run at (15,658) width 208: "nec malesuada urna nisl eu enim."
      text run at (15,675) width 202: "Vivamus varius augue ac purus."
      text run at (15,692) width 228: "Vestibulum vestibulum. Phasellus et"
      text run at (15,709) width 205: "est vitae ante accumsan rhoncus."
      text run at (15,726) width 209: "Morbi convallis, arcu at hendrerit"
      text run at (15,743) width 216: "gravida, sem diam dignissim risus,"
      text run at (15,760) width 237: "sed aliquet erat mi ut mi. Nunc cursus"
      text run at (15,777) width 240: "lacinia elit. Nunc nisi. Quisque at erat."
      text run at (15,794) width 229: "Vestibulum dictum quam vitae nibh."
      text run at (15,811) width 219: "Nunc vitae ante non odio interdum"
      text run at (15,828) width 177: "blandit. Curabitur leo quam,"
      text run at (15,845) width 164: "fermentum sed, feugiat in,"
      text run at (15,862) width 230: "ullamcorper id, nibh. Suspendisse ac"
      text run at (15,879) width 201: "turpis. In iaculis sollicitudin dui."
      text run at (15,896) width 192: "Aenean vitae lectus vitae nulla"
      text run at (15,913) width 194: "pellentesque sollicitudin. Nunc"
      text run at (15,930) width 223: "gravida pharetra lectus. Etiam lacus"
      text run at (15,947) width 197: "ligula, placerat ut, dictum vitae,"
      text run at (15,964) width 200: "tempus vel, risus. Cras rhoncus."
      text run at (15,981) width 226: "Praesent varius ultricies orci. Donec"
      text run at (15,1005) width 230: "mattis, neque ut ornare fringilla, ante"
      text run at (15,1022) width 231: "urna placerat eros, vel commodo nisi"
      text run at (15,1039) width 217: "tortor ut mauris. Morbi magna dui,"
      text run at (15,1056) width 177: "sagittis sit amet, tincidunt et,"
      text run at (15,1073) width 187: "elementum eget, quam. Fusce"
      text run at (15,1090) width 230: "molestie nisl vitae nisi. Vestibulum a"
      text run at (15,1107) width 234: "sapien. Phasellus ante lacus, vehicula"
      text run at (15,1124) width 205: "non, cursus a, tempor ut, magna."
      text run at (15,1141) width 219: "Suspendisse potenti. Fusce aliquet,"
      text run at (15,1158) width 224: "odio viverra vulputate dictum, enim"
      text run at (15,1175) width 240: "odio luctus purus, ut scelerisque quam"
      text run at (15,1192) width 200: "nulla non est. Donec eros lacus,"
      text run at (15,1209) width 210: "egestas vitae, lacinia quis, tempor"
      text run at (15,1226) width 234: "quis, pede. Morbi orci erat, iaculis id,"
      text run at (15,1243) width 226: "ornare ac, elementum at, sem. Nunc"
      text run at (15,1260) width 223: "ornare sodales nisi. Morbi interdum"
      text run at (15,1277) width 222: "commodo nisl. Fusce eget eros non"
      text run at (15,1294) width 227: "nisi ornare facilisis. Sed placerat, est"
      text run at (15,1311) width 202: "non posuere posuere, purus sem"
      text run at (15,1328) width 237: "dignissim libero, a viverra tellus dolor"
      text run at (15,1345) width 236: "vel lorem. Cras augue. Etiam ultricies"
      text run at (15,1362) width 209: "consequat odio. Mauris ac libero."
      text run at (15,1379) width 225: "Etiam posuere, libero vitae euismod"
      text run at (15,1396) width 219: "gravida, urna elit imperdiet magna,"
      text run at (15,1413) width 240: "vel cursus elit felis non mauris. Donec"
      text run at (15,1430) width 195: "orci erat, porta id, dignissim ut,"
      text run at (15,1447) width 208: "posuere dictum, leo. Suspendisse"
      text run at (15,1464) width 157: "scelerisque egestas nulla."
