layer at (0,0) size 1188x585
  RenderView at (0,0) size 800x585
layer at (0,0) size 800x585
  RenderBlock {HTML} at (0,0) size 800x585
    RenderBody {BODY} at (8,8) size 784x569
layer at (8,8) size 784x404
  RenderBlock {DIV} at (0,0) size 784x404 [border: (2px solid #000000)]
    RenderText {#text} at (2,2) size 110x17
      text run at (2,2) width 110: "This is some text."
    RenderBR {BR} at (112,16) size 0x0
    RenderText {#text} at (2,19) size 110x17
      text run at (2,19) width 110: "This is some text."
    RenderBR {BR} at (112,33) size 0x0
    RenderText {#text} at (2,36) size 110x17
      text run at (2,36) width 110: "This is some text."
    RenderBR {BR} at (112,50) size 0x0
    RenderText {#text} at (2,53) size 110x17
      text run at (2,53) width 110: "This is some text."
    RenderBR {BR} at (112,67) size 0x0
    RenderText {#text} at (2,70) size 110x17
      text run at (2,70) width 110: "This is some text."
    RenderBR {BR} at (112,84) size 0x0
    RenderText {#text} at (2,87) size 110x17
      text run at (2,87) width 110: "This is some text."
    RenderBR {BR} at (112,101) size 0x0
    RenderText {#text} at (2,104) size 110x17
      text run at (2,104) width 110: "This is some text."
    RenderBR {BR} at (112,118) size 0x0
    RenderText {#text} at (2,121) size 110x17
      text run at (2,121) width 110: "This is some text."
    RenderBR {BR} at (112,135) size 0x0
    RenderText {#text} at (2,138) size 110x17
      text run at (2,138) width 110: "This is some text."
    RenderBR {BR} at (112,152) size 0x0
    RenderText {#text} at (2,155) size 110x17
      text run at (2,155) width 110: "This is some text."
    RenderBR {BR} at (112,169) size 0x0
    RenderImage {IMG} at (2,402) size 250x300 [bgcolor=#008000]
    RenderText {#text} at (252,402) size 110x17
      text run at (252,402) width 110: "This is some text."
    RenderBR {BR} at (362,416) size 0x0
    RenderText {#text} at (252,419) size 110x17
      text run at (252,419) width 110: "This is some text."
    RenderBR {BR} at (362,433) size 0x0
    RenderText {#text} at (252,436) size 110x17
      text run at (252,436) width 110: "This is some text."
    RenderBR {BR} at (362,450) size 0x0
    RenderText {#text} at (252,453) size 110x17
      text run at (252,453) width 110: "This is some text."
    RenderBR {BR} at (362,467) size 0x0
    RenderText {#text} at (252,470) size 110x17
      text run at (252,470) width 110: "This is some text."
    RenderBR {BR} at (362,484) size 0x0
    RenderText {#text} at (252,487) size 110x17
      text run at (252,487) width 110: "This is some text."
    RenderBR {BR} at (362,501) size 0x0
    RenderText {#text} at (252,504) size 110x17
      text run at (252,504) width 110: "This is some text."
    RenderBR {BR} at (362,518) size 0x0
    RenderText {#text} at (252,521) size 110x17
      text run at (252,521) width 110: "This is some text."
    RenderBR {BR} at (362,535) size 0x0
    RenderText {#text} at (252,538) size 110x17
      text run at (252,538) width 110: "This is some text."
    RenderBR {BR} at (362,552) size 0x0
    RenderText {#text} at (252,555) size 110x17
      text run at (252,555) width 110: "This is some text."
    RenderBR {BR} at (362,569) size 0x0
    RenderText {#text} at (252,572) size 110x17
      text run at (252,572) width 110: "This is some text."
    RenderBR {BR} at (362,586) size 0x0
    RenderText {#text} at (252,589) size 110x17
      text run at (252,589) width 110: "This is some text."
    RenderBR {BR} at (362,603) size 0x0
    RenderText {#text} at (252,606) size 110x17
      text run at (252,606) width 110: "This is some text."
    RenderBR {BR} at (362,620) size 0x0
    RenderText {#text} at (252,623) size 110x17
      text run at (252,623) width 110: "This is some text."
    RenderBR {BR} at (362,637) size 0x0
    RenderText {#text} at (252,640) size 110x17
      text run at (252,640) width 110: "This is some text."
    RenderBR {BR} at (362,654) size 0x0
    RenderText {#text} at (252,657) size 110x17
      text run at (252,657) width 110: "This is some text."
    RenderBR {BR} at (362,671) size 0x0
    RenderText {#text} at (252,674) size 110x17
      text run at (252,674) width 110: "This is some text."
    RenderBR {BR} at (362,688) size 0x0
    RenderText {#text} at (252,691) size 110x17
      text run at (252,691) width 110: "This is some text."
    RenderBR {BR} at (362,705) size 0x0
    RenderText {#text} at (2,708) size 110x17
      text run at (2,708) width 110: "This is some text."
    RenderBR {BR} at (112,722) size 0x0
    RenderText {#text} at (2,725) size 110x17
      text run at (2,725) width 110: "This is some text."
    RenderBR {BR} at (112,739) size 0x0
    RenderText {#text} at (2,742) size 110x17
      text run at (2,742) width 110: "This is some text."
    RenderBR {BR} at (112,756) size 0x0
    RenderText {#text} at (2,759) size 110x17
      text run at (2,759) width 110: "This is some text."
    RenderBR {BR} at (112,773) size 0x0
    RenderText {#text} at (2,776) size 110x17
      text run at (2,776) width 110: "This is some text."
    RenderBR {BR} at (112,790) size 0x0
    RenderText {#text} at (2,802) size 110x17
      text run at (2,802) width 110: "This is some text."
    RenderBR {BR} at (112,816) size 0x0
    RenderText {#text} at (2,819) size 110x17
      text run at (2,819) width 110: "This is some text."
    RenderBR {BR} at (112,833) size 0x0
    RenderText {#text} at (2,836) size 110x17
      text run at (2,836) width 110: "This is some text."
    RenderBR {BR} at (112,850) size 0x0
    RenderText {#text} at (2,853) size 110x17
      text run at (2,853) width 110: "This is some text."
    RenderBR {BR} at (112,867) size 0x0
    RenderText {#text} at (2,870) size 110x17
      text run at (2,870) width 110: "This is some text."
    RenderBR {BR} at (112,884) size 0x0
    RenderText {#text} at (2,887) size 110x17
      text run at (2,887) width 110: "This is some text."
    RenderBR {BR} at (112,901) size 0x0
    RenderText {#text} at (2,904) size 110x17
      text run at (2,904) width 110: "This is some text."
    RenderBR {BR} at (112,918) size 0x0
