layer at (0,0) size 800x600
  RenderView at (0,0) size 800x600
layer at (0,0) size 800x600
  RenderBlock {HTML} at (0,0) size 800x600
    RenderBody {BODY} at (8,8) size 784x576
      RenderBlock {H2} at (0,0) size 784x26 [bgcolor=#EEEEEE]
        RenderText {#text} at (0,0) size 58x26
          text run at (0,0) width 58: "PASS"
layer at (8,54) size 760x194
  RenderBlock {DIV} at (0,45) size 760x195 [border: (5px solid #800000)]
    RenderBlock (anonymous multi-column span) at (5,13) size 750x66
      RenderBlock {H2} at (0,19) size 750x27 [bgcolor=#EEEEEE]
        RenderText {#text} at (0,0) size 58x26
          text run at (0,0) width 58: "PASS"
layer at (13,59) size 750x8
  RenderBlock (anonymous multi-column) at (5,5) size 750x8
    RenderBlock {SPAN} at (0,8) size 367x0
layer at (13,133) size 750x110
  RenderBlock (anonymous multi-column) at (5,78) size 750x111
    RenderBlock {SPAN} at (0,16) size 367x188
      RenderBlock (anonymous) at (0,0) size 367x196
        RenderText {#text} at (0,0) size 362x196
          text run at (0,0) width 354: "Lorem ipsum dolor sit amet, consectetuer adipiscing elit."
          text run at (0,17) width 351: "Nulla varius enim ac mi. Curabitur sollicitudin felis quis"
          text run at (0,34) width 325: "lectus. Quisque adipiscing rhoncus sem. Proin nulla"
          text run at (0,51) width 358: "purus, vulputate vel, varius ut, euismod et, nisi. Sed vitae"
          text run at (0,68) width 343: "felis vel orci sagittis aliquam. Cras convallis adipiscing"
          text run at (0,94) width 340: "sem. Nam nonummy enim. Nullam bibendum lobortis"
          text run at (0,111) width 344: "neque. Vestibulum velit orci, tempus euismod, pretium"
          text run at (0,128) width 343: "quis, interdum vitae, nulla. Phasellus eget ante et tortor"
          text run at (0,145) width 343: "condimentum vestibulum. Suspendisse hendrerit quam"
          text run at (0,162) width 362: "nec felis. Sed varius turpis vitae pede. Lorem ipsum dolor"
          text run at (0,179) width 229: "sit amet, consectetuer adipiscing elit."
      RenderBlock {DL} at (0,204) size 367x0
