layer at (0,0) size 785x2652
  RenderView at (0,0) size 785x600
layer at (0,0) size 785x2652
  RenderBlock {HTML} at (0,0) size 785x2652
    RenderBody {BODY} at (8,16) size 769x2620
layer at (8,16) size 760x402
  RenderBlock {DIV} at (0,0) size 760x402 [border: (5px solid #800000)]
    RenderBlock (anonymous multi-column span) at (5,22) size 750x66
      RenderBlock {H2} at (0,19) size 750x27 [bgcolor=#EEEEEE]
        RenderText {#text} at (0,0) size 276x26
          text run at (0,0) width 276: "This is a spanning element."
layer at (13,21) size 750x17
  RenderBlock (anonymous multi-column) at (5,5) size 750x17
    RenderBlock (generated) at (0,0) size 367x17 [bgcolor=#FFFF00]
      RenderText at (0,0) size 166x17
        text run at (0,0) width 166: "Before Generated Content"
layer at (13,104) size 750x309
  RenderBlock (anonymous multi-column) at (5,87) size 750x310
    RenderBlock (anonymous) at (0,0) size 367x581
      RenderText {#text} at (0,0) size 363x581
        text run at (0,0) width 354: "Lorem ipsum dolor sit amet, consectetuer adipiscing elit."
        text run at (0,17) width 351: "Nulla varius enim ac mi. Curabitur sollicitudin felis quis"
        text run at (0,34) width 325: "lectus. Quisque adipiscing rhoncus sem. Proin nulla"
        text run at (0,51) width 358: "purus, vulputate vel, varius ut, euismod et, nisi. Sed vitae"
        text run at (0,68) width 343: "felis vel orci sagittis aliquam. Cras convallis adipiscing"
        text run at (0,85) width 340: "sem. Nam nonummy enim. Nullam bibendum lobortis"
        text run at (0,102) width 344: "neque. Vestibulum velit orci, tempus euismod, pretium"
        text run at (0,119) width 343: "quis, interdum vitae, nulla. Phasellus eget ante et tortor"
        text run at (0,136) width 343: "condimentum vestibulum. Suspendisse hendrerit quam"
        text run at (0,153) width 362: "nec felis. Sed varius turpis vitae pede. Lorem ipsum dolor"
        text run at (0,170) width 233: "sit amet, consectetuer adipiscing elit. "
        text run at (233,170) width 121: "Lorem ipsum dolor"
        text run at (0,187) width 363: "sit amet, consectetuer adipiscing elit. Nulla varius enim ac"
        text run at (0,204) width 318: "mi. Curabitur sollicitudin felis quis lectus. Quisque"
        text run at (0,221) width 356: "adipiscing rhoncus sem. Proin nulla purus, vulputate vel,"
        text run at (0,238) width 354: "varius ut, euismod et, nisi. Sed vitae felis vel orci sagittis"
        text run at (0,255) width 351: "aliquam. Cras convallis adipiscing sem. Nam nonummy"
        text run at (0,272) width 358: "enim. Nullam bibendum lobortis neque. Vestibulum velit"
        text run at (0,289) width 361: "orci, tempus euismod, pretium quis, interdum vitae, nulla."
        text run at (0,309) width 339: "Phasellus eget ante et tortor condimentum vestibulum."
        text run at (0,326) width 345: "Suspendisse hendrerit quam nec felis. Sed varius turpis"
        text run at (0,343) width 331: "vitae pede. Lorem ipsum dolor sit amet, consectetuer"
        text run at (0,360) width 95: "adipiscing elit. "
        text run at (95,360) width 259: "Lorem ipsum dolor sit amet, consectetuer"
        text run at (0,377) width 313: "adipiscing elit. Nulla varius enim ac mi. Curabitur"
        text run at (0,394) width 352: "sollicitudin felis quis lectus. Quisque adipiscing rhoncus"
        text run at (0,411) width 353: "sem. Proin nulla purus, vulputate vel, varius ut, euismod"
        text run at (0,428) width 326: "et, nisi. Sed vitae felis vel orci sagittis aliquam. Cras"
        text run at (0,445) width 350: "convallis adipiscing sem. Nam nonummy enim. Nullam"
        text run at (0,462) width 349: "bibendum lobortis neque. Vestibulum velit orci, tempus"
        text run at (0,479) width 343: "euismod, pretium quis, interdum vitae, nulla. Phasellus"
        text run at (0,496) width 357: "eget ante et tortor condimentum vestibulum. Suspendisse"
        text run at (0,513) width 336: "hendrerit quam nec felis. Sed varius turpis vitae pede."
        text run at (0,530) width 354: "Lorem ipsum dolor sit amet, consectetuer adipiscing elit."
        text run at (0,547) width 354: "Lorem ipsum dolor sit amet, consectetuer adipiscing elit."
        text run at (0,564) width 154: "Nulla varius enim ac mi."
    RenderBlock (generated) at (0,581) size 367x20 [bgcolor=#FFFF00]
      RenderText at (0,0) size 156x17
        text run at (0,0) width 156: "After Generated Content"
layer at (8,434) size 760x400
  RenderBlock {DIV} at (0,417) size 760x401 [border: (5px solid #800000)]
    RenderBlock (anonymous multi-column span) at (5,312) size 750x66
      RenderBlock {H2} at (0,19) size 750x27 [bgcolor=#EEEEEE]
        RenderText {#text} at (0,0) size 276x26
          text run at (0,0) width 276: "This is a spanning element."
layer at (13,439) size 750x307
  RenderBlock (anonymous multi-column) at (5,5) size 750x307
    RenderBlock (generated) at (0,0) size 367x17 [bgcolor=#FFFF00]
      RenderText at (0,0) size 166x17
        text run at (0,0) width 166: "Before Generated Content"
    RenderBlock (anonymous) at (0,17) size 367x579
      RenderText {#text} at (0,0) size 363x579
        text run at (0,0) width 354: "Lorem ipsum dolor sit amet, consectetuer adipiscing elit."
        text run at (0,17) width 351: "Nulla varius enim ac mi. Curabitur sollicitudin felis quis"
        text run at (0,34) width 325: "lectus. Quisque adipiscing rhoncus sem. Proin nulla"
        text run at (0,51) width 358: "purus, vulputate vel, varius ut, euismod et, nisi. Sed vitae"
        text run at (0,68) width 343: "felis vel orci sagittis aliquam. Cras convallis adipiscing"
        text run at (0,85) width 340: "sem. Nam nonummy enim. Nullam bibendum lobortis"
        text run at (0,102) width 344: "neque. Vestibulum velit orci, tempus euismod, pretium"
        text run at (0,119) width 343: "quis, interdum vitae, nulla. Phasellus eget ante et tortor"
        text run at (0,136) width 343: "condimentum vestibulum. Suspendisse hendrerit quam"
        text run at (0,153) width 362: "nec felis. Sed varius turpis vitae pede. Lorem ipsum dolor"
        text run at (0,170) width 233: "sit amet, consectetuer adipiscing elit. "
        text run at (233,170) width 121: "Lorem ipsum dolor"
        text run at (0,187) width 363: "sit amet, consectetuer adipiscing elit. Nulla varius enim ac"
        text run at (0,204) width 318: "mi. Curabitur sollicitudin felis quis lectus. Quisque"
        text run at (0,221) width 356: "adipiscing rhoncus sem. Proin nulla purus, vulputate vel,"
        text run at (0,238) width 354: "varius ut, euismod et, nisi. Sed vitae felis vel orci sagittis"
        text run at (0,255) width 351: "aliquam. Cras convallis adipiscing sem. Nam nonummy"
        text run at (0,272) width 358: "enim. Nullam bibendum lobortis neque. Vestibulum velit"
        text run at (0,290) width 361: "orci, tempus euismod, pretium quis, interdum vitae, nulla."
        text run at (0,307) width 339: "Phasellus eget ante et tortor condimentum vestibulum."
        text run at (0,324) width 345: "Suspendisse hendrerit quam nec felis. Sed varius turpis"
        text run at (0,341) width 331: "vitae pede. Lorem ipsum dolor sit amet, consectetuer"
        text run at (0,358) width 95: "adipiscing elit. "
        text run at (95,358) width 259: "Lorem ipsum dolor sit amet, consectetuer"
        text run at (0,375) width 313: "adipiscing elit. Nulla varius enim ac mi. Curabitur"
        text run at (0,392) width 352: "sollicitudin felis quis lectus. Quisque adipiscing rhoncus"
        text run at (0,409) width 353: "sem. Proin nulla purus, vulputate vel, varius ut, euismod"
        text run at (0,426) width 326: "et, nisi. Sed vitae felis vel orci sagittis aliquam. Cras"
        text run at (0,443) width 350: "convallis adipiscing sem. Nam nonummy enim. Nullam"
        text run at (0,460) width 349: "bibendum lobortis neque. Vestibulum velit orci, tempus"
        text run at (0,477) width 343: "euismod, pretium quis, interdum vitae, nulla. Phasellus"
        text run at (0,494) width 357: "eget ante et tortor condimentum vestibulum. Suspendisse"
        text run at (0,511) width 336: "hendrerit quam nec felis. Sed varius turpis vitae pede."
        text run at (0,528) width 354: "Lorem ipsum dolor sit amet, consectetuer adipiscing elit."
        text run at (0,545) width 354: "Lorem ipsum dolor sit amet, consectetuer adipiscing elit."
        text run at (0,562) width 154: "Nulla varius enim ac mi."
layer at (13,812) size 750x17
  RenderBlock (anonymous multi-column) at (5,377) size 750x18
    RenderBlock (generated) at (0,0) size 367x20 [bgcolor=#FFFF00]
      RenderText at (0,0) size 156x17
        text run at (0,0) width 156: "After Generated Content"
layer at (8,850) size 760x433
  RenderBlock {DIV} at (0,833) size 760x435 [border: (5px solid #800000)]
    RenderBlock (anonymous multi-column span) at (5,140) size 750x66
      RenderBlock {H2} at (0,19) size 750x27 [bgcolor=#EEEEEE]
        RenderText {#text} at (0,0) size 276x26
          text run at (0,0) width 276: "This is a spanning element."
layer at (13,855) size 750x135
  RenderBlock (anonymous multi-column) at (5,5) size 750x135
    RenderBlock (generated) at (0,0) size 367x17 [bgcolor=#FFFF00]
      RenderText at (0,0) size 166x17
        text run at (0,0) width 166: "Before Generated Content"
    RenderBlock {P} at (0,33) size 367x221
      RenderText {#text} at (0,0) size 363x221
        text run at (0,0) width 354: "Lorem ipsum dolor sit amet, consectetuer adipiscing elit."
        text run at (0,17) width 351: "Nulla varius enim ac mi. Curabitur sollicitudin felis quis"
        text run at (0,34) width 325: "lectus. Quisque adipiscing rhoncus sem. Proin nulla"
        text run at (0,51) width 358: "purus, vulputate vel, varius ut, euismod et, nisi. Sed vitae"
        text run at (0,68) width 343: "felis vel orci sagittis aliquam. Cras convallis adipiscing"
        text run at (0,85) width 340: "sem. Nam nonummy enim. Nullam bibendum lobortis"
        text run at (0,102) width 344: "neque. Vestibulum velit orci, tempus euismod, pretium"
        text run at (0,119) width 343: "quis, interdum vitae, nulla. Phasellus eget ante et tortor"
        text run at (0,136) width 343: "condimentum vestibulum. Suspendisse hendrerit quam"
        text run at (0,153) width 362: "nec felis. Sed varius turpis vitae pede. Lorem ipsum dolor"
        text run at (0,170) width 233: "sit amet, consectetuer adipiscing elit. "
        text run at (233,170) width 121: "Lorem ipsum dolor"
        text run at (0,187) width 363: "sit amet, consectetuer adipiscing elit. Nulla varius enim ac"
        text run at (0,204) width 20: "mi."
layer at (13,1055) size 750x223
  RenderBlock (anonymous multi-column) at (5,205) size 750x224
    RenderBlock {P} at (0,16) size 367x377
      RenderText {#text} at (0,0) size 363x377
        text run at (0,0) width 354: "Lorem ipsum dolor sit amet, consectetuer adipiscing elit."
        text run at (0,17) width 351: "Nulla varius enim ac mi. Curabitur sollicitudin felis quis"
        text run at (0,34) width 325: "lectus. Quisque adipiscing rhoncus sem. Proin nulla"
        text run at (0,51) width 358: "purus, vulputate vel, varius ut, euismod et, nisi. Sed vitae"
        text run at (0,68) width 343: "felis vel orci sagittis aliquam. Cras convallis adipiscing"
        text run at (0,85) width 340: "sem. Nam nonummy enim. Nullam bibendum lobortis"
        text run at (0,102) width 344: "neque. Vestibulum velit orci, tempus euismod, pretium"
        text run at (0,119) width 343: "quis, interdum vitae, nulla. Phasellus eget ante et tortor"
        text run at (0,136) width 343: "condimentum vestibulum. Suspendisse hendrerit quam"
        text run at (0,153) width 362: "nec felis. Sed varius turpis vitae pede. Lorem ipsum dolor"
        text run at (0,170) width 233: "sit amet, consectetuer adipiscing elit. "
        text run at (233,170) width 121: "Lorem ipsum dolor"
        text run at (0,187) width 363: "sit amet, consectetuer adipiscing elit. Nulla varius enim ac"
        text run at (0,207) width 318: "mi. Curabitur sollicitudin felis quis lectus. Quisque"
        text run at (0,224) width 356: "adipiscing rhoncus sem. Proin nulla purus, vulputate vel,"
        text run at (0,241) width 354: "varius ut, euismod et, nisi. Sed vitae felis vel orci sagittis"
        text run at (0,258) width 351: "aliquam. Cras convallis adipiscing sem. Nam nonummy"
        text run at (0,275) width 358: "enim. Nullam bibendum lobortis neque. Vestibulum velit"
        text run at (0,292) width 361: "orci, tempus euismod, pretium quis, interdum vitae, nulla."
        text run at (0,309) width 339: "Phasellus eget ante et tortor condimentum vestibulum."
        text run at (0,326) width 345: "Suspendisse hendrerit quam nec felis. Sed varius turpis"
        text run at (0,343) width 331: "vitae pede. Lorem ipsum dolor sit amet, consectetuer"
        text run at (0,360) width 91: "adipiscing elit."
    RenderBlock (generated) at (0,409) size 367x20 [bgcolor=#FFFF00]
      RenderText at (0,0) size 156x17
        text run at (0,0) width 156: "After Generated Content"
layer at (8,1299) size 760x418
  RenderBlock {DIV} at (0,1283) size 760x419 [border: (5px solid #800000)]
    RenderBlock (anonymous multi-column span) at (5,124) size 750x66
      RenderBlock {H2} at (0,19) size 750x27 [bgcolor=#EEEEEE]
        RenderText {#text} at (0,0) size 276x26
          text run at (0,0) width 276: "This is a spanning element."
layer at (13,1304) size 750x119
  RenderBlock (anonymous multi-column) at (5,5) size 750x119
    RenderBlock (generated) at (0,0) size 367x17 [bgcolor=#FFFF00]
      RenderText at (0,0) size 166x17
        text run at (0,0) width 166: "Before Generated Content"
    RenderBlock (anonymous) at (0,17) size 367x221
      RenderText {#text} at (0,0) size 363x221
        text run at (0,0) width 354: "Lorem ipsum dolor sit amet, consectetuer adipiscing elit."
        text run at (0,17) width 351: "Nulla varius enim ac mi. Curabitur sollicitudin felis quis"
        text run at (0,34) width 325: "lectus. Quisque adipiscing rhoncus sem. Proin nulla"
        text run at (0,51) width 358: "purus, vulputate vel, varius ut, euismod et, nisi. Sed vitae"
        text run at (0,68) width 343: "felis vel orci sagittis aliquam. Cras convallis adipiscing"
        text run at (0,85) width 340: "sem. Nam nonummy enim. Nullam bibendum lobortis"
        text run at (0,102) width 344: "neque. Vestibulum velit orci, tempus euismod, pretium"
        text run at (0,119) width 343: "quis, interdum vitae, nulla. Phasellus eget ante et tortor"
        text run at (0,136) width 343: "condimentum vestibulum. Suspendisse hendrerit quam"
        text run at (0,153) width 362: "nec felis. Sed varius turpis vitae pede. Lorem ipsum dolor"
        text run at (0,170) width 233: "sit amet, consectetuer adipiscing elit. "
        text run at (233,170) width 121: "Lorem ipsum dolor"
        text run at (0,187) width 363: "sit amet, consectetuer adipiscing elit. Nulla varius enim ac"
        text run at (0,204) width 20: "mi."
layer at (13,1489) size 750x223
  RenderBlock (anonymous multi-column) at (5,189) size 750x224
    RenderBlock (anonymous) at (0,0) size 367x187
      RenderInline {SPAN} at (0,0) size 42x17
        RenderText {#text} at (0,0) size 42x17
          text run at (0,0) width 42: "Lorem"
      RenderText {#text} at (42,0) size 362x187
        text run at (42,0) width 312: " ipsum dolor sit amet, consectetuer adipiscing elit."
        text run at (0,17) width 351: "Nulla varius enim ac mi. Curabitur sollicitudin felis quis"
        text run at (0,34) width 325: "lectus. Quisque adipiscing rhoncus sem. Proin nulla"
        text run at (0,51) width 358: "purus, vulputate vel, varius ut, euismod et, nisi. Sed vitae"
        text run at (0,68) width 343: "felis vel orci sagittis aliquam. Cras convallis adipiscing"
        text run at (0,85) width 340: "sem. Nam nonummy enim. Nullam bibendum lobortis"
        text run at (0,102) width 344: "neque. Vestibulum velit orci, tempus euismod, pretium"
        text run at (0,119) width 343: "quis, interdum vitae, nulla. Phasellus eget ante et tortor"
        text run at (0,136) width 343: "condimentum vestibulum. Suspendisse hendrerit quam"
        text run at (0,153) width 362: "nec felis. Sed varius turpis vitae pede. Lorem ipsum dolor"
        text run at (0,170) width 229: "sit amet, consectetuer adipiscing elit."
    RenderBlock {P} at (0,203) size 367x190
      RenderText {#text} at (0,0) size 362x190
        text run at (0,0) width 354: "Lorem ipsum dolor sit amet, consectetuer adipiscing elit."
        text run at (0,20) width 351: "Nulla varius enim ac mi. Curabitur sollicitudin felis quis"
        text run at (0,37) width 325: "lectus. Quisque adipiscing rhoncus sem. Proin nulla"
        text run at (0,54) width 358: "purus, vulputate vel, varius ut, euismod et, nisi. Sed vitae"
        text run at (0,71) width 343: "felis vel orci sagittis aliquam. Cras convallis adipiscing"
        text run at (0,88) width 340: "sem. Nam nonummy enim. Nullam bibendum lobortis"
        text run at (0,105) width 344: "neque. Vestibulum velit orci, tempus euismod, pretium"
        text run at (0,122) width 343: "quis, interdum vitae, nulla. Phasellus eget ante et tortor"
        text run at (0,139) width 343: "condimentum vestibulum. Suspendisse hendrerit quam"
        text run at (0,156) width 362: "nec felis. Sed varius turpis vitae pede. Lorem ipsum dolor"
        text run at (0,173) width 229: "sit amet, consectetuer adipiscing elit."
    RenderBlock (generated) at (0,409) size 367x20 [bgcolor=#FFFF00]
      RenderText at (0,0) size 156x17
        text run at (0,0) width 156: "After Generated Content"
layer at (8,1733) size 760x419
  RenderBlock {DIV} at (0,1717) size 760x420 [border: (5px solid #800000)]
    RenderBlock (anonymous multi-column span) at (5,227) size 750x66
      RenderBlock {H2} at (0,19) size 750x27 [bgcolor=#EEEEEE]
        RenderText {#text} at (0,0) size 276x26
          text run at (0,0) width 276: "This is a spanning element."
layer at (13,1738) size 750x222
  RenderBlock (anonymous multi-column) at (5,5) size 750x222
    RenderBlock (generated) at (0,0) size 367x17 [bgcolor=#FFFF00]
      RenderText at (0,0) size 166x17
        text run at (0,0) width 166: "Before Generated Content"
    RenderBlock (anonymous) at (0,17) size 367x187
      RenderInline {SPAN} at (0,0) size 362x187
        RenderText {#text} at (0,0) size 362x187
          text run at (0,0) width 354: "Lorem ipsum dolor sit amet, consectetuer adipiscing elit."
          text run at (0,17) width 351: "Nulla varius enim ac mi. Curabitur sollicitudin felis quis"
          text run at (0,34) width 325: "lectus. Quisque adipiscing rhoncus sem. Proin nulla"
          text run at (0,51) width 358: "purus, vulputate vel, varius ut, euismod et, nisi. Sed vitae"
          text run at (0,68) width 343: "felis vel orci sagittis aliquam. Cras convallis adipiscing"
          text run at (0,85) width 340: "sem. Nam nonummy enim. Nullam bibendum lobortis"
          text run at (0,102) width 344: "neque. Vestibulum velit orci, tempus euismod, pretium"
          text run at (0,119) width 343: "quis, interdum vitae, nulla. Phasellus eget ante et tortor"
          text run at (0,136) width 343: "condimentum vestibulum. Suspendisse hendrerit quam"
          text run at (0,153) width 362: "nec felis. Sed varius turpis vitae pede. Lorem ipsum dolor"
          text run at (0,170) width 229: "sit amet, consectetuer adipiscing elit."
    RenderBlock (anonymous) at (0,204) size 367x35
      RenderBlock {SPAN} at (0,0) size 367x35
        RenderText {#text} at (0,0) size 354x35
          text run at (0,0) width 354: "Lorem ipsum dolor sit amet, consectetuer adipiscing elit."
          text run at (0,18) width 154: "Nulla varius enim ac mi."
    RenderBlock (anonymous) at (0,239) size 367x187
      RenderInline {SPAN} at (0,0) size 42x17
        RenderText {#text} at (0,0) size 42x17
          text run at (0,0) width 42: "Lorem"
      RenderText {#text} at (42,0) size 362x187
        text run at (42,0) width 312: " ipsum dolor sit amet, consectetuer adipiscing elit."
        text run at (0,17) width 351: "Nulla varius enim ac mi. Curabitur sollicitudin felis quis"
        text run at (0,34) width 325: "lectus. Quisque adipiscing rhoncus sem. Proin nulla"
        text run at (0,51) width 358: "purus, vulputate vel, varius ut, euismod et, nisi. Sed vitae"
        text run at (0,68) width 343: "felis vel orci sagittis aliquam. Cras convallis adipiscing"
        text run at (0,85) width 340: "sem. Nam nonummy enim. Nullam bibendum lobortis"
        text run at (0,102) width 344: "neque. Vestibulum velit orci, tempus euismod, pretium"
        text run at (0,119) width 343: "quis, interdum vitae, nulla. Phasellus eget ante et tortor"
        text run at (0,136) width 343: "condimentum vestibulum. Suspendisse hendrerit quam"
        text run at (0,153) width 362: "nec felis. Sed varius turpis vitae pede. Lorem ipsum dolor"
        text run at (0,170) width 229: "sit amet, consectetuer adipiscing elit."
layer at (13,2026) size 750x121
  RenderBlock (anonymous multi-column) at (5,292) size 750x122
    RenderBlock {P} at (0,16) size 367x190
      RenderText {#text} at (0,0) size 362x190
        text run at (0,0) width 354: "Lorem ipsum dolor sit amet, consectetuer adipiscing elit."
        text run at (0,17) width 351: "Nulla varius enim ac mi. Curabitur sollicitudin felis quis"
        text run at (0,34) width 325: "lectus. Quisque adipiscing rhoncus sem. Proin nulla"
        text run at (0,51) width 358: "purus, vulputate vel, varius ut, euismod et, nisi. Sed vitae"
        text run at (0,68) width 343: "felis vel orci sagittis aliquam. Cras convallis adipiscing"
        text run at (0,85) width 340: "sem. Nam nonummy enim. Nullam bibendum lobortis"
        text run at (0,105) width 344: "neque. Vestibulum velit orci, tempus euismod, pretium"
        text run at (0,122) width 343: "quis, interdum vitae, nulla. Phasellus eget ante et tortor"
        text run at (0,139) width 343: "condimentum vestibulum. Suspendisse hendrerit quam"
        text run at (0,156) width 362: "nec felis. Sed varius turpis vitae pede. Lorem ipsum dolor"
        text run at (0,173) width 229: "sit amet, consectetuer adipiscing elit."
    RenderBlock (generated) at (0,222) size 367x20 [bgcolor=#FFFF00]
      RenderText at (0,0) size 156x17
        text run at (0,0) width 156: "After Generated Content"
layer at (8,2168) size 760x468
  RenderBlock {DIV} at (0,2152) size 760x468 [border: (5px solid #800000)]
    RenderBlock (anonymous multi-column span) at (5,258) size 750x66
      RenderBlock {H2} at (0,19) size 750x27 [bgcolor=#EEEEEE]
        RenderText {#text} at (0,0) size 276x26
          text run at (0,0) width 276: "This is a spanning element."
    RenderBlock (anonymous) at (5,340) size 750x18
      RenderBlock {SPAN} at (0,0) size 750x17
        RenderText {#text} at (0,0) size 154x17
          text run at (0,0) width 154: "Nulla varius enim ac mi."
layer at (13,2173) size 750x253
  RenderBlock (anonymous multi-column) at (5,5) size 750x253
    RenderBlock (generated) at (0,0) size 367x17 [bgcolor=#FFFF00]
      RenderText at (0,0) size 166x17
        text run at (0,0) width 166: "Before Generated Content"
    RenderBlock {P} at (0,33) size 367x187
      RenderText {#text} at (0,0) size 362x187
        text run at (0,0) width 354: "Lorem ipsum dolor sit amet, consectetuer adipiscing elit."
        text run at (0,17) width 351: "Nulla varius enim ac mi. Curabitur sollicitudin felis quis"
        text run at (0,34) width 325: "lectus. Quisque adipiscing rhoncus sem. Proin nulla"
        text run at (0,51) width 358: "purus, vulputate vel, varius ut, euismod et, nisi. Sed vitae"
        text run at (0,68) width 343: "felis vel orci sagittis aliquam. Cras convallis adipiscing"
        text run at (0,85) width 340: "sem. Nam nonummy enim. Nullam bibendum lobortis"
        text run at (0,102) width 344: "neque. Vestibulum velit orci, tempus euismod, pretium"
        text run at (0,119) width 343: "quis, interdum vitae, nulla. Phasellus eget ante et tortor"
        text run at (0,136) width 343: "condimentum vestibulum. Suspendisse hendrerit quam"
        text run at (0,153) width 362: "nec felis. Sed varius turpis vitae pede. Lorem ipsum dolor"
        text run at (0,170) width 229: "sit amet, consectetuer adipiscing elit."
    RenderBlock {P} at (0,236) size 367x34
      RenderText {#text} at (0,0) size 354x34
        text run at (0,0) width 354: "Lorem ipsum dolor sit amet, consectetuer adipiscing elit."
        text run at (0,17) width 154: "Nulla varius enim ac mi."
    RenderBlock {P} at (0,286) size 367x187
      RenderText {#text} at (0,0) size 362x187
        text run at (0,0) width 354: "Lorem ipsum dolor sit amet, consectetuer adipiscing elit."
        text run at (0,17) width 351: "Nulla varius enim ac mi. Curabitur sollicitudin felis quis"
        text run at (0,34) width 325: "lectus. Quisque adipiscing rhoncus sem. Proin nulla"
        text run at (0,51) width 358: "purus, vulputate vel, varius ut, euismod et, nisi. Sed vitae"
        text run at (0,68) width 343: "felis vel orci sagittis aliquam. Cras convallis adipiscing"
        text run at (0,85) width 340: "sem. Nam nonummy enim. Nullam bibendum lobortis"
        text run at (0,102) width 344: "neque. Vestibulum velit orci, tempus euismod, pretium"
        text run at (0,119) width 343: "quis, interdum vitae, nulla. Phasellus eget ante et tortor"
        text run at (0,136) width 343: "condimentum vestibulum. Suspendisse hendrerit quam"
        text run at (0,153) width 362: "nec felis. Sed varius turpis vitae pede. Lorem ipsum dolor"
        text run at (0,170) width 229: "sit amet, consectetuer adipiscing elit."
layer at (13,2492) size 750x17
  RenderBlock (anonymous multi-column) at (5,323) size 750x18
    RenderInline {SPAN} at (0,0) size 354x17
      RenderText {#text} at (0,0) size 354x17
        text run at (0,0) width 354: "Lorem ipsum dolor sit amet, consectetuer adipiscing elit."
layer at (13,2526) size 750x105
  RenderBlock (anonymous multi-column) at (5,357) size 750x106
    RenderBlock (anonymous) at (0,0) size 367x173
      RenderInline {SPAN} at (0,0) size 362x173
        RenderText {#text} at (0,0) size 362x173
          text run at (0,0) width 362: "Curabitur sollicitudin felis quis lectus. Quisque adipiscing"
          text run at (0,17) width 350: "rhoncus sem. Proin nulla purus, vulputate vel, varius ut,"
          text run at (0,34) width 350: "euismod et, nisi. Sed vitae felis vel orci sagittis aliquam."
          text run at (0,51) width 332: "Cras convallis adipiscing sem. Nam nonummy enim."
          text run at (0,68) width 351: "Nullam bibendum lobortis neque. Vestibulum velit orci,"
          text run at (0,85) width 329: "tempus euismod, pretium quis, interdum vitae, nulla."
          text run at (0,105) width 339: "Phasellus eget ante et tortor condimentum vestibulum."
          text run at (0,122) width 345: "Suspendisse hendrerit quam nec felis. Sed varius turpis"
          text run at (0,139) width 331: "vitae pede. Lorem ipsum dolor sit amet, consectetuer"
          text run at (0,156) width 91: "adipiscing elit."
      RenderText {#text} at (0,0) size 0x0
    RenderBlock (generated) at (0,173) size 367x20 [bgcolor=#FFFF00]
      RenderText at (0,0) size 156x17
        text run at (0,0) width 156: "After Generated Content"
