layer at (0,0) size 785x1280
  RenderView at (0,0) size 785x600
layer at (0,0) size 785x1280
  RenderBlock {HTML} at (0,0) size 785x1281
    RenderBody {BODY} at (8,16) size 769x1249
layer at (8,16) size 760x398
  RenderBlock {DIV} at (0,0) size 760x398 [border: (5px solid #800000)]
    RenderBlock (anonymous multi-column span) at (5,13) size 750x66 [color=#FFFFFF]
      RenderBlock {H2} at (0,19) size 750x27 [color=#000000] [bgcolor=#EEEEEE]
        RenderText {#text} at (0,0) size 276x26
          text run at (0,0) width 276: "This is a spanning element."
layer at (13,21) size 750x8
  RenderBlock (anonymous multi-column) at (5,5) size 750x8
    RenderBlock {SPAN} at (0,8) size 367x0 [color=#FFFFFF] [bgcolor=#000000]
layer at (13,95) size 750x314
  RenderBlock (anonymous multi-column) at (5,78) size 750x315
    RenderBlock {SPAN} at (0,16) size 367x187 [color=#FFFFFF] [bgcolor=#000000]
      RenderText {#text} at (0,0) size 362x187
        text run at (0,0) width 354: "Lorem ipsum dolor sit amet, consectetuer adipiscing elit."
        text run at (0,17) width 351: "Nulla varius enim ac mi. Curabitur sollicitudin felis quis"
        text run at (0,34) width 325: "lectus. Quisque adipiscing rhoncus sem. Proin nulla"
        text run at (0,51) width 358: "purus, vulputate vel, varius ut, euismod et, nisi. Sed vitae"
        text run at (0,68) width 343: "felis vel orci sagittis aliquam. Cras convallis adipiscing"
        text run at (0,85) width 340: "sem. Nam nonummy enim. Nullam bibendum lobortis"
        text run at (0,102) width 344: "neque. Vestibulum velit orci, tempus euismod, pretium"
        text run at (0,119) width 343: "quis, interdum vitae, nulla. Phasellus eget ante et tortor"
        text run at (0,136) width 343: "condimentum vestibulum. Suspendisse hendrerit quam"
        text run at (0,153) width 362: "nec felis. Sed varius turpis vitae pede. Lorem ipsum dolor"
        text run at (0,170) width 229: "sit amet, consectetuer adipiscing elit."
    RenderBlock (anonymous) at (0,219) size 367x401
      RenderText {#text} at (0,0) size 362x197
        text run at (0,0) width 354: "Lorem ipsum dolor sit amet, consectetuer adipiscing elit."
        text run at (0,17) width 351: "Nulla varius enim ac mi. Curabitur sollicitudin felis quis"
        text run at (0,34) width 325: "lectus. Quisque adipiscing rhoncus sem. Proin nulla"
        text run at (0,51) width 358: "purus, vulputate vel, varius ut, euismod et, nisi. Sed vitae"
        text run at (0,68) width 343: "felis vel orci sagittis aliquam. Cras convallis adipiscing"
        text run at (0,95) width 340: "sem. Nam nonummy enim. Nullam bibendum lobortis"
        text run at (0,112) width 344: "neque. Vestibulum velit orci, tempus euismod, pretium"
        text run at (0,129) width 343: "quis, interdum vitae, nulla. Phasellus eget ante et tortor"
        text run at (0,146) width 343: "condimentum vestibulum. Suspendisse hendrerit quam"
        text run at (0,163) width 362: "nec felis. Sed varius turpis vitae pede. Lorem ipsum dolor"
        text run at (0,180) width 233: "sit amet, consectetuer adipiscing elit. "
      RenderInline {SPAN} at (0,0) size 42x17
        RenderText {#text} at (233,180) size 42x17
          text run at (233,180) width 42: "Lorem"
      RenderText {#text} at (275,180) size 363x221
        text run at (275,180) width 79: " ipsum dolor"
        text run at (0,197) width 363: "sit amet, consectetuer adipiscing elit. Nulla varius enim ac"
        text run at (0,214) width 318: "mi. Curabitur sollicitudin felis quis lectus. Quisque"
        text run at (0,231) width 356: "adipiscing rhoncus sem. Proin nulla purus, vulputate vel,"
        text run at (0,248) width 354: "varius ut, euismod et, nisi. Sed vitae felis vel orci sagittis"
        text run at (0,265) width 351: "aliquam. Cras convallis adipiscing sem. Nam nonummy"
        text run at (0,282) width 358: "enim. Nullam bibendum lobortis neque. Vestibulum velit"
        text run at (0,299) width 361: "orci, tempus euismod, pretium quis, interdum vitae, nulla."
        text run at (0,316) width 339: "Phasellus eget ante et tortor condimentum vestibulum."
        text run at (0,333) width 345: "Suspendisse hendrerit quam nec felis. Sed varius turpis"
        text run at (0,350) width 331: "vitae pede. Lorem ipsum dolor sit amet, consectetuer"
        text run at (0,367) width 95: "adipiscing elit. "
        text run at (95,367) width 259: "Lorem ipsum dolor sit amet, consectetuer"
        text run at (0,384) width 249: "adipiscing elit. Nulla varius enim ac mi."
layer at (8,430) size 760x397
  RenderBlock {DIV} at (0,413) size 760x398 [border: (5px solid #800000)]
    RenderBlock (anonymous multi-column span) at (5,318) size 750x66 [color=#FFFFFF]
      RenderBlock {H2} at (0,19) size 750x27 [color=#000000] [bgcolor=#EEEEEE]
        RenderText {#text} at (0,0) size 276x26
          text run at (0,0) width 276: "This is a spanning element."
layer at (13,435) size 750x313
  RenderBlock (anonymous multi-column) at (5,5) size 750x313
    RenderBlock (anonymous) at (0,0) size 367x551
      RenderText {#text} at (0,0) size 363x551
        text run at (0,0) width 354: "Lorem ipsum dolor sit amet, consectetuer adipiscing elit."
        text run at (0,17) width 351: "Nulla varius enim ac mi. Curabitur sollicitudin felis quis"
        text run at (0,34) width 325: "lectus. Quisque adipiscing rhoncus sem. Proin nulla"
        text run at (0,51) width 358: "purus, vulputate vel, varius ut, euismod et, nisi. Sed vitae"
        text run at (0,68) width 343: "felis vel orci sagittis aliquam. Cras convallis adipiscing"
        text run at (0,85) width 340: "sem. Nam nonummy enim. Nullam bibendum lobortis"
        text run at (0,102) width 344: "neque. Vestibulum velit orci, tempus euismod, pretium"
        text run at (0,119) width 343: "quis, interdum vitae, nulla. Phasellus eget ante et tortor"
        text run at (0,136) width 343: "condimentum vestibulum. Suspendisse hendrerit quam"
        text run at (0,153) width 362: "nec felis. Sed varius turpis vitae pede. Lorem ipsum dolor"
        text run at (0,170) width 233: "sit amet, consectetuer adipiscing elit. "
        text run at (233,170) width 121: "Lorem ipsum dolor"
        text run at (0,187) width 363: "sit amet, consectetuer adipiscing elit. Nulla varius enim ac"
        text run at (0,204) width 318: "mi. Curabitur sollicitudin felis quis lectus. Quisque"
        text run at (0,221) width 356: "adipiscing rhoncus sem. Proin nulla purus, vulputate vel,"
        text run at (0,238) width 354: "varius ut, euismod et, nisi. Sed vitae felis vel orci sagittis"
        text run at (0,255) width 351: "aliquam. Cras convallis adipiscing sem. Nam nonummy"
        text run at (0,272) width 358: "enim. Nullam bibendum lobortis neque. Vestibulum velit"
        text run at (0,289) width 361: "orci, tempus euismod, pretium quis, interdum vitae, nulla."
        text run at (0,313) width 339: "Phasellus eget ante et tortor condimentum vestibulum."
        text run at (0,330) width 345: "Suspendisse hendrerit quam nec felis. Sed varius turpis"
        text run at (0,347) width 331: "vitae pede. Lorem ipsum dolor sit amet, consectetuer"
        text run at (0,364) width 95: "adipiscing elit. "
        text run at (95,364) width 259: "Lorem ipsum dolor sit amet, consectetuer"
        text run at (0,381) width 313: "adipiscing elit. Nulla varius enim ac mi. Curabitur"
        text run at (0,398) width 352: "sollicitudin felis quis lectus. Quisque adipiscing rhoncus"
        text run at (0,415) width 353: "sem. Proin nulla purus, vulputate vel, varius ut, euismod"
        text run at (0,432) width 326: "et, nisi. Sed vitae felis vel orci sagittis aliquam. Cras"
        text run at (0,449) width 350: "convallis adipiscing sem. Nam nonummy enim. Nullam"
        text run at (0,466) width 349: "bibendum lobortis neque. Vestibulum velit orci, tempus"
        text run at (0,483) width 343: "euismod, pretium quis, interdum vitae, nulla. Phasellus"
        text run at (0,500) width 357: "eget ante et tortor condimentum vestibulum. Suspendisse"
        text run at (0,517) width 336: "hendrerit quam nec felis. Sed varius turpis vitae pede."
        text run at (0,534) width 354: "Lorem ipsum dolor sit amet, consectetuer adipiscing elit."
    RenderBlock {SPAN} at (0,567) size 367x34 [color=#FFFFFF] [bgcolor=#000000]
      RenderText {#text} at (0,0) size 354x34
        text run at (0,0) width 354: "Lorem ipsum dolor sit amet, consectetuer adipiscing elit."
        text run at (0,17) width 154: "Nulla varius enim ac mi."
layer at (13,814) size 750x8
  RenderBlock (anonymous multi-column) at (5,383) size 750x9
    RenderBlock {SPAN} at (0,8) size 367x0 [color=#FFFFFF] [bgcolor=#000000]
layer at (8,843) size 760x421
  RenderBlock {DIV} at (0,826) size 760x423 [border: (5px solid #800000)]
    RenderBlock (anonymous multi-column span) at (5,140) size 750x66 [color=#FFFFFF]
      RenderBlock {H2} at (0,19) size 750x27 [color=#000000] [bgcolor=#EEEEEE]
        RenderText {#text} at (0,0) size 276x26
          text run at (0,0) width 276: "This is a spanning element."
layer at (13,848) size 750x135
  RenderBlock (anonymous multi-column) at (5,5) size 750x135
    RenderBlock {P} at (0,16) size 367x187
      RenderText {#text} at (0,0) size 362x187
        text run at (0,0) width 354: "Lorem ipsum dolor sit amet, consectetuer adipiscing elit."
        text run at (0,17) width 351: "Nulla varius enim ac mi. Curabitur sollicitudin felis quis"
        text run at (0,34) width 325: "lectus. Quisque adipiscing rhoncus sem. Proin nulla"
        text run at (0,51) width 358: "purus, vulputate vel, varius ut, euismod et, nisi. Sed vitae"
        text run at (0,68) width 343: "felis vel orci sagittis aliquam. Cras convallis adipiscing"
        text run at (0,85) width 340: "sem. Nam nonummy enim. Nullam bibendum lobortis"
        text run at (0,102) width 344: "neque. Vestibulum velit orci, tempus euismod, pretium"
        text run at (0,119) width 343: "quis, interdum vitae, nulla. Phasellus eget ante et tortor"
        text run at (0,136) width 343: "condimentum vestibulum. Suspendisse hendrerit quam"
        text run at (0,153) width 362: "nec felis. Sed varius turpis vitae pede. Lorem ipsum dolor"
        text run at (0,170) width 229: "sit amet, consectetuer adipiscing elit."
    RenderBlock {SPAN} at (0,219) size 367x34 [color=#FFFFFF] [bgcolor=#000000]
      RenderText {#text} at (0,0) size 354x34
        text run at (0,0) width 354: "Lorem ipsum dolor sit amet, consectetuer adipiscing elit."
        text run at (0,17) width 154: "Nulla varius enim ac mi."
layer at (13,1048) size 750x211
  RenderBlock (anonymous multi-column) at (5,205) size 750x212
    RenderBlock {SPAN} at (0,16) size 367x179 [color=#FFFFFF] [bgcolor=#000000]
      RenderBlock {P} at (0,0) size 367x187
        RenderText {#text} at (0,0) size 362x187
          text run at (0,0) width 354: "Lorem ipsum dolor sit amet, consectetuer adipiscing elit."
          text run at (0,17) width 351: "Nulla varius enim ac mi. Curabitur sollicitudin felis quis"
          text run at (0,34) width 325: "lectus. Quisque adipiscing rhoncus sem. Proin nulla"
          text run at (0,51) width 358: "purus, vulputate vel, varius ut, euismod et, nisi. Sed vitae"
          text run at (0,68) width 343: "felis vel orci sagittis aliquam. Cras convallis adipiscing"
          text run at (0,85) width 340: "sem. Nam nonummy enim. Nullam bibendum lobortis"
          text run at (0,102) width 344: "neque. Vestibulum velit orci, tempus euismod, pretium"
          text run at (0,119) width 343: "quis, interdum vitae, nulla. Phasellus eget ante et tortor"
          text run at (0,136) width 343: "condimentum vestibulum. Suspendisse hendrerit quam"
          text run at (0,153) width 362: "nec felis. Sed varius turpis vitae pede. Lorem ipsum dolor"
          text run at (0,170) width 229: "sit amet, consectetuer adipiscing elit."
      RenderBlock (anonymous) at (0,195) size 367x0
        RenderText {#text} at (0,0) size 0x0
    RenderBlock (anonymous) at (0,211) size 367x187
      RenderText {#text} at (0,0) size 362x187
        text run at (0,0) width 354: "Lorem ipsum dolor sit amet, consectetuer adipiscing elit."
        text run at (0,17) width 351: "Nulla varius enim ac mi. Curabitur sollicitudin felis quis"
        text run at (0,34) width 325: "lectus. Quisque adipiscing rhoncus sem. Proin nulla"
        text run at (0,51) width 358: "purus, vulputate vel, varius ut, euismod et, nisi. Sed vitae"
        text run at (0,68) width 343: "felis vel orci sagittis aliquam. Cras convallis adipiscing"
        text run at (0,85) width 340: "sem. Nam nonummy enim. Nullam bibendum lobortis"
        text run at (0,102) width 344: "neque. Vestibulum velit orci, tempus euismod, pretium"
        text run at (0,119) width 343: "quis, interdum vitae, nulla. Phasellus eget ante et tortor"
        text run at (0,136) width 343: "condimentum vestibulum. Suspendisse hendrerit quam"
        text run at (0,153) width 362: "nec felis. Sed varius turpis vitae pede. Lorem ipsum dolor"
        text run at (0,170) width 229: "sit amet, consectetuer adipiscing elit."
    RenderBlock {P} at (0,414) size 367x0
