layer at (0,0) size 785x3247
  RenderView at (0,0) size 785x600
layer at (0,0) size 785x3247
  RenderBlock {HTML} at (0,0) size 785x3247
    RenderBody {BODY} at (8,16) size 769x3215
layer at (8,16) size 760x365
  RenderBlock {DIV} at (0,0) size 760x365 [border: (5px solid #800000)]
    RenderBlock (anonymous multi-column span) at (5,5) size 750x66
      RenderBlock {H2} at (0,19) size 750x27 [bgcolor=#EEEEEE]
        RenderText {#text} at (0,0) size 664x26
          text run at (0,0) width 664: "This is a spanning element at the beginning of the columns block."
layer at (13,87) size 750x289
  RenderBlock (anonymous multi-column) at (5,70) size 750x290
    RenderText {#text} at (0,0) size 363x578
      text run at (0,0) width 354: "Lorem ipsum dolor sit amet, consectetuer adipiscing elit."
      text run at (0,17) width 351: "Nulla varius enim ac mi. Curabitur sollicitudin felis quis"
      text run at (0,34) width 325: "lectus. Quisque adipiscing rhoncus sem. Proin nulla"
      text run at (0,51) width 358: "purus, vulputate vel, varius ut, euismod et, nisi. Sed vitae"
      text run at (0,68) width 343: "felis vel orci sagittis aliquam. Cras convallis adipiscing"
      text run at (0,85) width 340: "sem. Nam nonummy enim. Nullam bibendum lobortis"
      text run at (0,102) width 344: "neque. Vestibulum velit orci, tempus euismod, pretium"
      text run at (0,119) width 343: "quis, interdum vitae, nulla. Phasellus eget ante et tortor"
      text run at (0,136) width 343: "condimentum vestibulum. Suspendisse hendrerit quam"
      text run at (0,153) width 362: "nec felis. Sed varius turpis vitae pede. Lorem ipsum dolor"
      text run at (0,170) width 233: "sit amet, consectetuer adipiscing elit. "
      text run at (233,170) width 121: "Lorem ipsum dolor"
      text run at (0,187) width 363: "sit amet, consectetuer adipiscing elit. Nulla varius enim ac"
      text run at (0,204) width 318: "mi. Curabitur sollicitudin felis quis lectus. Quisque"
      text run at (0,221) width 356: "adipiscing rhoncus sem. Proin nulla purus, vulputate vel,"
      text run at (0,238) width 354: "varius ut, euismod et, nisi. Sed vitae felis vel orci sagittis"
      text run at (0,255) width 351: "aliquam. Cras convallis adipiscing sem. Nam nonummy"
      text run at (0,272) width 358: "enim. Nullam bibendum lobortis neque. Vestibulum velit"
      text run at (0,289) width 361: "orci, tempus euismod, pretium quis, interdum vitae, nulla."
      text run at (0,306) width 339: "Phasellus eget ante et tortor condimentum vestibulum."
      text run at (0,323) width 345: "Suspendisse hendrerit quam nec felis. Sed varius turpis"
      text run at (0,340) width 331: "vitae pede. Lorem ipsum dolor sit amet, consectetuer"
      text run at (0,357) width 95: "adipiscing elit. "
      text run at (95,357) width 259: "Lorem ipsum dolor sit amet, consectetuer"
      text run at (0,374) width 313: "adipiscing elit. Nulla varius enim ac mi. Curabitur"
      text run at (0,391) width 352: "sollicitudin felis quis lectus. Quisque adipiscing rhoncus"
      text run at (0,408) width 353: "sem. Proin nulla purus, vulputate vel, varius ut, euismod"
      text run at (0,425) width 326: "et, nisi. Sed vitae felis vel orci sagittis aliquam. Cras"
      text run at (0,442) width 350: "convallis adipiscing sem. Nam nonummy enim. Nullam"
      text run at (0,459) width 349: "bibendum lobortis neque. Vestibulum velit orci, tempus"
      text run at (0,476) width 343: "euismod, pretium quis, interdum vitae, nulla. Phasellus"
      text run at (0,493) width 357: "eget ante et tortor condimentum vestibulum. Suspendisse"
      text run at (0,510) width 336: "hendrerit quam nec felis. Sed varius turpis vitae pede."
      text run at (0,527) width 354: "Lorem ipsum dolor sit amet, consectetuer adipiscing elit."
      text run at (0,544) width 354: "Lorem ipsum dolor sit amet, consectetuer adipiscing elit."
      text run at (0,561) width 154: "Nulla varius enim ac mi."
layer at (8,397) size 760x365
  RenderBlock {DIV} at (0,380) size 760x366 [border: (5px solid #800000)]
    RenderBlock (anonymous multi-column span) at (5,294) size 750x66
      RenderBlock {H2} at (0,19) size 750x27 [bgcolor=#EEEEEE]
        RenderText {#text} at (0,0) size 600x26
          text run at (0,0) width 600: "This is a spanning element at the end of the columns block."
layer at (13,402) size 750x289
  RenderBlock (anonymous multi-column) at (5,5) size 750x289
    RenderText {#text} at (0,0) size 363x578
      text run at (0,0) width 354: "Lorem ipsum dolor sit amet, consectetuer adipiscing elit."
      text run at (0,17) width 351: "Nulla varius enim ac mi. Curabitur sollicitudin felis quis"
      text run at (0,34) width 325: "lectus. Quisque adipiscing rhoncus sem. Proin nulla"
      text run at (0,51) width 358: "purus, vulputate vel, varius ut, euismod et, nisi. Sed vitae"
      text run at (0,68) width 343: "felis vel orci sagittis aliquam. Cras convallis adipiscing"
      text run at (0,85) width 340: "sem. Nam nonummy enim. Nullam bibendum lobortis"
      text run at (0,102) width 344: "neque. Vestibulum velit orci, tempus euismod, pretium"
      text run at (0,119) width 343: "quis, interdum vitae, nulla. Phasellus eget ante et tortor"
      text run at (0,136) width 343: "condimentum vestibulum. Suspendisse hendrerit quam"
      text run at (0,153) width 362: "nec felis. Sed varius turpis vitae pede. Lorem ipsum dolor"
      text run at (0,170) width 233: "sit amet, consectetuer adipiscing elit. "
      text run at (233,170) width 121: "Lorem ipsum dolor"
      text run at (0,187) width 363: "sit amet, consectetuer adipiscing elit. Nulla varius enim ac"
      text run at (0,204) width 318: "mi. Curabitur sollicitudin felis quis lectus. Quisque"
      text run at (0,221) width 356: "adipiscing rhoncus sem. Proin nulla purus, vulputate vel,"
      text run at (0,238) width 354: "varius ut, euismod et, nisi. Sed vitae felis vel orci sagittis"
      text run at (0,255) width 351: "aliquam. Cras convallis adipiscing sem. Nam nonummy"
      text run at (0,272) width 358: "enim. Nullam bibendum lobortis neque. Vestibulum velit"
      text run at (0,289) width 361: "orci, tempus euismod, pretium quis, interdum vitae, nulla."
      text run at (0,306) width 339: "Phasellus eget ante et tortor condimentum vestibulum."
      text run at (0,323) width 345: "Suspendisse hendrerit quam nec felis. Sed varius turpis"
      text run at (0,340) width 331: "vitae pede. Lorem ipsum dolor sit amet, consectetuer"
      text run at (0,357) width 95: "adipiscing elit. "
      text run at (95,357) width 259: "Lorem ipsum dolor sit amet, consectetuer"
      text run at (0,374) width 313: "adipiscing elit. Nulla varius enim ac mi. Curabitur"
      text run at (0,391) width 352: "sollicitudin felis quis lectus. Quisque adipiscing rhoncus"
      text run at (0,408) width 353: "sem. Proin nulla purus, vulputate vel, varius ut, euismod"
      text run at (0,425) width 326: "et, nisi. Sed vitae felis vel orci sagittis aliquam. Cras"
      text run at (0,442) width 350: "convallis adipiscing sem. Nam nonummy enim. Nullam"
      text run at (0,459) width 349: "bibendum lobortis neque. Vestibulum velit orci, tempus"
      text run at (0,476) width 343: "euismod, pretium quis, interdum vitae, nulla. Phasellus"
      text run at (0,493) width 357: "eget ante et tortor condimentum vestibulum. Suspendisse"
      text run at (0,510) width 336: "hendrerit quam nec felis. Sed varius turpis vitae pede."
      text run at (0,527) width 354: "Lorem ipsum dolor sit amet, consectetuer adipiscing elit."
      text run at (0,544) width 354: "Lorem ipsum dolor sit amet, consectetuer adipiscing elit."
      text run at (0,561) width 154: "Nulla varius enim ac mi."
layer at (8,778) size 760x382
  RenderBlock {DIV} at (0,761) size 760x384 [border: (5px solid #800000)]
    RenderBlock (anonymous multi-column span) at (5,125) size 750x66
      RenderBlock {H2} at (0,19) size 750x27 [bgcolor=#EEEEEE]
        RenderText {#text} at (0,0) size 634x26
          text run at (0,0) width 634: "This is a spanning element in the middle of the columns block."
layer at (13,783) size 750x120
  RenderBlock (anonymous multi-column) at (5,5) size 750x120
    RenderText {#text} at (0,0) size 363x222
      text run at (0,0) width 354: "Lorem ipsum dolor sit amet, consectetuer adipiscing elit."
      text run at (0,17) width 351: "Nulla varius enim ac mi. Curabitur sollicitudin felis quis"
      text run at (0,34) width 325: "lectus. Quisque adipiscing rhoncus sem. Proin nulla"
      text run at (0,51) width 358: "purus, vulputate vel, varius ut, euismod et, nisi. Sed vitae"
      text run at (0,68) width 343: "felis vel orci sagittis aliquam. Cras convallis adipiscing"
      text run at (0,85) width 340: "sem. Nam nonummy enim. Nullam bibendum lobortis"
      text run at (0,102) width 344: "neque. Vestibulum velit orci, tempus euismod, pretium"
      text run at (0,120) width 343: "quis, interdum vitae, nulla. Phasellus eget ante et tortor"
      text run at (0,137) width 343: "condimentum vestibulum. Suspendisse hendrerit quam"
      text run at (0,154) width 362: "nec felis. Sed varius turpis vitae pede. Lorem ipsum dolor"
      text run at (0,171) width 233: "sit amet, consectetuer adipiscing elit. "
      text run at (233,171) width 121: "Lorem ipsum dolor"
      text run at (0,188) width 363: "sit amet, consectetuer adipiscing elit. Nulla varius enim ac"
      text run at (0,205) width 20: "mi."
layer at (13,968) size 750x187
  RenderBlock (anonymous multi-column) at (5,190) size 750x188
    RenderText {#text} at (0,0) size 363x374
      text run at (0,0) width 354: "Lorem ipsum dolor sit amet, consectetuer adipiscing elit."
      text run at (0,17) width 351: "Nulla varius enim ac mi. Curabitur sollicitudin felis quis"
      text run at (0,34) width 325: "lectus. Quisque adipiscing rhoncus sem. Proin nulla"
      text run at (0,51) width 358: "purus, vulputate vel, varius ut, euismod et, nisi. Sed vitae"
      text run at (0,68) width 343: "felis vel orci sagittis aliquam. Cras convallis adipiscing"
      text run at (0,85) width 340: "sem. Nam nonummy enim. Nullam bibendum lobortis"
      text run at (0,102) width 344: "neque. Vestibulum velit orci, tempus euismod, pretium"
      text run at (0,119) width 343: "quis, interdum vitae, nulla. Phasellus eget ante et tortor"
      text run at (0,136) width 343: "condimentum vestibulum. Suspendisse hendrerit quam"
      text run at (0,153) width 362: "nec felis. Sed varius turpis vitae pede. Lorem ipsum dolor"
      text run at (0,170) width 233: "sit amet, consectetuer adipiscing elit. "
      text run at (233,170) width 121: "Lorem ipsum dolor"
      text run at (0,187) width 363: "sit amet, consectetuer adipiscing elit. Nulla varius enim ac"
      text run at (0,204) width 318: "mi. Curabitur sollicitudin felis quis lectus. Quisque"
      text run at (0,221) width 356: "adipiscing rhoncus sem. Proin nulla purus, vulputate vel,"
      text run at (0,238) width 354: "varius ut, euismod et, nisi. Sed vitae felis vel orci sagittis"
      text run at (0,255) width 351: "aliquam. Cras convallis adipiscing sem. Nam nonummy"
      text run at (0,272) width 358: "enim. Nullam bibendum lobortis neque. Vestibulum velit"
      text run at (0,289) width 361: "orci, tempus euismod, pretium quis, interdum vitae, nulla."
      text run at (0,306) width 339: "Phasellus eget ante et tortor condimentum vestibulum."
      text run at (0,323) width 345: "Suspendisse hendrerit quam nec felis. Sed varius turpis"
      text run at (0,340) width 331: "vitae pede. Lorem ipsum dolor sit amet, consectetuer"
      text run at (0,357) width 91: "adipiscing elit."
layer at (8,1176) size 760x347
  RenderBlock {DIV} at (0,1160) size 760x348 [border: (5px solid #800000)]
    RenderText {#text} at (5,5) size 363x228
      text run at (5,5) width 354: "Lorem ipsum dolor sit amet, consectetuer adipiscing elit."
      text run at (5,22) width 351: "Nulla varius enim ac mi. Curabitur sollicitudin felis quis"
      text run at (5,39) width 325: "lectus. Quisque adipiscing rhoncus sem. Proin nulla"
      text run at (5,56) width 358: "purus, vulputate vel, varius ut, euismod et, nisi. Sed vitae"
      text run at (5,73) width 343: "felis vel orci sagittis aliquam. Cras convallis adipiscing"
      text run at (5,90) width 340: "sem. Nam nonummy enim. Nullam bibendum lobortis"
      text run at (5,107) width 344: "neque. Vestibulum velit orci, tempus euismod, pretium"
      text run at (5,124) width 343: "quis, interdum vitae, nulla. Phasellus eget ante et tortor"
      text run at (5,141) width 343: "condimentum vestibulum. Suspendisse hendrerit quam"
      text run at (5,158) width 362: "nec felis. Sed varius turpis vitae pede. Lorem ipsum dolor"
      text run at (5,175) width 233: "sit amet, consectetuer adipiscing elit. "
      text run at (238,175) width 121: "Lorem ipsum dolor"
      text run at (5,192) width 363: "sit amet, consectetuer adipiscing elit. Nulla varius enim ac"
      text run at (5,216) width 24: "mi. "
    RenderInline {H2} at (0,0) size 345x78 [bgcolor=#EEEEEE]
      RenderText {#text} at (29,209) size 345x78
        text run at (29,209) width 321: "This is a spanning element with"
        text run at (5,235) width 345: "an original display of inline in the"
        text run at (5,261) width 294: "middle of the columns block."
    RenderText {#text} at (299,268) size 363x397
      text run at (299,268) width 46: " Lorem"
      text run at (5,287) width 347: "ipsum dolor sit amet, consectetuer adipiscing elit. Nulla"
      text run at (5,304) width 356: "varius enim ac mi. Curabitur sollicitudin felis quis lectus."
      text run at (5,321) width 324: "Quisque adipiscing rhoncus sem. Proin nulla purus,"
      text run at (5,342) width 345: "vulputate vel, varius ut, euismod et, nisi. Sed vitae felis"
      text run at (5,359) width 346: "vel orci sagittis aliquam. Cras convallis adipiscing sem."
      text run at (5,376) width 353: "Nam nonummy enim. Nullam bibendum lobortis neque."
      text run at (5,393) width 332: "Vestibulum velit orci, tempus euismod, pretium quis,"
      text run at (5,410) width 309: "interdum vitae, nulla. Phasellus eget ante et tortor"
      text run at (5,427) width 343: "condimentum vestibulum. Suspendisse hendrerit quam"
      text run at (5,444) width 362: "nec felis. Sed varius turpis vitae pede. Lorem ipsum dolor"
      text run at (5,461) width 233: "sit amet, consectetuer adipiscing elit. "
      text run at (238,461) width 121: "Lorem ipsum dolor"
      text run at (5,478) width 363: "sit amet, consectetuer adipiscing elit. Nulla varius enim ac"
      text run at (5,495) width 318: "mi. Curabitur sollicitudin felis quis lectus. Quisque"
      text run at (5,512) width 356: "adipiscing rhoncus sem. Proin nulla purus, vulputate vel,"
      text run at (5,529) width 354: "varius ut, euismod et, nisi. Sed vitae felis vel orci sagittis"
      text run at (5,546) width 351: "aliquam. Cras convallis adipiscing sem. Nam nonummy"
      text run at (5,563) width 358: "enim. Nullam bibendum lobortis neque. Vestibulum velit"
      text run at (5,580) width 361: "orci, tempus euismod, pretium quis, interdum vitae, nulla."
      text run at (5,597) width 339: "Phasellus eget ante et tortor condimentum vestibulum."
      text run at (5,614) width 345: "Suspendisse hendrerit quam nec felis. Sed varius turpis"
      text run at (5,631) width 331: "vitae pede. Lorem ipsum dolor sit amet, consectetuer"
      text run at (5,648) width 91: "adipiscing elit."
layer at (8,1539) size 760x367
  RenderBlock {DIV} at (0,1523) size 760x368 [border: (5px solid #800000)]
    RenderText {#text} at (5,5) size 363x221
      text run at (5,5) width 354: "Lorem ipsum dolor sit amet, consectetuer adipiscing elit."
      text run at (5,22) width 351: "Nulla varius enim ac mi. Curabitur sollicitudin felis quis"
      text run at (5,39) width 325: "lectus. Quisque adipiscing rhoncus sem. Proin nulla"
      text run at (5,56) width 358: "purus, vulputate vel, varius ut, euismod et, nisi. Sed vitae"
      text run at (5,73) width 343: "felis vel orci sagittis aliquam. Cras convallis adipiscing"
      text run at (5,90) width 340: "sem. Nam nonummy enim. Nullam bibendum lobortis"
      text run at (5,107) width 344: "neque. Vestibulum velit orci, tempus euismod, pretium"
      text run at (5,124) width 343: "quis, interdum vitae, nulla. Phasellus eget ante et tortor"
      text run at (5,141) width 343: "condimentum vestibulum. Suspendisse hendrerit quam"
      text run at (5,158) width 362: "nec felis. Sed varius turpis vitae pede. Lorem ipsum dolor"
      text run at (5,175) width 233: "sit amet, consectetuer adipiscing elit. "
      text run at (238,175) width 121: "Lorem ipsum dolor"
      text run at (5,192) width 363: "sit amet, consectetuer adipiscing elit. Nulla varius enim ac"
      text run at (5,209) width 24: "mi. "
    RenderBlock (floating) {H2} at (5,245) size 367x79 [bgcolor=#EEEEEE]
      RenderText {#text} at (0,0) size 338x78
        text run at (0,0) width 324: "This element specifies a column"
        text run at (0,26) width 338: "span, but it is also floating, so the"
        text run at (0,52) width 325: "column-span should be ignored."
    RenderText {#text} at (29,209) size 363x493
      text run at (29,209) width 327: "Lorem ipsum dolor sit amet, consectetuer adipiscing"
      text run at (5,344) width 348: "elit. Nulla varius enim ac mi. Curabitur sollicitudin felis"
      text run at (5,362) width 355: "quis lectus. Quisque adipiscing rhoncus sem. Proin nulla"
      text run at (5,379) width 358: "purus, vulputate vel, varius ut, euismod et, nisi. Sed vitae"
      text run at (5,396) width 343: "felis vel orci sagittis aliquam. Cras convallis adipiscing"
      text run at (5,413) width 340: "sem. Nam nonummy enim. Nullam bibendum lobortis"
      text run at (5,430) width 344: "neque. Vestibulum velit orci, tempus euismod, pretium"
      text run at (5,447) width 343: "quis, interdum vitae, nulla. Phasellus eget ante et tortor"
      text run at (5,464) width 343: "condimentum vestibulum. Suspendisse hendrerit quam"
      text run at (5,481) width 362: "nec felis. Sed varius turpis vitae pede. Lorem ipsum dolor"
      text run at (5,498) width 233: "sit amet, consectetuer adipiscing elit. "
      text run at (238,498) width 121: "Lorem ipsum dolor"
      text run at (5,515) width 363: "sit amet, consectetuer adipiscing elit. Nulla varius enim ac"
      text run at (5,532) width 318: "mi. Curabitur sollicitudin felis quis lectus. Quisque"
      text run at (5,549) width 356: "adipiscing rhoncus sem. Proin nulla purus, vulputate vel,"
      text run at (5,566) width 354: "varius ut, euismod et, nisi. Sed vitae felis vel orci sagittis"
      text run at (5,583) width 351: "aliquam. Cras convallis adipiscing sem. Nam nonummy"
      text run at (5,600) width 358: "enim. Nullam bibendum lobortis neque. Vestibulum velit"
      text run at (5,617) width 361: "orci, tempus euismod, pretium quis, interdum vitae, nulla."
      text run at (5,634) width 339: "Phasellus eget ante et tortor condimentum vestibulum."
      text run at (5,651) width 345: "Suspendisse hendrerit quam nec felis. Sed varius turpis"
      text run at (5,668) width 331: "vitae pede. Lorem ipsum dolor sit amet, consectetuer"
      text run at (5,685) width 91: "adipiscing elit."
layer at (8,1922) size 760x423
  RenderBlock {DIV} at (0,1906) size 760x424 [border: (5px solid #800000)]
    RenderBlock (anonymous multi-column span) at (5,5) size 750x92
      RenderBlock {H2} at (0,19) size 750x53 [bgcolor=#EEEEEE]
        RenderText {#text} at (0,0) size 709x52
          text run at (0,0) width 709: "This is a spanning element at the beginning of the columns block with"
          text run at (0,26) width 145: "block siblings."
layer at (13,2019) size 750x321
  RenderBlock (anonymous multi-column) at (5,96) size 750x322
    RenderBlock {P} at (0,16) size 367x187
      RenderText {#text} at (0,0) size 362x187
        text run at (0,0) width 354: "Lorem ipsum dolor sit amet, consectetuer adipiscing elit."
        text run at (0,17) width 351: "Nulla varius enim ac mi. Curabitur sollicitudin felis quis"
        text run at (0,34) width 325: "lectus. Quisque adipiscing rhoncus sem. Proin nulla"
        text run at (0,51) width 358: "purus, vulputate vel, varius ut, euismod et, nisi. Sed vitae"
        text run at (0,68) width 343: "felis vel orci sagittis aliquam. Cras convallis adipiscing"
        text run at (0,85) width 340: "sem. Nam nonummy enim. Nullam bibendum lobortis"
        text run at (0,102) width 344: "neque. Vestibulum velit orci, tempus euismod, pretium"
        text run at (0,119) width 343: "quis, interdum vitae, nulla. Phasellus eget ante et tortor"
        text run at (0,136) width 343: "condimentum vestibulum. Suspendisse hendrerit quam"
        text run at (0,153) width 362: "nec felis. Sed varius turpis vitae pede. Lorem ipsum dolor"
        text run at (0,170) width 229: "sit amet, consectetuer adipiscing elit."
    RenderBlock {P} at (0,219) size 367x187
      RenderText {#text} at (0,0) size 362x187
        text run at (0,0) width 354: "Lorem ipsum dolor sit amet, consectetuer adipiscing elit."
        text run at (0,17) width 351: "Nulla varius enim ac mi. Curabitur sollicitudin felis quis"
        text run at (0,34) width 325: "lectus. Quisque adipiscing rhoncus sem. Proin nulla"
        text run at (0,51) width 358: "purus, vulputate vel, varius ut, euismod et, nisi. Sed vitae"
        text run at (0,68) width 343: "felis vel orci sagittis aliquam. Cras convallis adipiscing"
        text run at (0,85) width 340: "sem. Nam nonummy enim. Nullam bibendum lobortis"
        text run at (0,102) width 344: "neque. Vestibulum velit orci, tempus euismod, pretium"
        text run at (0,119) width 343: "quis, interdum vitae, nulla. Phasellus eget ante et tortor"
        text run at (0,136) width 343: "condimentum vestibulum. Suspendisse hendrerit quam"
        text run at (0,153) width 362: "nec felis. Sed varius turpis vitae pede. Lorem ipsum dolor"
        text run at (0,170) width 229: "sit amet, consectetuer adipiscing elit."
    RenderBlock {P} at (0,422) size 367x187
      RenderText {#text} at (0,0) size 362x187
        text run at (0,0) width 354: "Lorem ipsum dolor sit amet, consectetuer adipiscing elit."
        text run at (0,17) width 351: "Nulla varius enim ac mi. Curabitur sollicitudin felis quis"
        text run at (0,34) width 325: "lectus. Quisque adipiscing rhoncus sem. Proin nulla"
        text run at (0,51) width 358: "purus, vulputate vel, varius ut, euismod et, nisi. Sed vitae"
        text run at (0,68) width 343: "felis vel orci sagittis aliquam. Cras convallis adipiscing"
        text run at (0,85) width 340: "sem. Nam nonummy enim. Nullam bibendum lobortis"
        text run at (0,102) width 344: "neque. Vestibulum velit orci, tempus euismod, pretium"
        text run at (0,119) width 343: "quis, interdum vitae, nulla. Phasellus eget ante et tortor"
        text run at (0,136) width 343: "condimentum vestibulum. Suspendisse hendrerit quam"
        text run at (0,153) width 362: "nec felis. Sed varius turpis vitae pede. Lorem ipsum dolor"
        text run at (0,170) width 229: "sit amet, consectetuer adipiscing elit."
layer at (8,2361) size 760x423
  RenderBlock {DIV} at (0,2345) size 760x424 [border: (5px solid #800000)]
    RenderBlock (anonymous multi-column span) at (5,326) size 750x92
      RenderBlock {H2} at (0,19) size 750x53 [bgcolor=#EEEEEE]
        RenderText {#text} at (0,0) size 707x52
          text run at (0,0) width 707: "This is a spanning element at the end of the columns block with block"
          text run at (0,26) width 83: "siblings."
layer at (13,2366) size 750x321
  RenderBlock (anonymous multi-column) at (5,5) size 750x321
    RenderBlock {P} at (0,16) size 367x187
      RenderText {#text} at (0,0) size 362x187
        text run at (0,0) width 354: "Lorem ipsum dolor sit amet, consectetuer adipiscing elit."
        text run at (0,17) width 351: "Nulla varius enim ac mi. Curabitur sollicitudin felis quis"
        text run at (0,34) width 325: "lectus. Quisque adipiscing rhoncus sem. Proin nulla"
        text run at (0,51) width 358: "purus, vulputate vel, varius ut, euismod et, nisi. Sed vitae"
        text run at (0,68) width 343: "felis vel orci sagittis aliquam. Cras convallis adipiscing"
        text run at (0,85) width 340: "sem. Nam nonummy enim. Nullam bibendum lobortis"
        text run at (0,102) width 344: "neque. Vestibulum velit orci, tempus euismod, pretium"
        text run at (0,119) width 343: "quis, interdum vitae, nulla. Phasellus eget ante et tortor"
        text run at (0,136) width 343: "condimentum vestibulum. Suspendisse hendrerit quam"
        text run at (0,153) width 362: "nec felis. Sed varius turpis vitae pede. Lorem ipsum dolor"
        text run at (0,170) width 229: "sit amet, consectetuer adipiscing elit."
    RenderBlock {P} at (0,219) size 367x187
      RenderText {#text} at (0,0) size 362x187
        text run at (0,0) width 354: "Lorem ipsum dolor sit amet, consectetuer adipiscing elit."
        text run at (0,17) width 351: "Nulla varius enim ac mi. Curabitur sollicitudin felis quis"
        text run at (0,34) width 325: "lectus. Quisque adipiscing rhoncus sem. Proin nulla"
        text run at (0,51) width 358: "purus, vulputate vel, varius ut, euismod et, nisi. Sed vitae"
        text run at (0,68) width 343: "felis vel orci sagittis aliquam. Cras convallis adipiscing"
        text run at (0,85) width 340: "sem. Nam nonummy enim. Nullam bibendum lobortis"
        text run at (0,102) width 344: "neque. Vestibulum velit orci, tempus euismod, pretium"
        text run at (0,119) width 343: "quis, interdum vitae, nulla. Phasellus eget ante et tortor"
        text run at (0,136) width 343: "condimentum vestibulum. Suspendisse hendrerit quam"
        text run at (0,153) width 362: "nec felis. Sed varius turpis vitae pede. Lorem ipsum dolor"
        text run at (0,170) width 229: "sit amet, consectetuer adipiscing elit."
    RenderBlock {P} at (0,422) size 367x187
      RenderText {#text} at (0,0) size 362x187
        text run at (0,0) width 354: "Lorem ipsum dolor sit amet, consectetuer adipiscing elit."
        text run at (0,17) width 351: "Nulla varius enim ac mi. Curabitur sollicitudin felis quis"
        text run at (0,34) width 325: "lectus. Quisque adipiscing rhoncus sem. Proin nulla"
        text run at (0,51) width 358: "purus, vulputate vel, varius ut, euismod et, nisi. Sed vitae"
        text run at (0,68) width 343: "felis vel orci sagittis aliquam. Cras convallis adipiscing"
        text run at (0,85) width 340: "sem. Nam nonummy enim. Nullam bibendum lobortis"
        text run at (0,102) width 344: "neque. Vestibulum velit orci, tempus euismod, pretium"
        text run at (0,119) width 343: "quis, interdum vitae, nulla. Phasellus eget ante et tortor"
        text run at (0,136) width 343: "condimentum vestibulum. Suspendisse hendrerit quam"
        text run at (0,153) width 362: "nec felis. Sed varius turpis vitae pede. Lorem ipsum dolor"
        text run at (0,170) width 229: "sit amet, consectetuer adipiscing elit."
layer at (8,2800) size 760x431
  RenderBlock {DIV} at (0,2784) size 760x431 [border: (5px solid #800000)]
    RenderBlock (anonymous multi-column span) at (5,216) size 750x92
      RenderBlock {H2} at (0,19) size 750x53 [bgcolor=#EEEEEE]
        RenderText {#text} at (0,0) size 741x52
          text run at (0,0) width 741: "This is a spanning element in the middle of the columns block with block"
          text run at (0,26) width 83: "siblings."
layer at (13,2805) size 750x211
  RenderBlock (anonymous multi-column) at (5,5) size 750x211
    RenderBlock {P} at (0,16) size 367x187
      RenderText {#text} at (0,0) size 362x187
        text run at (0,0) width 354: "Lorem ipsum dolor sit amet, consectetuer adipiscing elit."
        text run at (0,17) width 351: "Nulla varius enim ac mi. Curabitur sollicitudin felis quis"
        text run at (0,34) width 325: "lectus. Quisque adipiscing rhoncus sem. Proin nulla"
        text run at (0,51) width 358: "purus, vulputate vel, varius ut, euismod et, nisi. Sed vitae"
        text run at (0,68) width 343: "felis vel orci sagittis aliquam. Cras convallis adipiscing"
        text run at (0,85) width 340: "sem. Nam nonummy enim. Nullam bibendum lobortis"
        text run at (0,102) width 344: "neque. Vestibulum velit orci, tempus euismod, pretium"
        text run at (0,119) width 343: "quis, interdum vitae, nulla. Phasellus eget ante et tortor"
        text run at (0,136) width 343: "condimentum vestibulum. Suspendisse hendrerit quam"
        text run at (0,153) width 362: "nec felis. Sed varius turpis vitae pede. Lorem ipsum dolor"
        text run at (0,170) width 229: "sit amet, consectetuer adipiscing elit."
    RenderBlock {P} at (0,211) size 367x187
      RenderText {#text} at (0,0) size 362x187
        text run at (0,0) width 354: "Lorem ipsum dolor sit amet, consectetuer adipiscing elit."
        text run at (0,17) width 351: "Nulla varius enim ac mi. Curabitur sollicitudin felis quis"
        text run at (0,34) width 325: "lectus. Quisque adipiscing rhoncus sem. Proin nulla"
        text run at (0,51) width 358: "purus, vulputate vel, varius ut, euismod et, nisi. Sed vitae"
        text run at (0,68) width 343: "felis vel orci sagittis aliquam. Cras convallis adipiscing"
        text run at (0,85) width 340: "sem. Nam nonummy enim. Nullam bibendum lobortis"
        text run at (0,102) width 344: "neque. Vestibulum velit orci, tempus euismod, pretium"
        text run at (0,119) width 343: "quis, interdum vitae, nulla. Phasellus eget ante et tortor"
        text run at (0,136) width 343: "condimentum vestibulum. Suspendisse hendrerit quam"
        text run at (0,153) width 362: "nec felis. Sed varius turpis vitae pede. Lorem ipsum dolor"
        text run at (0,170) width 229: "sit amet, consectetuer adipiscing elit."
layer at (13,3108) size 750x118
  RenderBlock (anonymous multi-column) at (5,307) size 750x119
    RenderBlock {P} at (0,16) size 367x187
      RenderText {#text} at (0,0) size 362x187
        text run at (0,0) width 354: "Lorem ipsum dolor sit amet, consectetuer adipiscing elit."
        text run at (0,17) width 351: "Nulla varius enim ac mi. Curabitur sollicitudin felis quis"
        text run at (0,34) width 325: "lectus. Quisque adipiscing rhoncus sem. Proin nulla"
        text run at (0,51) width 358: "purus, vulputate vel, varius ut, euismod et, nisi. Sed vitae"
        text run at (0,68) width 343: "felis vel orci sagittis aliquam. Cras convallis adipiscing"
        text run at (0,85) width 340: "sem. Nam nonummy enim. Nullam bibendum lobortis"
        text run at (0,102) width 344: "neque. Vestibulum velit orci, tempus euismod, pretium"
        text run at (0,119) width 343: "quis, interdum vitae, nulla. Phasellus eget ante et tortor"
        text run at (0,136) width 343: "condimentum vestibulum. Suspendisse hendrerit quam"
        text run at (0,153) width 362: "nec felis. Sed varius turpis vitae pede. Lorem ipsum dolor"
        text run at (0,170) width 229: "sit amet, consectetuer adipiscing elit."
