layer at (0,0) size 785x1279
  RenderView at (0,0) size 785x600
layer at (0,0) size 785x1279
  RenderBlock {HTML} at (0,0) size 785x1280
    RenderBody {BODY} at (8,16) size 769x1248
layer at (8,16) size 760x398
  RenderBlock {DIV} at (0,0) size 760x398 [border: (5px solid #800000)]
    RenderBlock (anonymous multi-column span) at (5,13) size 750x66 [color=#FFFFFF]
      RenderBlock {H2} at (0,19) size 750x27 [color=#000000] [bgcolor=#EEEEEE]
        RenderText {#text} at (0,0) size 664x26
          text run at (0,0) width 664: "This is a spanning element at the beginning of the columns block."
layer at (13,21) size 750x8
  RenderBlock (anonymous multi-column) at (5,5) size 750x8
    RenderBlock {SPAN} at (0,8) size 367x0 [color=#FFFFFF] [bgcolor=#000000]
layer at (13,95) size 750x314
  RenderBlock (anonymous multi-column) at (5,78) size 750x315
    RenderBlock {SPAN} at (0,16) size 367x187 [color=#FFFFFF] [bgcolor=#000000]
      RenderText {#text} at (0,0) size 362x187
        text run at (0,0) width 354: "Lorem ipsum dolor sit amet, consectetuer adipiscing elit."
        text run at (0,17) width 351: "Nulla varius enim ac mi. Curabitur sollicitudin felis quis"
        text run at (0,34) width 325: "lectus. Quisque adipiscing rhoncus sem. Proin nulla"
        text run at (0,51) width 358: "purus, vulputate vel, varius ut, euismod et, nisi. Sed vitae"
        text run at (0,68) width 343: "felis vel orci sagittis aliquam. Cras convallis adipiscing"
        text run at (0,85) width 340: "sem. Nam nonummy enim. Nullam bibendum lobortis"
        text run at (0,102) width 344: "neque. Vestibulum velit orci, tempus euismod, pretium"
        text run at (0,119) width 343: "quis, interdum vitae, nulla. Phasellus eget ante et tortor"
        text run at (0,136) width 343: "condimentum vestibulum. Suspendisse hendrerit quam"
        text run at (0,153) width 362: "nec felis. Sed varius turpis vitae pede. Lorem ipsum dolor"
        text run at (0,170) width 229: "sit amet, consectetuer adipiscing elit."
    RenderBlock (anonymous) at (0,219) size 367x401
      RenderText {#text} at (0,0) size 363x401
        text run at (0,0) width 354: "Lorem ipsum dolor sit amet, consectetuer adipiscing elit."
        text run at (0,17) width 351: "Nulla varius enim ac mi. Curabitur sollicitudin felis quis"
        text run at (0,34) width 325: "lectus. Quisque adipiscing rhoncus sem. Proin nulla"
        text run at (0,51) width 358: "purus, vulputate vel, varius ut, euismod et, nisi. Sed vitae"
        text run at (0,68) width 343: "felis vel orci sagittis aliquam. Cras convallis adipiscing"
        text run at (0,95) width 340: "sem. Nam nonummy enim. Nullam bibendum lobortis"
        text run at (0,112) width 344: "neque. Vestibulum velit orci, tempus euismod, pretium"
        text run at (0,129) width 343: "quis, interdum vitae, nulla. Phasellus eget ante et tortor"
        text run at (0,146) width 343: "condimentum vestibulum. Suspendisse hendrerit quam"
        text run at (0,163) width 362: "nec felis. Sed varius turpis vitae pede. Lorem ipsum dolor"
        text run at (0,180) width 233: "sit amet, consectetuer adipiscing elit. "
        text run at (233,180) width 121: "Lorem ipsum dolor"
        text run at (0,197) width 363: "sit amet, consectetuer adipiscing elit. Nulla varius enim ac"
        text run at (0,214) width 318: "mi. Curabitur sollicitudin felis quis lectus. Quisque"
        text run at (0,231) width 356: "adipiscing rhoncus sem. Proin nulla purus, vulputate vel,"
        text run at (0,248) width 354: "varius ut, euismod et, nisi. Sed vitae felis vel orci sagittis"
        text run at (0,265) width 351: "aliquam. Cras convallis adipiscing sem. Nam nonummy"
        text run at (0,282) width 358: "enim. Nullam bibendum lobortis neque. Vestibulum velit"
        text run at (0,299) width 361: "orci, tempus euismod, pretium quis, interdum vitae, nulla."
        text run at (0,316) width 339: "Phasellus eget ante et tortor condimentum vestibulum."
        text run at (0,333) width 345: "Suspendisse hendrerit quam nec felis. Sed varius turpis"
        text run at (0,350) width 331: "vitae pede. Lorem ipsum dolor sit amet, consectetuer"
        text run at (0,367) width 95: "adipiscing elit. "
        text run at (95,367) width 259: "Lorem ipsum dolor sit amet, consectetuer"
        text run at (0,384) width 249: "adipiscing elit. Nulla varius enim ac mi."
layer at (8,430) size 760x405
  RenderBlock {DIV} at (0,413) size 760x406 [border: (5px solid #800000)]
    RenderBlock (anonymous multi-column span) at (5,326) size 750x66 [color=#FFFFFF]
      RenderBlock {H2} at (0,19) size 750x27 [color=#000000] [bgcolor=#EEEEEE]
        RenderText {#text} at (0,0) size 600x26
          text run at (0,0) width 600: "This is a spanning element at the end of the columns block."
layer at (13,435) size 750x321
  RenderBlock (anonymous multi-column) at (5,5) size 750x321
    RenderBlock (anonymous) at (0,0) size 367x389
      RenderText {#text} at (0,0) size 363x389
        text run at (0,0) width 354: "Lorem ipsum dolor sit amet, consectetuer adipiscing elit."
        text run at (0,17) width 351: "Nulla varius enim ac mi. Curabitur sollicitudin felis quis"
        text run at (0,34) width 325: "lectus. Quisque adipiscing rhoncus sem. Proin nulla"
        text run at (0,51) width 358: "purus, vulputate vel, varius ut, euismod et, nisi. Sed vitae"
        text run at (0,68) width 343: "felis vel orci sagittis aliquam. Cras convallis adipiscing"
        text run at (0,85) width 340: "sem. Nam nonummy enim. Nullam bibendum lobortis"
        text run at (0,102) width 344: "neque. Vestibulum velit orci, tempus euismod, pretium"
        text run at (0,119) width 343: "quis, interdum vitae, nulla. Phasellus eget ante et tortor"
        text run at (0,136) width 343: "condimentum vestibulum. Suspendisse hendrerit quam"
        text run at (0,153) width 362: "nec felis. Sed varius turpis vitae pede. Lorem ipsum dolor"
        text run at (0,170) width 233: "sit amet, consectetuer adipiscing elit. "
        text run at (233,170) width 121: "Lorem ipsum dolor"
        text run at (0,187) width 363: "sit amet, consectetuer adipiscing elit. Nulla varius enim ac"
        text run at (0,204) width 318: "mi. Curabitur sollicitudin felis quis lectus. Quisque"
        text run at (0,221) width 356: "adipiscing rhoncus sem. Proin nulla purus, vulputate vel,"
        text run at (0,238) width 354: "varius ut, euismod et, nisi. Sed vitae felis vel orci sagittis"
        text run at (0,255) width 351: "aliquam. Cras convallis adipiscing sem. Nam nonummy"
        text run at (0,272) width 358: "enim. Nullam bibendum lobortis neque. Vestibulum velit"
        text run at (0,289) width 361: "orci, tempus euismod, pretium quis, interdum vitae, nulla."
        text run at (0,321) width 339: "Phasellus eget ante et tortor condimentum vestibulum."
        text run at (0,338) width 345: "Suspendisse hendrerit quam nec felis. Sed varius turpis"
        text run at (0,355) width 331: "vitae pede. Lorem ipsum dolor sit amet, consectetuer"
        text run at (0,372) width 91: "adipiscing elit."
    RenderBlock {SPAN} at (0,405) size 367x221 [color=#FFFFFF] [bgcolor=#000000]
      RenderText {#text} at (0,0) size 363x221
        text run at (0,0) width 354: "Lorem ipsum dolor sit amet, consectetuer adipiscing elit."
        text run at (0,17) width 351: "Nulla varius enim ac mi. Curabitur sollicitudin felis quis"
        text run at (0,34) width 325: "lectus. Quisque adipiscing rhoncus sem. Proin nulla"
        text run at (0,51) width 358: "purus, vulputate vel, varius ut, euismod et, nisi. Sed vitae"
        text run at (0,68) width 343: "felis vel orci sagittis aliquam. Cras convallis adipiscing"
        text run at (0,85) width 340: "sem. Nam nonummy enim. Nullam bibendum lobortis"
        text run at (0,102) width 344: "neque. Vestibulum velit orci, tempus euismod, pretium"
        text run at (0,119) width 343: "quis, interdum vitae, nulla. Phasellus eget ante et tortor"
        text run at (0,136) width 343: "condimentum vestibulum. Suspendisse hendrerit quam"
        text run at (0,153) width 362: "nec felis. Sed varius turpis vitae pede. Lorem ipsum dolor"
        text run at (0,170) width 233: "sit amet, consectetuer adipiscing elit. "
        text run at (233,170) width 121: "Lorem ipsum dolor"
        text run at (0,187) width 363: "sit amet, consectetuer adipiscing elit. Nulla varius enim ac"
        text run at (0,204) width 20: "mi."
layer at (13,822) size 750x8
  RenderBlock (anonymous multi-column) at (5,391) size 750x9
    RenderBlock {SPAN} at (0,8) size 367x0 [color=#FFFFFF] [bgcolor=#000000]
      RenderText {#text} at (0,0) size 0x0
layer at (8,851) size 760x412
  RenderBlock {DIV} at (0,834) size 760x414 [border: (5px solid #800000)]
    RenderBlock (anonymous multi-column span) at (5,139) size 750x66 [color=#FFFFFF]
      RenderBlock {H2} at (0,19) size 750x27 [color=#000000] [bgcolor=#EEEEEE]
        RenderText {#text} at (0,0) size 634x26
          text run at (0,0) width 634: "This is a spanning element in the middle of the columns block."
layer at (13,856) size 750x134
  RenderBlock (anonymous multi-column) at (5,5) size 750x134
    RenderBlock (anonymous) at (0,0) size 367x202
      RenderText {#text} at (0,0) size 362x202
        text run at (0,0) width 354: "Lorem ipsum dolor sit amet, consectetuer adipiscing elit."
        text run at (0,17) width 351: "Nulla varius enim ac mi. Curabitur sollicitudin felis quis"
        text run at (0,34) width 325: "lectus. Quisque adipiscing rhoncus sem. Proin nulla"
        text run at (0,51) width 358: "purus, vulputate vel, varius ut, euismod et, nisi. Sed vitae"
        text run at (0,68) width 343: "felis vel orci sagittis aliquam. Cras convallis adipiscing"
        text run at (0,85) width 340: "sem. Nam nonummy enim. Nullam bibendum lobortis"
        text run at (0,102) width 344: "neque. Vestibulum velit orci, tempus euismod, pretium"
        text run at (0,134) width 343: "quis, interdum vitae, nulla. Phasellus eget ante et tortor"
        text run at (0,151) width 343: "condimentum vestibulum. Suspendisse hendrerit quam"
        text run at (0,168) width 362: "nec felis. Sed varius turpis vitae pede. Lorem ipsum dolor"
        text run at (0,185) width 229: "sit amet, consectetuer adipiscing elit."
    RenderBlock {SPAN} at (0,218) size 367x34 [color=#FFFFFF] [bgcolor=#000000]
      RenderText {#text} at (0,0) size 354x34
        text run at (0,0) width 354: "Lorem ipsum dolor sit amet, consectetuer adipiscing elit."
        text run at (0,17) width 154: "Nulla varius enim ac mi."
layer at (13,1055) size 750x203
  RenderBlock (anonymous multi-column) at (5,204) size 750x204
    RenderBlock {SPAN} at (0,16) size 367x187 [color=#FFFFFF] [bgcolor=#000000]
      RenderText {#text} at (0,0) size 362x187
        text run at (0,0) width 354: "Lorem ipsum dolor sit amet, consectetuer adipiscing elit."
        text run at (0,17) width 351: "Nulla varius enim ac mi. Curabitur sollicitudin felis quis"
        text run at (0,34) width 325: "lectus. Quisque adipiscing rhoncus sem. Proin nulla"
        text run at (0,51) width 358: "purus, vulputate vel, varius ut, euismod et, nisi. Sed vitae"
        text run at (0,68) width 343: "felis vel orci sagittis aliquam. Cras convallis adipiscing"
        text run at (0,85) width 340: "sem. Nam nonummy enim. Nullam bibendum lobortis"
        text run at (0,102) width 344: "neque. Vestibulum velit orci, tempus euismod, pretium"
        text run at (0,119) width 343: "quis, interdum vitae, nulla. Phasellus eget ante et tortor"
        text run at (0,136) width 343: "condimentum vestibulum. Suspendisse hendrerit quam"
        text run at (0,153) width 362: "nec felis. Sed varius turpis vitae pede. Lorem ipsum dolor"
        text run at (0,170) width 229: "sit amet, consectetuer adipiscing elit."
    RenderBlock (anonymous) at (0,219) size 367x187
      RenderText {#text} at (0,0) size 362x187
        text run at (0,0) width 354: "Lorem ipsum dolor sit amet, consectetuer adipiscing elit."
        text run at (0,17) width 351: "Nulla varius enim ac mi. Curabitur sollicitudin felis quis"
        text run at (0,34) width 325: "lectus. Quisque adipiscing rhoncus sem. Proin nulla"
        text run at (0,51) width 358: "purus, vulputate vel, varius ut, euismod et, nisi. Sed vitae"
        text run at (0,68) width 343: "felis vel orci sagittis aliquam. Cras convallis adipiscing"
        text run at (0,85) width 340: "sem. Nam nonummy enim. Nullam bibendum lobortis"
        text run at (0,102) width 344: "neque. Vestibulum velit orci, tempus euismod, pretium"
        text run at (0,119) width 343: "quis, interdum vitae, nulla. Phasellus eget ante et tortor"
        text run at (0,136) width 343: "condimentum vestibulum. Suspendisse hendrerit quam"
        text run at (0,153) width 362: "nec felis. Sed varius turpis vitae pede. Lorem ipsum dolor"
        text run at (0,170) width 229: "sit amet, consectetuer adipiscing elit."
