layer at (0,0) size 800x600
  RenderView at (0,0) size 800x600
layer at (0,0) size 800x203
  RenderBlock {HTML} at (0,0) size 800x203
    RenderBody {BODY} at (8,8) size 784x187
      RenderBlock (anonymous) at (0,0) size 784x17
        RenderText {#text} at (0,0) size 51x17
          text run at (0,0) width 51: "Case A:"
      RenderBlock {DIV} at (0,17) size 784x34
        RenderBlock (run-in) {DIV} at (0,0) size 784x17
          RenderText {#text} at (0,0) size 112x17
            text run at (0,0) width 112: "This should NOT"
        RenderBlock (anonymous) at (0,17) size 784x17
          RenderInline {DIV} at (0,0) size 41x17
            RenderText {#text} at (0,0) size 41x17
              text run at (0,0) width 41: "run in."
          RenderText {#text} at (0,0) size 0x0
      RenderBlock (anonymous) at (0,51) size 784x17
        RenderText {#text} at (0,0) size 50x17
          text run at (0,0) width 50: "Case B:"
      RenderBlock {DIV} at (0,68) size 784x34
        RenderBlock (run-in) {DIV} at (0,0) size 784x17
          RenderText {#text} at (0,0) size 112x17
            text run at (0,0) width 112: "This should NOT"
        RenderBlock (anonymous) at (0,17) size 784x17
          RenderText {#text} at (0,0) size 41x17
            text run at (0,0) width 41: "run in."
      RenderBlock (anonymous) at (0,102) size 784x17
        RenderText {#text} at (0,0) size 50x17
          text run at (0,0) width 50: "Case C:"
      RenderBlock {DIV} at (0,119) size 784x17
        RenderBlock {DIV} at (0,0) size 784x17
          RenderInline (run-in) {DIV} at (0,0) size 78x17
            RenderText {#text} at (0,0) size 78x17
              text run at (0,0) width 78: "This should "
          RenderText {#text} at (78,0) size 41x17
            text run at (78,0) width 41: "run in."
      RenderBlock (anonymous) at (0,136) size 784x17
        RenderText {#text} at (0,0) size 51x17
          text run at (0,0) width 51: "Case D:"
      RenderBlock {DIV} at (0,153) size 784x34
        RenderBlock (run-in) {DIV} at (0,0) size 784x17
          RenderText {#text} at (0,0) size 112x17
            text run at (0,0) width 112: "This should NOT"
        RenderBlock (run-in) {DIV} at (0,17) size 784x17
          RenderText {#text} at (0,0) size 41x17
            text run at (0,0) width 41: "run in."
