layer at (0,0) size 785x660
  RenderView at (0,0) size 785x600
layer at (0,0) size 785x660
  RenderBlock {HTML} at (0,0) size 785x660
    RenderBody {BODY} at (8,16) size 769x636
      RenderBlock {P} at (0,0) size 769x17
        RenderText {#text} at (0,0) size 188x17
          text run at (0,0) width 188: "This circle is drawn via SVG."
      RenderBlock (anonymous) at (0,33) size 769x603
        RenderSVGRoot {svg} at (8,49) size 40x40
          RenderSVGEllipse {circle} at (8,49) size 40x40 [fill={[type=SOLID] [color=#008000]}] [cx=20.00] [cy=20.00] [r=20.00]
        RenderText {#text} at (0,0) size 0x0
