layer at (0,0) size 800x600
  RenderView at (0,0) size 800x600
layer at (0,0) size 800x600
  RenderBlock {HTML} at (0,0) size 800x600
    RenderBody {BODY} at (8,8) size 776x584
layer at (632,8) size 160x584
  RenderBlock {P} at (0,0) size 160x584 [border: (10px solid #800000)]
    RenderText {#text} at (30,30) size 17x161
      text run at (30,30) width 161: "This is some column text."
    RenderBR {BR} at (44,191) size 0x0
    RenderText {#text} at (47,30) size 17x161
      text run at (47,30) width 161: "This is some column text."
    RenderBR {BR} at (61,191) size 0x0
    RenderText {#text} at (64,30) size 17x161
      text run at (64,30) width 161: "This is some column text."
    RenderBR {BR} at (78,191) size 0x0
    RenderText {#text} at (81,30) size 17x161
      text run at (81,30) width 161: "This is some column text."
    RenderBR {BR} at (95,191) size 0x0
    RenderText {#text} at (98,30) size 17x161
      text run at (98,30) width 161: "This is some column text."
    RenderBR {BR} at (112,191) size 0x0
    RenderText {#text} at (130,30) size 17x161
      text run at (130,30) width 161: "This is some column text."
    RenderBR {BR} at (144,191) size 0x0
    RenderText {#text} at (147,30) size 17x161
      text run at (147,30) width 161: "This is some column text."
    RenderBR {BR} at (161,191) size 0x0
    RenderText {#text} at (164,30) size 17x161
      text run at (164,30) width 161: "This is some column text."
    RenderBR {BR} at (178,191) size 0x0
    RenderText {#text} at (181,30) size 17x161
      text run at (181,30) width 161: "This is some column text."
    RenderBR {BR} at (195,191) size 0x0
    RenderText {#text} at (198,30) size 17x161
      text run at (198,30) width 161: "This is some column text."
    RenderBR {BR} at (212,191) size 0x0
    RenderText {#text} at (230,30) size 17x161
      text run at (230,30) width 161: "This is some column text."
    RenderBR {BR} at (244,191) size 0x0
    RenderText {#text} at (247,30) size 17x161
      text run at (247,30) width 161: "This is some column text."
    RenderBR {BR} at (261,191) size 0x0
    RenderText {#text} at (264,30) size 17x161
      text run at (264,30) width 161: "This is some column text."
    RenderBR {BR} at (278,191) size 0x0
layer at (456,8) size 160x584
  RenderBlock {P} at (176,0) size 160x584 [border: (10px solid #800000)]
    RenderText {#text} at (30,33) size 17x161
      text run at (30,33) width 4 RTL: "."
      text run at (30,37) width 157: "This is some column text"
    RenderBR {BR} at (44,33) size 0x0
    RenderText {#text} at (47,33) size 17x161
      text run at (47,33) width 4 RTL: "."
      text run at (47,37) width 157: "This is some column text"
    RenderBR {BR} at (61,33) size 0x0
    RenderText {#text} at (64,33) size 17x161
      text run at (64,33) width 4 RTL: "."
      text run at (64,37) width 157: "This is some column text"
    RenderBR {BR} at (78,33) size 0x0
    RenderText {#text} at (81,33) size 17x161
      text run at (81,33) width 4 RTL: "."
      text run at (81,37) width 157: "This is some column text"
    RenderBR {BR} at (95,33) size 0x0
    RenderText {#text} at (98,33) size 17x161
      text run at (98,33) width 4 RTL: "."
      text run at (98,37) width 157: "This is some column text"
    RenderBR {BR} at (112,33) size 0x0
    RenderText {#text} at (130,33) size 17x161
      text run at (130,33) width 4 RTL: "."
      text run at (130,37) width 157: "This is some column text"
    RenderBR {BR} at (144,33) size 0x0
    RenderText {#text} at (147,33) size 17x161
      text run at (147,33) width 4 RTL: "."
      text run at (147,37) width 157: "This is some column text"
    RenderBR {BR} at (161,33) size 0x0
    RenderText {#text} at (164,33) size 17x161
      text run at (164,33) width 4 RTL: "."
      text run at (164,37) width 157: "This is some column text"
    RenderBR {BR} at (178,33) size 0x0
    RenderText {#text} at (181,33) size 17x161
      text run at (181,33) width 4 RTL: "."
      text run at (181,37) width 157: "This is some column text"
    RenderBR {BR} at (195,33) size 0x0
    RenderText {#text} at (198,33) size 17x161
      text run at (198,33) width 4 RTL: "."
      text run at (198,37) width 157: "This is some column text"
    RenderBR {BR} at (212,33) size 0x0
    RenderText {#text} at (230,33) size 17x161
      text run at (230,33) width 4 RTL: "."
      text run at (230,37) width 157: "This is some column text"
    RenderBR {BR} at (244,33) size 0x0
    RenderText {#text} at (247,33) size 17x161
      text run at (247,33) width 4 RTL: "."
      text run at (247,37) width 157: "This is some column text"
    RenderBR {BR} at (261,33) size 0x0
    RenderText {#text} at (264,33) size 17x161
      text run at (264,33) width 4 RTL: "."
      text run at (264,37) width 157: "This is some column text"
    RenderBR {BR} at (278,33) size 0x0
