layer at (0,0) size 800x600
  RenderView at (0,0) size 800x600
layer at (0,0) size 800x600
  RenderBlock {HTML} at (0,0) size 800x600
    RenderBody {BODY} at (8,8) size 782x584
      RenderBlock {DIV} at (0,0) size 66x584
        RenderBlock {DIV} at (0,0) size 28x584
          RenderText {#text} at (1,0) size 26x87
            text run at (1,0) width 87: "\x{305D}\x{306E}\x{5973}"
          RenderInline {SPAN} at (0,0) size 26x24 [color=#0000FF]
            RenderCombineText {#text} at (1,87) size 26x24
              text run at (1,87) width 24: "\x{FFFC}"
          RenderText {#text} at (1,111) size 26x50
            text run at (1,111) width 50: "\x{304C}\x{306D}"
          RenderInline {SPAN} at (0,0) size 26x36 [color=#0000FF]
            RenderCombineText {#text} at (1,161) size 26x36
              text run at (1,161) width 36: "123"
          RenderText {#text} at (1,197) size 26x125
            text run at (1,197) width 125: "\x{304B}\x{3057}\x{3064}\x{3051}\x{306B}"
          RenderInline {SPAN} at (0,0) size 26x60 [color=#0000FF]
            RenderCombineText {#text} at (1,322) size 26x60
              text run at (1,322) width 60: "12345"
          RenderText {#text} at (1,382) size 26x175
            text run at (1,382) width 175: "\x{6765}\x{3066}\x{304F}\x{308C}\x{308B}\x{307E}\x{3067}"
        RenderBlock {DIV} at (38,0) size 28x584
          RenderText {#text} at (1,0) size 26x87
            text run at (1,0) width 87: "\x{305D}\x{306E}\x{5973}"
          RenderInline {SPAN} at (0,0) size 26x24 [color=#0000FF]
            RenderCombineText {#text} at (1,87) size 26x24
              text run at (1,87) width 24: "\x{FFFC}"
          RenderText {#text} at (1,111) size 26x50
            text run at (1,111) width 50: "\x{304C}\x{306D}"
          RenderInline {SPAN} at (0,0) size 26x36 [color=#0000FF]
            RenderCombineText {#text} at (1,161) size 26x36
              text run at (1,161) width 36: "123"
          RenderText {#text} at (1,197) size 26x125
            text run at (1,197) width 125: "\x{304B}\x{3057}\x{3064}\x{3051}\x{306B}"
          RenderInline {SPAN} at (0,0) size 26x60 [color=#0000FF]
            RenderCombineText {#text} at (1,322) size 26x60
              text run at (1,322) width 60: "12345"
          RenderText {#text} at (1,382) size 26x175
            text run at (1,382) width 175: "\x{6765}\x{3066}\x{304F}\x{308C}\x{308B}\x{307E}\x{3067}"
      RenderBlock {DIV} at (76,0) size 66x584
        RenderBlock {DIV} at (0,0) size 28x584
          RenderText {#text} at (1,0) size 26x87
            text run at (1,0) width 87: "\x{305D}\x{306E}\x{5973}"
          RenderInline {SPAN} at (0,0) size 26x24 [color=#0000FF]
            RenderCombineText {#text} at (1,87) size 26x24
              text run at (1,87) width 24: "\x{FFFC}"
          RenderText {#text} at (1,111) size 26x50
            text run at (1,111) width 50: "\x{304C}\x{306D}"
          RenderInline {SPAN} at (0,0) size 26x36 [color=#0000FF]
            RenderCombineText {#text} at (1,161) size 26x36
              text run at (1,161) width 36: "123"
          RenderText {#text} at (1,197) size 26x125
            text run at (1,197) width 125: "\x{304B}\x{3057}\x{3064}\x{3051}\x{306B}"
          RenderInline {SPAN} at (0,0) size 26x60 [color=#0000FF]
            RenderCombineText {#text} at (1,322) size 26x60
              text run at (1,322) width 60: "12345"
          RenderText {#text} at (1,382) size 26x175
            text run at (1,382) width 175: "\x{6765}\x{3066}\x{304F}\x{308C}\x{308B}\x{307E}\x{3067}"
        RenderBlock {DIV} at (38,0) size 28x584
          RenderText {#text} at (1,0) size 26x87
            text run at (1,0) width 87: "\x{305D}\x{306E}\x{5973}"
          RenderInline {SPAN} at (0,0) size 26x24 [color=#0000FF]
            RenderCombineText {#text} at (1,87) size 26x24
              text run at (1,87) width 24: "\x{FFFC}"
          RenderText {#text} at (1,111) size 26x50
            text run at (1,111) width 50: "\x{304C}\x{306D}"
          RenderInline {SPAN} at (0,0) size 26x36 [color=#0000FF]
            RenderCombineText {#text} at (1,161) size 26x36
              text run at (1,161) width 36: "123"
          RenderText {#text} at (1,197) size 26x125
            text run at (1,197) width 125: "\x{304B}\x{3057}\x{3064}\x{3051}\x{306B}"
          RenderInline {SPAN} at (0,0) size 26x60 [color=#0000FF]
            RenderCombineText {#text} at (1,322) size 26x60
              text run at (1,322) width 60: "12345"
          RenderText {#text} at (1,382) size 26x175
            text run at (1,382) width 175: "\x{6765}\x{3066}\x{304F}\x{308C}\x{308B}\x{307E}\x{3067}"
      RenderBlock {DIV} at (152,0) size 66x584
        RenderBlock {DIV} at (0,0) size 28x584
          RenderText {#text} at (1,0) size 26x87
            text run at (1,0) width 87: "\x{305D}\x{306E}\x{5973}"
          RenderInline {SPAN} at (0,0) size 26x24 [color=#0000FF]
            RenderCombineText {#text} at (1,87) size 26x24
              text run at (1,87) width 24: "\x{FFFC}"
          RenderText {#text} at (1,111) size 26x50
            text run at (1,111) width 50: "\x{304C}\x{306D}"
          RenderInline {SPAN} at (0,0) size 26x36 [color=#0000FF]
            RenderCombineText {#text} at (1,161) size 26x36
              text run at (1,161) width 36: "123"
          RenderText {#text} at (1,197) size 26x125
            text run at (1,197) width 125: "\x{304B}\x{3057}\x{3064}\x{3051}\x{306B}"
          RenderInline {SPAN} at (0,0) size 26x60 [color=#0000FF]
            RenderCombineText {#text} at (1,322) size 26x60
              text run at (1,322) width 60: "12345"
          RenderText {#text} at (1,382) size 26x175
            text run at (1,382) width 175: "\x{6765}\x{3066}\x{304F}\x{308C}\x{308B}\x{307E}\x{3067}"
        RenderBlock {DIV} at (38,0) size 28x584
          RenderText {#text} at (1,0) size 26x87
            text run at (1,0) width 87: "\x{305D}\x{306E}\x{5973}"
          RenderInline {SPAN} at (0,0) size 26x24 [color=#0000FF]
            RenderCombineText {#text} at (1,87) size 26x24
              text run at (1,87) width 24: "\x{FFFC}"
          RenderText {#text} at (1,111) size 26x50
            text run at (1,111) width 50: "\x{304C}\x{306D}"
          RenderInline {SPAN} at (0,0) size 26x36 [color=#0000FF]
            RenderCombineText {#text} at (1,161) size 26x36
              text run at (1,161) width 36: "123"
          RenderText {#text} at (1,197) size 26x125
            text run at (1,197) width 125: "\x{304B}\x{3057}\x{3064}\x{3051}\x{306B}"
          RenderInline {SPAN} at (0,0) size 26x60 [color=#0000FF]
            RenderCombineText {#text} at (1,322) size 26x60
              text run at (1,322) width 60: "12345"
          RenderText {#text} at (1,382) size 26x175
            text run at (1,382) width 175: "\x{6765}\x{3066}\x{304F}\x{308C}\x{308B}\x{307E}\x{3067}"
      RenderBlock {DIV} at (228,0) size 120x584
        RenderBlock {DIV} at (0,0) size 55x584
          RenderText {#text} at (28,0) size 26x87
            text run at (28,0) width 87: "\x{305D}\x{306E}\x{5973}"
          RenderInline {SPAN} at (0,0) size 26x24 [color=#0000FF]
            RenderCombineText {#text} at (28,87) size 26x24
              text run at (28,87) width 24: "\x{FFFC}"
          RenderText {#text} at (28,111) size 26x50
            text run at (28,111) width 50: "\x{304C}\x{306D}"
          RenderInline {SPAN} at (0,0) size 26x36 [color=#0000FF]
            RenderCombineText {#text} at (28,161) size 26x36
              text run at (28,161) width 36: "123"
          RenderText {#text} at (28,197) size 26x125
            text run at (28,197) width 125: "\x{304B}\x{3057}\x{3064}\x{3051}\x{306B}"
          RenderInline {SPAN} at (0,0) size 26x60 [color=#0000FF]
            RenderCombineText {#text} at (28,322) size 26x60
              text run at (28,322) width 60: "12345"
          RenderText {#text} at (28,382) size 26x175
            text run at (28,382) width 175: "\x{6765}\x{3066}\x{304F}\x{308C}\x{308B}\x{307E}\x{3067}"
        RenderBlock {DIV} at (65,0) size 55x584
          RenderText {#text} at (28,0) size 26x87
            text run at (28,0) width 87: "\x{305D}\x{306E}\x{5973}"
          RenderInline {SPAN} at (0,0) size 26x24 [color=#0000FF]
            RenderCombineText {#text} at (28,87) size 26x24
              text run at (28,87) width 24: "\x{FFFC}"
          RenderText {#text} at (28,111) size 26x50
            text run at (28,111) width 50: "\x{304C}\x{306D}"
          RenderInline {SPAN} at (0,0) size 26x36 [color=#0000FF]
            RenderCombineText {#text} at (28,161) size 26x36
              text run at (28,161) width 36: "123"
          RenderText {#text} at (28,197) size 26x125
            text run at (28,197) width 125: "\x{304B}\x{3057}\x{3064}\x{3051}\x{306B}"
          RenderInline {SPAN} at (0,0) size 26x60 [color=#0000FF]
            RenderCombineText {#text} at (28,322) size 26x60
              text run at (28,322) width 60: "12345"
          RenderText {#text} at (28,382) size 26x175
            text run at (28,382) width 175: "\x{6765}\x{3066}\x{304F}\x{308C}\x{308B}\x{307E}\x{3067}"
