layer at (0,0) size 800x600
  RenderView at (0,0) size 800x600
layer at (0,0) size 800x376
  RenderBlock {html} at (0,0) size 800x376
    RenderBody {body} at (8,16) size 784x344
      RenderBlock {p} at (0,0) size 784x18
        RenderText {#text} at (0,0) size 60x17
          text run at (0,0) width 60: "operator: "
        RenderMathMLMath {math} at (60,4) size 16x14 [padding: 0 1 0 1]
          RenderMathMLOperator {mo} at (2,0) size 12x14
            RenderMathMLBlock (flex) {mo} at (0,0) size 11x14
              RenderBlock (anonymous) at (0,0) size 11x14
                RenderText {mo} at (0,-3) size 11x19
                  text run at (0,-3) width 11: "\x{2211}"
        RenderText {#text} at (75,0) size 73x17
          text run at (75,0) width 73: " , operator: "
        RenderMathMLMath {math} at (147,6) size 13x9 [padding: 0 1 0 1]
          RenderMathMLOperator {mo} at (2,0) size 9x9
            RenderMathMLBlock (flex) {mo} at (0,0) size 8x9
              RenderBlock (anonymous) at (0,0) size 8x9
                RenderText {mo} at (0,-5) size 8x19
                  text run at (0,-5) width 8: "B"
        RenderText {#text} at (159,0) size 115x17
          text run at (159,0) width 115: " , minus operator: "
        RenderMathMLMath {math} at (273,10) size 14x5 [padding: 0 1 0 1]
          RenderMathMLOperator {mo} at (2,0) size 9x5
            RenderMathMLBlock (flex) {mo} at (0,0) size 8x5
              RenderBlock (anonymous) at (0,0) size 8x5
                RenderText {mo} at (0,-9) size 8x19
                  text run at (0,-9) width 8: "\x{2212}"
        RenderText {#text} at (0,0) size 0x0
      RenderBlock {p} at (0,34) size 784x19
        RenderText {#text} at (0,0) size 60x17
          text run at (0,0) width 60: "operator: "
        RenderMathMLMath {math} at (60,1) size 21x18 [padding: 0 1 0 1]
          RenderMathMLOperator {mo} at (2,0) size 16x18
            RenderMathMLBlock (flex) {mo} at (0,0) size 15x18
              RenderBlock (anonymous) at (0,0) size 15x18
                RenderText {mo} at (0,-4) size 15x25
                  text run at (0,-4) width 15: "\x{2211}"
        RenderText {#text} at (80,0) size 73x17
          text run at (80,0) width 73: " , operator: "
        RenderMathMLMath {math} at (152,3) size 17x12 [padding: 0 1 0 1]
          RenderMathMLOperator {mo} at (2,0) size 12x12
            RenderMathMLBlock (flex) {mo} at (0,0) size 11x12
              RenderBlock (anonymous) at (0,0) size 11x12
                RenderText {mo} at (0,-6) size 11x25
                  text run at (0,-6) width 11: "B"
        RenderText {#text} at (168,0) size 115x17
          text run at (168,0) width 115: " , minus operator: "
        RenderMathMLMath {math} at (282,9) size 17x6 [padding: 0 1 0 1]
          RenderMathMLOperator {mo} at (2,0) size 12x6
            RenderMathMLBlock (flex) {mo} at (0,0) size 11x6
              RenderBlock (anonymous) at (0,0) size 11x6
                RenderText {mo} at (0,-12) size 11x25
                  text run at (0,-12) width 11: "\x{2212}"
        RenderText {#text} at (0,0) size 0x0
      RenderBlock {p} at (0,69) size 784x26
        RenderText {#text} at (0,5) size 60x17
          text run at (0,5) width 60: "operator: "
        RenderMathMLMath {math} at (60,0) size 29x26 [padding: 0 1 0 1]
          RenderMathMLOperator {mo} at (3,0) size 23x26
            RenderMathMLBlock (flex) {mo} at (0,0) size 22x26
              RenderBlock (anonymous) at (0,0) size 22x26
                RenderText {mo} at (0,-7) size 22x37
                  text run at (0,-7) width 22: "\x{2211}"
        RenderText {#text} at (88,5) size 73x17
          text run at (88,5) width 73: " , operator: "
        RenderMathMLMath {math} at (160,3) size 24x17 [padding: 0 1 0 1]
          RenderMathMLOperator {mo} at (3,0) size 17x17
            RenderMathMLBlock (flex) {mo} at (0,0) size 16x17
              RenderBlock (anonymous) at (0,0) size 16x17
                RenderText {mo} at (0,-10) size 16x37
                  text run at (0,-10) width 16: "B"
        RenderText {#text} at (183,5) size 115x17
          text run at (183,5) width 115: " , minus operator: "
        RenderMathMLMath {math} at (297,12) size 24x8 [padding: 0 1 0 1]
          RenderMathMLOperator {mo} at (3,0) size 17x8
            RenderMathMLBlock (flex) {mo} at (0,0) size 16x8
              RenderBlock (anonymous) at (0,0) size 16x8
                RenderText {mo} at (0,-19) size 16x37
                  text run at (0,-19) width 16: "\x{2212}"
        RenderText {#text} at (0,0) size 0x0
      RenderBlock {p} at (0,111) size 784x26
        RenderText {#text} at (0,5) size 60x17
          text run at (0,5) width 60: "operator: "
        RenderMathMLMath {math} at (60,0) size 64x26 [padding: 0 1 0 1]
          RenderMathMLOperator {mo} at (2,9) size 12x14
            RenderMathMLBlock (flex) {mo} at (0,0) size 11x14
              RenderBlock (anonymous) at (0,0) size 11x14
                RenderText {mo} at (0,-3) size 11x19
                  text run at (0,-3) width 11: "\x{2211}"
          RenderMathMLOperator {mo} at (17,6) size 16x18
            RenderMathMLBlock (flex) {mo} at (0,0) size 15x18
              RenderBlock (anonymous) at (0,0) size 15x18
                RenderText {mo} at (0,-4) size 15x25
                  text run at (0,-4) width 15: "\x{2211}"
          RenderMathMLOperator {mo} at (38,0) size 23x26
            RenderMathMLBlock (flex) {mo} at (0,0) size 22x26
              RenderBlock (anonymous) at (0,0) size 22x26
                RenderText {mo} at (0,-7) size 22x37
                  text run at (0,-7) width 22: "\x{2211}"
        RenderText {#text} at (123,5) size 73x17
          text run at (123,5) width 73: " , operator: "
        RenderMathMLMath {math} at (195,3) size 52x17 [padding: 0 1 0 1]
          RenderMathMLOperator {mo} at (2,8) size 9x9
            RenderMathMLBlock (flex) {mo} at (0,0) size 8x9
              RenderBlock (anonymous) at (0,0) size 8x9
                RenderText {mo} at (0,-5) size 8x19
                  text run at (0,-5) width 8: "B"
          RenderMathMLOperator {mo} at (14,5) size 12x12
            RenderMathMLBlock (flex) {mo} at (0,0) size 11x12
              RenderBlock (anonymous) at (0,0) size 11x12
                RenderText {mo} at (0,-6) size 11x25
                  text run at (0,-6) width 11: "B"
          RenderMathMLOperator {mo} at (31,0) size 17x17
            RenderMathMLBlock (flex) {mo} at (0,0) size 16x17
              RenderBlock (anonymous) at (0,0) size 16x17
                RenderText {mo} at (0,-10) size 16x37
                  text run at (0,-10) width 16: "B"
        RenderText {#text} at (246,5) size 115x17
          text run at (246,5) width 115: " , minus operator: "
        RenderMathMLMath {math} at (360,12) size 51x8 [padding: 0 1 0 1]
          RenderMathMLOperator {mo} at (2,3) size 9x5
            RenderMathMLBlock (flex) {mo} at (0,0) size 8x5
              RenderBlock (anonymous) at (0,0) size 8x5
                RenderText {mo} at (0,-9) size 8x19
                  text run at (0,-9) width 8: "\x{2212}"
          RenderMathMLOperator {mo} at (14,2) size 12x6
            RenderMathMLBlock (flex) {mo} at (0,0) size 11x6
              RenderBlock (anonymous) at (0,0) size 11x6
                RenderText {mo} at (0,-12) size 11x25
                  text run at (0,-12) width 11: "\x{2212}"
          RenderMathMLOperator {mo} at (31,0) size 17x8
            RenderMathMLBlock (flex) {mo} at (0,0) size 16x8
              RenderBlock (anonymous) at (0,0) size 16x8
                RenderText {mo} at (0,-19) size 16x37
                  text run at (0,-19) width 16: "\x{2212}"
        RenderText {#text} at (0,0) size 0x0
      RenderBlock {p} at (0,153) size 784x61
        RenderText {#text} at (0,21) size 60x17
          text run at (0,21) width 60: "operator: "
        RenderMathMLMath {math} at (60,0) size 145x61 [padding: 0 1 0 1]
          RenderMathMLOperator {mo} at (2,0) size 11x61
          RenderMathMLOperator {mo} at (17,0) size 12x61
          RenderMathMLOperator {mo} at (34,0) size 11x61
          RenderMathMLOperator {mo} at (51,0) size 8x61
          RenderBlock {mtext} at (61,0) size 57x51
            RenderBlock {div} at (2,-1) size 52x53 [border: (1px solid #000000)]
            RenderText {#text} at (0,0) size 0x0
          RenderMathMLOperator {mo} at (120,0) size 8x61
          RenderMathMLOperator {mo} at (132,0) size 11x61
        RenderText {#text} at (0,0) size 0x0
      RenderBlock {p} at (0,230) size 784x114
        RenderMathMLMath {math} at (0,0) size 114x114 [padding: 0 1 0 1]
          RenderMathMLOperator {mo} at (5,0) size 32x114
          RenderMathMLFraction {mfrac} at (42,2) size 30x96
            RenderMathMLBlock (anonymous, flex) at (0,0) size 29x53
              RenderBlock {mi} at (5,0) size 19x43
                RenderText {#text} at (0,-18) size 13x73
                  text run at (0,-18) width 13: "f"
            RenderMathMLBlock (anonymous, flex) at (0,52) size 29x44 [padding: 1 0 0 0]
              RenderBlock {mi} at (0,10) size 29x33
                RenderText {#text} at (0,-29) size 24x73
                  text run at (0,-29) width 24: "g"
          RenderMathMLOperator {mo} at (77,0) size 32x114
        RenderText {#text} at (0,0) size 0x0
layer at (71,169) size 10x17 scrollHeight 20
  RenderMathMLBlock (flex) {mo} at (0,0) size 10x17
    RenderBlock (anonymous) at (0,0) size 10x17
      RenderText {mo} at (0,-5) size 10x25
        text run at (0,-5) width 10: "\x{23AA}"
layer at (71,186) size 10x16 scrollHeight 20
  RenderMathMLBlock (flex) {mo} at (0,17) size 10x16
    RenderBlock (anonymous) at (0,0) size 10x16
layer at (71,202) size 10x11 scrollHeight 20
  RenderMathMLBlock (flex) {mo} at (0,33) size 10x11
    RenderBlock (anonymous) at (0,0) size 10x11
layer at (71,213) size 10x17 scrollHeight 20
  RenderMathMLBlock (flex) {mo} at (0,44) size 10x17
    RenderBlock (anonymous) at (0,0) size 10x17
layer at (85,169) size 11x20 scrollHeight 26
  RenderMathMLBlock (flex) {mo} at (0,0) size 11x20
    RenderBlock (anonymous) at (0,0) size 11x20
      RenderText {mo} at (0,1) size 11x25
        text run at (0,1) width 11: "\x{2320}"
layer at (85,189) size 11x10 scrollHeight 18
  RenderMathMLBlock (flex) {mo} at (0,20) size 11x10
    RenderBlock (anonymous) at (0,0) size 11x10
layer at (85,199) size 11x10 scrollHeight 18
  RenderMathMLBlock (flex) {mo} at (0,30) size 11x10
    RenderBlock (anonymous) at (0,0) size 11x10
layer at (85,209) size 11x2 scrollHeight 18
  RenderMathMLBlock (flex) {mo} at (0,40) size 11x2
    RenderBlock (anonymous) at (0,0) size 11x2
layer at (85,211) size 11x19 scrollHeight 26
  RenderMathMLBlock (flex) {mo} at (0,42) size 11x19
    RenderBlock (anonymous) at (0,0) size 11x19
layer at (103,169) size 10x17 scrollHeight 20
  RenderMathMLBlock (flex) {mo} at (0,0) size 10x17
    RenderBlock (anonymous) at (0,0) size 10x17
      RenderText {mo} at (0,-5) size 10x25
        text run at (0,-5) width 10: "\x{23A7}"
layer at (103,186) size 10x5 scrollHeight 20
  RenderMathMLBlock (flex) {mo} at (0,17) size 10x5
    RenderBlock (anonymous) at (0,0) size 10x5
layer at (103,191) size 10x16 scrollHeight 20
  RenderMathMLBlock (flex) {mo} at (0,22) size 10x16
    RenderBlock (anonymous) at (0,0) size 10x16
layer at (103,207) size 10x6 scrollHeight 20
  RenderMathMLBlock (flex) {mo} at (0,38) size 10x6
    RenderBlock (anonymous) at (0,0) size 10x6
layer at (103,213) size 10x17 scrollHeight 20
  RenderMathMLBlock (flex) {mo} at (0,44) size 10x17
    RenderBlock (anonymous) at (0,0) size 10x17
layer at (119,169) size 7x17 scrollHeight 19
  RenderMathMLBlock (flex) {mo} at (0,0) size 7x17
    RenderBlock (anonymous) at (0,0) size 7x17
      RenderText {mo} at (0,-6) size 7x25
        text run at (0,-6) width 7: "\x{23A1}"
layer at (119,186) size 7x16 scrollHeight 19
  RenderMathMLBlock (flex) {mo} at (0,17) size 7x16
    RenderBlock (anonymous) at (0,0) size 7x16
layer at (119,202) size 7x11 scrollHeight 19
  RenderMathMLBlock (flex) {mo} at (0,33) size 7x11
    RenderBlock (anonymous) at (0,0) size 7x11
layer at (119,213) size 7x17 scrollHeight 19
  RenderMathMLBlock (flex) {mo} at (0,44) size 7x17
    RenderBlock (anonymous) at (0,0) size 7x17
layer at (189,169) size 7x17 scrollHeight 19
  RenderMathMLBlock (flex) {mo} at (0,0) size 7x17
    RenderBlock (anonymous) at (0,0) size 7x17
      RenderText {mo} at (0,-6) size 7x25
        text run at (0,-6) width 7: "\x{23A4}"
layer at (189,186) size 7x16 scrollHeight 19
  RenderMathMLBlock (flex) {mo} at (0,17) size 7x16
    RenderBlock (anonymous) at (0,0) size 7x16
layer at (189,202) size 7x11 scrollHeight 19
  RenderMathMLBlock (flex) {mo} at (0,33) size 7x11
    RenderBlock (anonymous) at (0,0) size 7x11
layer at (189,213) size 7x17 scrollHeight 19
  RenderMathMLBlock (flex) {mo} at (0,44) size 7x17
    RenderBlock (anonymous) at (0,0) size 7x17
layer at (200,169) size 10x17 scrollHeight 20
  RenderMathMLBlock (flex) {mo} at (0,0) size 10x17
    RenderBlock (anonymous) at (0,0) size 10x17
      RenderText {mo} at (0,-5) size 10x25
        text run at (0,-5) width 10: "\x{23AB}"
layer at (200,186) size 10x5 scrollHeight 20
  RenderMathMLBlock (flex) {mo} at (0,17) size 10x5
    RenderBlock (anonymous) at (0,0) size 10x5
layer at (200,191) size 10x16 scrollHeight 20
  RenderMathMLBlock (flex) {mo} at (0,22) size 10x16
    RenderBlock (anonymous) at (0,0) size 10x16
layer at (200,207) size 10x6 scrollHeight 20
  RenderMathMLBlock (flex) {mo} at (0,38) size 10x6
    RenderBlock (anonymous) at (0,0) size 10x6
layer at (200,213) size 10x17 scrollHeight 20
  RenderMathMLBlock (flex) {mo} at (0,44) size 10x17
    RenderBlock (anonymous) at (0,0) size 10x17
layer at (14,246) size 31x49 scrollHeight 56
  RenderMathMLBlock (flex) {mo} at (0,0) size 31x49
    RenderBlock (anonymous) at (0,0) size 31x49
      RenderText {mo} at (0,-17) size 31x73
        text run at (0,-17) width 31: "\x{23AA}"
layer at (14,295) size 31x16 scrollHeight 56
  RenderMathMLBlock (flex) {mo} at (0,49) size 31x16
    RenderBlock (anonymous) at (0,0) size 31x16
layer at (14,311) size 31x49 scrollHeight 56
  RenderMathMLBlock (flex) {mo} at (0,65) size 31x49
    RenderBlock (anonymous) at (0,0) size 31x49
layer at (85,246) size 31x49 scrollHeight 56
  RenderMathMLBlock (flex) {mo} at (0,0) size 31x49
    RenderBlock (anonymous) at (0,0) size 31x49
      RenderText {mo} at (0,-17) size 31x73
        text run at (0,-17) width 31: "\x{23AA}"
layer at (85,295) size 31x16 scrollHeight 56
  RenderMathMLBlock (flex) {mo} at (0,49) size 31x16
    RenderBlock (anonymous) at (0,0) size 31x16
layer at (85,311) size 31x49 scrollHeight 56
  RenderMathMLBlock (flex) {mo} at (0,65) size 31x49
    RenderBlock (anonymous) at (0,0) size 31x49
layer at (71,185) size 10x17 backgroundClip at (71,186) size 10x16 clip at (71,186) size 10x16 outlineClip at (71,186) size 10x16
  RenderBlock (relative positioned) {mo} at (0,0) size 10x17
    RenderText {mo} at (0,-5) size 10x25
      text run at (0,-5) width 10: "\x{23AA}"
layer at (71,201) size 10x17 backgroundClip at (71,202) size 10x11 clip at (71,202) size 10x11 outlineClip at (71,202) size 10x11
  RenderBlock (relative positioned) {mo} at (0,0) size 10x17
    RenderText {mo} at (0,-5) size 10x25
      text run at (0,-5) width 10: "\x{23AA}"
layer at (71,212) size 10x17 backgroundClip at (71,213) size 10x17 clip at (71,213) size 10x17 outlineClip at (71,213) size 10x17
  RenderBlock (relative positioned) {mo} at (0,0) size 10x17
    RenderText {mo} at (0,-5) size 10x25
      text run at (0,-5) width 10: "\x{23AA}"
layer at (85,188) size 11x11 backgroundClip at (85,189) size 11x10 clip at (85,189) size 11x10 outlineClip at (85,189) size 11x10
  RenderBlock (relative positioned) {mo} at (0,0) size 11x11
    RenderText {mo} at (0,-7) size 11x25
      text run at (0,-7) width 11: "\x{23AE}"
layer at (85,198) size 11x11 backgroundClip at (85,199) size 11x10 clip at (85,199) size 11x10 outlineClip at (85,199) size 11x10
  RenderBlock (relative positioned) {mo} at (0,0) size 11x11
    RenderText {mo} at (0,-7) size 11x25
      text run at (0,-7) width 11: "\x{23AE}"
layer at (85,208) size 11x11 backgroundClip at (85,209) size 11x2 clip at (85,209) size 11x2 outlineClip at (85,209) size 11x2
  RenderBlock (relative positioned) {mo} at (0,0) size 11x11
    RenderText {mo} at (0,-7) size 11x25
      text run at (0,-7) width 11: "\x{23AE}"
layer at (85,210) size 11x19 backgroundClip at (85,211) size 11x19 clip at (85,211) size 11x19 outlineClip at (85,211) size 11x19
  RenderBlock (relative positioned) {mo} at (0,0) size 11x19
    RenderText {mo} at (0,1) size 11x25
      text run at (0,1) width 11: "\x{2321}"
layer at (103,185) size 10x17 backgroundClip at (103,186) size 10x5 clip at (103,186) size 10x5 outlineClip at (103,186) size 10x5
  RenderBlock (relative positioned) {mo} at (0,0) size 10x17
    RenderText {mo} at (0,-5) size 10x25
      text run at (0,-5) width 10: "\x{23AA}"
layer at (103,190) size 10x17 backgroundClip at (103,191) size 10x16 clip at (103,191) size 10x16 outlineClip at (103,191) size 10x16
  RenderBlock (relative positioned) {mo} at (0,0) size 10x17
    RenderText {mo} at (0,-5) size 10x25
      text run at (0,-5) width 10: "\x{23A8}"
layer at (103,206) size 10x17 backgroundClip at (103,207) size 10x6 clip at (103,207) size 10x6 outlineClip at (103,207) size 10x6
  RenderBlock (relative positioned) {mo} at (0,0) size 10x17
    RenderText {mo} at (0,-5) size 10x25
      text run at (0,-5) width 10: "\x{23AA}"
layer at (103,212) size 10x17 backgroundClip at (103,213) size 10x17 clip at (103,213) size 10x17 outlineClip at (103,213) size 10x17
  RenderBlock (relative positioned) {mo} at (0,0) size 10x17
    RenderText {mo} at (0,-5) size 10x25
      text run at (0,-5) width 10: "\x{23A9}"
layer at (119,185) size 7x17 backgroundClip at (119,186) size 7x16 clip at (119,186) size 7x16 outlineClip at (119,186) size 7x16
  RenderBlock (relative positioned) {mo} at (0,0) size 7x17
    RenderText {mo} at (0,-6) size 7x25
      text run at (0,-6) width 7: "\x{23A2}"
layer at (119,201) size 7x17 backgroundClip at (119,202) size 7x11 clip at (119,202) size 7x11 outlineClip at (119,202) size 7x11
  RenderBlock (relative positioned) {mo} at (0,0) size 7x17
    RenderText {mo} at (0,-6) size 7x25
      text run at (0,-6) width 7: "\x{23A2}"
layer at (119,212) size 7x17 backgroundClip at (119,213) size 7x17 clip at (119,213) size 7x17 outlineClip at (119,213) size 7x17
  RenderBlock (relative positioned) {mo} at (0,0) size 7x17
    RenderText {mo} at (0,-6) size 7x25
      text run at (0,-6) width 7: "\x{23A3}"
layer at (189,185) size 7x17 backgroundClip at (189,186) size 7x16 clip at (189,186) size 7x16 outlineClip at (189,186) size 7x16
  RenderBlock (relative positioned) {mo} at (0,0) size 7x17
    RenderText {mo} at (0,-6) size 7x25
      text run at (0,-6) width 7: "\x{23A5}"
layer at (189,201) size 7x17 backgroundClip at (189,202) size 7x11 clip at (189,202) size 7x11 outlineClip at (189,202) size 7x11
  RenderBlock (relative positioned) {mo} at (0,0) size 7x17
    RenderText {mo} at (0,-6) size 7x25
      text run at (0,-6) width 7: "\x{23A5}"
layer at (189,212) size 7x17 backgroundClip at (189,213) size 7x17 clip at (189,213) size 7x17 outlineClip at (189,213) size 7x17
  RenderBlock (relative positioned) {mo} at (0,0) size 7x17
    RenderText {mo} at (0,-6) size 7x25
      text run at (0,-6) width 7: "\x{23A6}"
layer at (200,185) size 10x17 backgroundClip at (200,186) size 10x5 clip at (200,186) size 10x5 outlineClip at (200,186) size 10x5
  RenderBlock (relative positioned) {mo} at (0,0) size 10x17
    RenderText {mo} at (0,-5) size 10x25
      text run at (0,-5) width 10: "\x{23AA}"
layer at (200,190) size 10x17 backgroundClip at (200,191) size 10x16 clip at (200,191) size 10x16 outlineClip at (200,191) size 10x16
  RenderBlock (relative positioned) {mo} at (0,0) size 10x17
    RenderText {mo} at (0,-5) size 10x25
      text run at (0,-5) width 10: "\x{23AC}"
layer at (200,206) size 10x17 backgroundClip at (200,207) size 10x6 clip at (200,207) size 10x6 outlineClip at (200,207) size 10x6
  RenderBlock (relative positioned) {mo} at (0,0) size 10x17
    RenderText {mo} at (0,-5) size 10x25
      text run at (0,-5) width 10: "\x{23AA}"
layer at (200,212) size 10x17 backgroundClip at (200,213) size 10x17 clip at (200,213) size 10x17 outlineClip at (200,213) size 10x17
  RenderBlock (relative positioned) {mo} at (0,0) size 10x17
    RenderText {mo} at (0,-5) size 10x25
      text run at (0,-5) width 10: "\x{23AD}"
layer at (14,294) size 31x49 backgroundClip at (14,295) size 31x16 clip at (14,295) size 31x16 outlineClip at (14,295) size 31x16
  RenderBlock (relative positioned) {mo} at (0,0) size 31x49
    RenderText {mo} at (0,-17) size 31x73
      text run at (0,-17) width 31: "\x{23AA}"
layer at (14,310) size 31x49 backgroundClip at (14,311) size 31x49 clip at (14,311) size 31x49 outlineClip at (14,311) size 31x49
  RenderBlock (relative positioned) {mo} at (0,0) size 31x49
    RenderText {mo} at (0,-17) size 31x73
      text run at (0,-17) width 31: "\x{23AA}"
layer at (85,294) size 31x49 backgroundClip at (85,295) size 31x16 clip at (85,295) size 31x16 outlineClip at (85,295) size 31x16
  RenderBlock (relative positioned) {mo} at (0,0) size 31x49
    RenderText {mo} at (0,-17) size 31x73
      text run at (0,-17) width 31: "\x{23AA}"
layer at (85,310) size 31x49 backgroundClip at (85,311) size 31x49 clip at (85,311) size 31x49 outlineClip at (85,311) size 31x49
  RenderBlock (relative positioned) {mo} at (0,0) size 31x49
    RenderText {mo} at (0,-17) size 31x73
      text run at (0,-17) width 31: "\x{23AA}"
