layer at (0,0) size 800x600
  RenderView at (0,0) size 800x600
layer at (0,0) size 800x489
  RenderBlock {html} at (0,0) size 800x489
    RenderBody {body} at (8,16) size 784x457
      RenderBlock {p} at (0,0) size 784x17
        RenderMathMLMath {math} at (0,3) size 36x12 [padding: 0 1 0 1]
          RenderBlock {mi} at (1,3) size 9x9
            RenderText {#text} at (0,-9) size 7x25
              text run at (0,-9) width 7: "x"
          RenderMathMLOperator {mo} at (12,2) size 12x10 [bgcolor=#C8C8C8]
            RenderMathMLBlock (flex) {mo} at (0,0) size 11x10
              RenderBlock (anonymous) at (0,0) size 11x10
                RenderText {mo} at (0,-8) size 11x25
                  text run at (0,-8) width 11: "+"
          RenderBlock {mn} at (26,0) size 9x12
            RenderText {#text} at (0,-6) size 8x25
              text run at (0,-6) width 8: "1"
        RenderText {#text} at (0,0) size 0x0
      RenderBlock {p} at (0,33) size 784x21
        RenderText {#text} at (0,1) size 40x17
          text run at (0,1) width 40: "16px: "
        RenderMathMLMath {math} at (40,2) size 51x18 [padding: 0 1 0 1]
          RenderMathMLRow {mrow} at (1,0) size 49x18
            RenderMathMLOperator {mo} at (1,0) size 10x17 [bgcolor=#C8C8C8]
              RenderMathMLBlock (flex) {mo} at (0,0) size 9x17
                RenderBlock (anonymous) at (0,0) size 9x17
                  RenderText {mo} at (0,-6) size 9x28
                    text run at (0,-6) width 9: "{"
            RenderBlock {mi} at (12,5) size 9x9
              RenderText {#text} at (0,-9) size 7x25
                text run at (0,-9) width 7: "x"
            RenderBlock {mtext} at (20,3) size 17x15
              RenderBlock {div} at (0,-1) size 16x17 [bgcolor=#00FF00]
            RenderMathMLOperator {mo} at (38,0) size 10x17 [bgcolor=#C8C8C8]
              RenderMathMLBlock (flex) {mo} at (0,0) size 9x17
                RenderBlock (anonymous) at (0,0) size 9x17
                  RenderText {mo} at (0,-6) size 9x28
                    text run at (0,-6) width 9: "}"
        RenderText {#text} at (90,1) size 5x17
          text run at (90,1) width 5: " "
        RenderMathMLMath {math} at (94,3) size 46x17 [padding: 0 1 0 1]
          RenderMathMLRow {mrow} at (1,0) size 43x17
            RenderMathMLOperator {mo} at (1,0) size 7x15 [bgcolor=#C8C8C8]
              RenderMathMLBlock (flex) {mo} at (0,0) size 6x15
                RenderBlock (anonymous) at (0,0) size 6x15
                  RenderText {mo} at (0,-7) size 6x28
                    text run at (0,-7) width 6: "["
            RenderBlock {mi} at (9,4) size 9x9
              RenderText {#text} at (0,-9) size 7x25
                text run at (0,-9) width 7: "x"
            RenderBlock {mtext} at (17,2) size 17x15
              RenderBlock {div} at (0,-1) size 16x17 [bgcolor=#00FF00]
            RenderMathMLOperator {mo} at (35,0) size 7x15 [bgcolor=#C8C8C8]
              RenderMathMLBlock (flex) {mo} at (0,0) size 6x15
                RenderBlock (anonymous) at (0,0) size 6x15
                  RenderText {mo} at (0,-7) size 6x28
                    text run at (0,-7) width 6: "]"
        RenderText {#text} at (139,1) size 5x17
          text run at (139,1) width 5: " "
        RenderMathMLMath {math} at (143,2) size 46x18 [padding: 0 1 0 1]
          RenderMathMLRow {mrow} at (1,0) size 43x18
            RenderMathMLOperator {mo} at (1,0) size 7x17 [bgcolor=#C8C8C8]
              RenderMathMLBlock (flex) {mo} at (0,0) size 6x17
                RenderBlock (anonymous) at (0,0) size 6x17
                  RenderText {mo} at (0,-6) size 6x28
                    text run at (0,-6) width 6: "("
            RenderBlock {mi} at (9,5) size 9x9
              RenderText {#text} at (0,-9) size 7x25
                text run at (0,-9) width 7: "x"
            RenderBlock {mtext} at (17,3) size 17x15
              RenderBlock {div} at (0,-1) size 16x17 [bgcolor=#00FF00]
            RenderMathMLOperator {mo} at (35,0) size 7x17 [bgcolor=#C8C8C8]
              RenderMathMLBlock (flex) {mo} at (0,0) size 6x17
                RenderBlock (anonymous) at (0,0) size 6x17
                  RenderText {mo} at (0,-6) size 6x28
                    text run at (0,-6) width 6: ")"
        RenderText {#text} at (188,1) size 5x17
          text run at (188,1) width 5: " "
        RenderMathMLMath {math} at (192,2) size 42x18 [padding: 0 1 0 1]
          RenderMathMLRow {mrow} at (1,0) size 39x18
            RenderMathMLOperator {mo} at (1,0) size 5x14 [bgcolor=#C8C8C8]
              RenderMathMLBlock (flex) {mo} at (0,0) size 4x14
                RenderBlock (anonymous) at (0,0) size 4x14
                  RenderText {mo} at (0,-6) size 4x28
                    text run at (0,-6) width 4: "|"
            RenderBlock {mi} at (7,5) size 9x9
              RenderText {#text} at (0,-9) size 7x25
                text run at (0,-9) width 7: "x"
            RenderBlock {mtext} at (15,3) size 17x15
              RenderBlock {div} at (0,-1) size 16x17 [bgcolor=#00FF00]
            RenderMathMLOperator {mo} at (33,0) size 5x14 [bgcolor=#C8C8C8]
              RenderMathMLBlock (flex) {mo} at (0,0) size 4x14
                RenderBlock (anonymous) at (0,0) size 4x14
                  RenderText {mo} at (0,-6) size 4x28
                    text run at (0,-6) width 4: "|"
        RenderText {#text} at (233,1) size 5x17
          text run at (233,1) width 5: " "
        RenderMathMLMath {math} at (237,0) size 39x21 [padding: 0 1 0 1]
          RenderMathMLRow {mrow} at (1,0) size 36x21
            RenderMathMLOperator {mo} at (1,0) size 9x21 [bgcolor=#C8C8C8]
              RenderMathMLBlock (flex) {mo} at (0,0) size 8x21
                RenderBlock (anonymous) at (0,0) size 8x21
                  RenderText {mo} at (0,-4) size 8x28
                    text run at (0,-4) width 8: "\x{222B}"
            RenderBlock {mi} at (11,7) size 9x9
              RenderText {#text} at (0,-9) size 7x25
                text run at (0,-9) width 7: "x"
            RenderBlock {mtext} at (19,5) size 17x15
              RenderBlock {div} at (0,-1) size 16x17 [bgcolor=#00FF00]
        RenderText {#text} at (0,0) size 0x0
      RenderBlock {p} at (0,70) size 784x32
        RenderText {#text} at (0,9) size 40x17
          text run at (0,9) width 40: "24px: "
        RenderMathMLMath {math} at (40,4) size 67x26 [padding: 0 1 0 1]
          RenderMathMLRow {mrow} at (1,0) size 65x26
            RenderMathMLOperator {mo} at (1,0) size 14x24 [bgcolor=#C8C8C8]
              RenderMathMLBlock (flex) {mo} at (0,0) size 13x24
                RenderBlock (anonymous) at (0,0) size 13x24
                  RenderText {mo} at (0,-10) size 13x42
                    text run at (0,-10) width 13: "{"
            RenderBlock {mi} at (16,11) size 9x9
              RenderText {#text} at (0,-9) size 7x25
                text run at (0,-9) width 7: "x"
            RenderBlock {mtext} at (24,3) size 25x23
              RenderBlock {div} at (0,-1) size 24x25 [bgcolor=#00FF00]
            RenderMathMLOperator {mo} at (50,0) size 14x24 [bgcolor=#C8C8C8]
              RenderMathMLBlock (flex) {mo} at (0,0) size 13x24
                RenderBlock (anonymous) at (0,0) size 13x24
                  RenderText {mo} at (0,-10) size 13x42
                    text run at (0,-10) width 13: "}"
        RenderText {#text} at (106,9) size 5x17
          text run at (106,9) width 5: " "
        RenderMathMLMath {math} at (110,5) size 60x25 [padding: 0 1 0 1]
          RenderMathMLRow {mrow} at (1,0) size 57x25
            RenderMathMLOperator {mo} at (1,0) size 10x23 [bgcolor=#C8C8C8]
              RenderMathMLBlock (flex) {mo} at (0,0) size 9x23
                RenderBlock (anonymous) at (0,0) size 9x23
                  RenderText {mo} at (0,-11) size 9x42
                    text run at (0,-11) width 9: "["
            RenderBlock {mi} at (12,10) size 9x9
              RenderText {#text} at (0,-9) size 7x25
                text run at (0,-9) width 7: "x"
            RenderBlock {mtext} at (20,2) size 25x23
              RenderBlock {div} at (0,-1) size 24x25 [bgcolor=#00FF00]
            RenderMathMLOperator {mo} at (46,0) size 10x23 [bgcolor=#C8C8C8]
              RenderMathMLBlock (flex) {mo} at (0,0) size 9x23
                RenderBlock (anonymous) at (0,0) size 9x23
                  RenderText {mo} at (0,-11) size 9x42
                    text run at (0,-11) width 9: "]"
        RenderText {#text} at (169,9) size 5x17
          text run at (169,9) width 5: " "
        RenderMathMLMath {math} at (173,4) size 60x26 [padding: 0 1 0 1]
          RenderMathMLRow {mrow} at (1,0) size 57x26
            RenderMathMLOperator {mo} at (1,0) size 10x24 [bgcolor=#C8C8C8]
              RenderMathMLBlock (flex) {mo} at (0,0) size 9x24
                RenderBlock (anonymous) at (0,0) size 9x24
                  RenderText {mo} at (0,-10) size 9x42
                    text run at (0,-10) width 9: "("
            RenderBlock {mi} at (12,11) size 9x9
              RenderText {#text} at (0,-9) size 7x25
                text run at (0,-9) width 7: "x"
            RenderBlock {mtext} at (20,3) size 25x23
              RenderBlock {div} at (0,-1) size 24x25 [bgcolor=#00FF00]
            RenderMathMLOperator {mo} at (46,0) size 10x24 [bgcolor=#C8C8C8]
              RenderMathMLBlock (flex) {mo} at (0,0) size 9x24
                RenderBlock (anonymous) at (0,0) size 9x24
                  RenderText {mo} at (0,-10) size 9x42
                    text run at (0,-10) width 9: ")"
        RenderText {#text} at (232,9) size 5x17
          text run at (232,9) width 5: " "
        RenderMathMLMath {math} at (236,4) size 52x26 [padding: 0 1 0 1]
          RenderMathMLRow {mrow} at (1,0) size 49x26
            RenderMathMLOperator {mo} at (1,0) size 6x20 [bgcolor=#C8C8C8]
              RenderMathMLBlock (flex) {mo} at (0,0) size 5x20
                RenderBlock (anonymous) at (0,0) size 5x20
                  RenderText {mo} at (0,-10) size 5x42
                    text run at (0,-10) width 5: "|"
            RenderBlock {mi} at (8,11) size 9x9
              RenderText {#text} at (0,-9) size 7x25
                text run at (0,-9) width 7: "x"
            RenderBlock {mtext} at (16,3) size 25x23
              RenderBlock {div} at (0,-1) size 24x25 [bgcolor=#00FF00]
            RenderMathMLOperator {mo} at (42,0) size 6x20 [bgcolor=#C8C8C8]
              RenderMathMLBlock (flex) {mo} at (0,0) size 5x20
                RenderBlock (anonymous) at (0,0) size 5x20
                  RenderText {mo} at (0,-10) size 5x42
                    text run at (0,-10) width 5: "|"
        RenderText {#text} at (287,9) size 5x17
          text run at (287,9) width 5: " "
        RenderMathMLMath {math} at (291,0) size 51x32 [padding: 0 1 0 1]
          RenderMathMLRow {mrow} at (1,0) size 48x32
            RenderMathMLOperator {mo} at (1,0) size 13x32 [bgcolor=#C8C8C8]
              RenderMathMLBlock (flex) {mo} at (0,0) size 12x32
                RenderBlock (anonymous) at (0,0) size 12x32
                  RenderText {mo} at (0,-6) size 12x42
                    text run at (0,-6) width 12: "\x{222B}"
            RenderBlock {mi} at (15,15) size 9x9
              RenderText {#text} at (0,-9) size 7x25
                text run at (0,-9) width 7: "x"
            RenderBlock {mtext} at (23,7) size 25x23
              RenderBlock {div} at (0,-1) size 24x25 [bgcolor=#00FF00]
        RenderText {#text} at (0,0) size 0x0
      RenderBlock {p} at (0,118) size 784x47
        RenderText {#text} at (0,17) size 40x17
          text run at (0,17) width 40: "32px: "
        RenderMathMLMath {math} at (40,5) size 85x36 [padding: 0 1 0 1]
          RenderMathMLRow {mrow} at (1,0) size 83x36
            RenderMathMLOperator {mo} at (1,0) size 19x33 [bgcolor=#C8C8C8]
              RenderMathMLBlock (flex) {mo} at (0,0) size 18x33
                RenderBlock (anonymous) at (0,0) size 18x33
                  RenderText {mo} at (0,-14) size 18x57
                    text run at (0,-14) width 18: "{"
            RenderBlock {mi} at (21,18) size 9x9
              RenderText {#text} at (0,-9) size 7x25
                text run at (0,-9) width 7: "x"
            RenderBlock {mtext} at (29,5) size 33x31
              RenderBlock {div} at (0,-1) size 32x33 [bgcolor=#00FF00]
            RenderMathMLOperator {mo} at (63,0) size 19x33 [bgcolor=#C8C8C8]
              RenderMathMLBlock (flex) {mo} at (0,0) size 18x33
                RenderBlock (anonymous) at (0,0) size 18x33
                  RenderText {mo} at (0,-14) size 18x57
                    text run at (0,-14) width 18: "}"
        RenderText {#text} at (124,17) size 5x17
          text run at (124,17) width 5: " "
        RenderMathMLMath {math} at (128,10) size 64x37 [padding: 0 1 0 1]
          RenderMathMLRow {mrow} at (1,0) size 61x37
            RenderMathMLOperator {mo} at (1,0) size 8x37 [bgcolor=#C8C8C8]
            RenderBlock {mi} at (10,13) size 9x9
              RenderText {#text} at (0,-9) size 7x25
                text run at (0,-9) width 7: "x"
            RenderBlock {mtext} at (18,0) size 33x31
              RenderBlock {div} at (0,-1) size 32x33 [bgcolor=#00FF00]
            RenderMathMLOperator {mo} at (52,0) size 8x37 [bgcolor=#C8C8C8]
        RenderText {#text} at (191,17) size 5x17
          text run at (191,17) width 5: " "
        RenderMathMLMath {math} at (195,10) size 64x37 [padding: 0 1 0 1]
          RenderMathMLRow {mrow} at (1,0) size 61x37
            RenderMathMLOperator {mo} at (1,0) size 8x37 [bgcolor=#C8C8C8]
            RenderBlock {mi} at (10,13) size 9x9
              RenderText {#text} at (0,-9) size 7x25
                text run at (0,-9) width 7: "x"
            RenderBlock {mtext} at (18,0) size 33x31
              RenderBlock {div} at (0,-1) size 32x33 [bgcolor=#00FF00]
            RenderMathMLOperator {mo} at (52,0) size 8x37 [bgcolor=#C8C8C8]
        RenderText {#text} at (258,17) size 5x17
          text run at (258,17) width 5: " "
        RenderMathMLMath {math} at (262,10) size 70x37 [padding: 0 1 0 1]
          RenderMathMLRow {mrow} at (1,0) size 67x37
            RenderMathMLOperator {mo} at (1,0) size 11x37 [bgcolor=#C8C8C8]
            RenderBlock {mi} at (13,13) size 9x9
              RenderText {#text} at (0,-9) size 7x25
                text run at (0,-9) width 7: "x"
            RenderBlock {mtext} at (21,0) size 33x31
              RenderBlock {div} at (0,-1) size 32x33 [bgcolor=#00FF00]
            RenderMathMLOperator {mo} at (55,0) size 11x37 [bgcolor=#C8C8C8]
        RenderText {#text} at (331,17) size 5x17
          text run at (331,17) width 5: " "
        RenderMathMLMath {math} at (335,0) size 64x43 [padding: 0 1 0 1]
          RenderMathMLRow {mrow} at (1,0) size 61x43
            RenderMathMLOperator {mo} at (1,0) size 18x43 [bgcolor=#C8C8C8]
              RenderMathMLBlock (flex) {mo} at (0,0) size 17x43
                RenderBlock (anonymous) at (0,0) size 17x43
                  RenderText {mo} at (0,-9) size 17x57
                    text run at (0,-9) width 17: "\x{222B}"
            RenderBlock {mi} at (20,23) size 9x9
              RenderText {#text} at (0,-9) size 7x25
                text run at (0,-9) width 7: "x"
            RenderBlock {mtext} at (28,10) size 33x31
              RenderBlock {div} at (0,-1) size 32x33 [bgcolor=#00FF00]
        RenderText {#text} at (0,0) size 0x0
      RenderBlock {p} at (0,181) size 784x56
        RenderText {#text} at (0,18) size 40x17
          text run at (0,18) width 40: "48px: "
        RenderMathMLMath {math} at (40,0) size 85x56 [padding: 0 1 0 1]
          RenderMathMLRow {mrow} at (1,0) size 83x56
            RenderMathMLOperator {mo} at (1,0) size 11x56 [bgcolor=#C8C8C8]
            RenderBlock {mi} at (13,24) size 9x9
              RenderText {#text} at (0,-9) size 7x25
                text run at (0,-9) width 7: "x"
            RenderBlock {mtext} at (21,0) size 49x47
              RenderBlock {div} at (0,-1) size 48x49 [bgcolor=#00FF00]
            RenderMathMLOperator {mo} at (71,0) size 11x56 [bgcolor=#C8C8C8]
        RenderText {#text} at (124,18) size 5x17
          text run at (124,18) width 5: " "
        RenderMathMLMath {math} at (128,0) size 80x56 [padding: 0 1 0 1]
          RenderMathMLRow {mrow} at (1,0) size 77x56
            RenderMathMLOperator {mo} at (1,0) size 8x56 [bgcolor=#C8C8C8]
            RenderBlock {mi} at (10,24) size 9x9
              RenderText {#text} at (0,-9) size 7x25
                text run at (0,-9) width 7: "x"
            RenderBlock {mtext} at (18,0) size 49x47
              RenderBlock {div} at (0,-1) size 48x49 [bgcolor=#00FF00]
            RenderMathMLOperator {mo} at (68,0) size 8x56 [bgcolor=#C8C8C8]
        RenderText {#text} at (207,18) size 5x17
          text run at (207,18) width 5: " "
        RenderMathMLMath {math} at (211,0) size 80x56 [padding: 0 1 0 1]
          RenderMathMLRow {mrow} at (1,0) size 77x56
            RenderMathMLOperator {mo} at (1,0) size 8x56 [bgcolor=#C8C8C8]
            RenderBlock {mi} at (10,24) size 9x9
              RenderText {#text} at (0,-9) size 7x25
                text run at (0,-9) width 7: "x"
            RenderBlock {mtext} at (18,0) size 49x47
              RenderBlock {div} at (0,-1) size 48x49 [bgcolor=#00FF00]
            RenderMathMLOperator {mo} at (68,0) size 8x56 [bgcolor=#C8C8C8]
        RenderText {#text} at (290,18) size 5x17
          text run at (290,18) width 5: " "
        RenderMathMLMath {math} at (294,0) size 86x56 [padding: 0 1 0 1]
          RenderMathMLRow {mrow} at (1,0) size 83x56
            RenderMathMLOperator {mo} at (1,0) size 11x56 [bgcolor=#C8C8C8]
            RenderBlock {mi} at (13,24) size 9x9
              RenderText {#text} at (0,-9) size 7x25
                text run at (0,-9) width 7: "x"
            RenderBlock {mtext} at (21,0) size 49x47
              RenderBlock {div} at (0,-1) size 48x49 [bgcolor=#00FF00]
            RenderMathMLOperator {mo} at (71,0) size 11x56 [bgcolor=#C8C8C8]
        RenderText {#text} at (379,18) size 5x17
          text run at (379,18) width 5: " "
        RenderMathMLMath {math} at (383,0) size 74x56 [padding: 0 1 0 1]
          RenderMathMLRow {mrow} at (1,0) size 71x56
            RenderMathMLOperator {mo} at (1,0) size 12x56 [bgcolor=#C8C8C8]
            RenderBlock {mi} at (14,24) size 9x9
              RenderText {#text} at (0,-9) size 7x25
                text run at (0,-9) width 7: "x"
            RenderBlock {mtext} at (22,0) size 49x47
              RenderBlock {div} at (0,-1) size 48x49 [bgcolor=#00FF00]
        RenderText {#text} at (0,0) size 0x0
      RenderBlock {p} at (0,253) size 784x142
        RenderText {#text} at (0,68) size 48x17
          text run at (0,68) width 48: "120px: "
        RenderMathMLMath {math} at (48,0) size 85x142 [padding: 0 1 0 1]
          RenderMathMLRow {mrow} at (1,0) size 83x142
            RenderMathMLOperator {mo} at (1,0) size 11x142 [bgcolor=#C8C8C8]
            RenderBlock {mi} at (13,74) size 9x9
              RenderText {#text} at (0,-9) size 7x25
                text run at (0,-9) width 7: "x"
            RenderBlock {mtext} at (21,2) size 49x119
              RenderBlock {div} at (0,-1) size 48x121 [bgcolor=#00FF00]
            RenderMathMLOperator {mo} at (71,0) size 11x142 [bgcolor=#C8C8C8]
        RenderText {#text} at (132,68) size 5x17
          text run at (132,68) width 5: " "
        RenderMathMLMath {math} at (136,0) size 80x142 [padding: 0 1 0 1]
          RenderMathMLRow {mrow} at (1,0) size 77x142
            RenderMathMLOperator {mo} at (1,0) size 8x142 [bgcolor=#C8C8C8]
            RenderBlock {mi} at (10,74) size 9x9
              RenderText {#text} at (0,-9) size 7x25
                text run at (0,-9) width 7: "x"
            RenderBlock {mtext} at (18,2) size 49x119
              RenderBlock {div} at (0,-1) size 48x121 [bgcolor=#00FF00]
            RenderMathMLOperator {mo} at (68,0) size 8x142 [bgcolor=#C8C8C8]
        RenderText {#text} at (215,68) size 5x17
          text run at (215,68) width 5: " "
        RenderMathMLMath {math} at (219,0) size 80x142 [padding: 0 1 0 1]
          RenderMathMLRow {mrow} at (1,0) size 77x142
            RenderMathMLOperator {mo} at (1,0) size 8x142 [bgcolor=#C8C8C8]
            RenderBlock {mi} at (10,74) size 9x9
              RenderText {#text} at (0,-9) size 7x25
                text run at (0,-9) width 7: "x"
            RenderBlock {mtext} at (18,2) size 49x119
              RenderBlock {div} at (0,-1) size 48x121 [bgcolor=#00FF00]
            RenderMathMLOperator {mo} at (68,0) size 8x142 [bgcolor=#C8C8C8]
        RenderText {#text} at (298,68) size 5x17
          text run at (298,68) width 5: " "
        RenderMathMLMath {math} at (302,0) size 86x142 [padding: 0 1 0 1]
          RenderMathMLRow {mrow} at (1,0) size 83x142
            RenderMathMLOperator {mo} at (1,0) size 11x142 [bgcolor=#C8C8C8]
            RenderBlock {mi} at (13,74) size 9x9
              RenderText {#text} at (0,-9) size 7x25
                text run at (0,-9) width 7: "x"
            RenderBlock {mtext} at (21,2) size 49x119
              RenderBlock {div} at (0,-1) size 48x121 [bgcolor=#00FF00]
            RenderMathMLOperator {mo} at (71,0) size 11x142 [bgcolor=#C8C8C8]
        RenderText {#text} at (387,68) size 5x17
          text run at (387,68) width 5: " "
        RenderMathMLMath {math} at (391,0) size 74x142 [padding: 0 1 0 1]
          RenderMathMLRow {mrow} at (1,0) size 71x142
            RenderMathMLOperator {mo} at (1,0) size 12x142 [bgcolor=#C8C8C8]
            RenderBlock {mi} at (14,74) size 9x9
              RenderText {#text} at (0,-9) size 7x25
                text run at (0,-9) width 7: "x"
            RenderBlock {mtext} at (22,2) size 49x119
              RenderBlock {div} at (0,-1) size 48x121 [bgcolor=#00FF00]
        RenderText {#text} at (0,0) size 0x0
      RenderBlock {p} at (0,411) size 784x46
        RenderText {#text} at (0,12) size 40x17
          text run at (0,12) width 40: "40px: "
        RenderMathMLMath {math} at (40,0) size 183x46 [padding: 0 1 0 1]
          RenderMathMLRow {mrow} at (1,0) size 181x46
            RenderMathMLOperator {mo} at (1,0) size 8x46 [bgcolor=#C8C8C8]
            RenderBlock {mi} at (10,18) size 9x9
              RenderText {#text} at (0,-9) size 7x25
                text run at (0,-9) width 7: "x"
            RenderMathMLOperator {mo} at (21,24) size 5x5 [bgcolor=#C8C8C8]
              RenderMathMLBlock (flex) {mo} at (0,0) size 4x5
                RenderBlock (anonymous) at (0,0) size 4x5
                  RenderText {mo} at (0,-15) size 4x25
                    text run at (0,-15) width 4: ","
            RenderBlock {mtext} at (29,0) size 41x39
              RenderBlock {div} at (0,-1) size 40x41 [bgcolor=#00FF00]
            RenderMathMLOperator {mo} at (72,24) size 5x5 [bgcolor=#C8C8C8]
              RenderMathMLBlock (flex) {mo} at (0,0) size 4x5
                RenderBlock (anonymous) at (0,0) size 4x5
                  RenderText {mo} at (0,-15) size 4x25
                    text run at (0,-15) width 4: ","
            RenderBlock {mtext} at (79,0) size 41x39
              RenderBlock {div} at (0,-1) size 40x41 [bgcolor=#00FF00]
            RenderMathMLOperator {mo} at (122,24) size 5x5 [bgcolor=#C8C8C8]
              RenderMathMLBlock (flex) {mo} at (0,0) size 4x5
                RenderBlock (anonymous) at (0,0) size 4x5
                  RenderText {mo} at (0,-15) size 4x25
                    text run at (0,-15) width 4: ","
            RenderBlock {mtext} at (129,0) size 41x39
              RenderBlock {div} at (0,-1) size 40x41 [bgcolor=#00FF00]
            RenderMathMLOperator {mo} at (171,0) size 8x46 [bgcolor=#C8C8C8]
        RenderText {#text} at (0,0) size 0x0
layer at (140,144) size 7x17 scrollHeight 19
  RenderMathMLBlock (flex) {mo} at (0,0) size 7x17
    RenderBlock (anonymous) at (0,0) size 7x17
      RenderText {mo} at (0,-6) size 7x25
        text run at (0,-6) width 7: "\x{23A1}"
layer at (140,161) size 7x3 scrollHeight 19
  RenderMathMLBlock (flex) {mo} at (0,17) size 7x3
    RenderBlock (anonymous) at (0,0) size 7x3
layer at (140,164) size 7x17 scrollHeight 19
  RenderMathMLBlock (flex) {mo} at (0,20) size 7x17
    RenderBlock (anonymous) at (0,0) size 7x17
layer at (190,144) size 7x17 scrollHeight 19
  RenderMathMLBlock (flex) {mo} at (0,0) size 7x17
    RenderBlock (anonymous) at (0,0) size 7x17
      RenderText {mo} at (0,-6) size 7x25
        text run at (0,-6) width 7: "\x{23A4}"
layer at (190,161) size 7x3 scrollHeight 19
  RenderMathMLBlock (flex) {mo} at (0,17) size 7x3
    RenderBlock (anonymous) at (0,0) size 7x3
layer at (190,164) size 7x17 scrollHeight 19
  RenderMathMLBlock (flex) {mo} at (0,20) size 7x17
    RenderBlock (anonymous) at (0,0) size 7x17
layer at (207,144) size 7x17 scrollHeight 20
  RenderMathMLBlock (flex) {mo} at (0,0) size 7x17
    RenderBlock (anonymous) at (0,0) size 7x17
      RenderText {mo} at (0,-5) size 7x25
        text run at (0,-5) width 7: "\x{239B}"
layer at (207,161) size 7x3 scrollHeight 20
  RenderMathMLBlock (flex) {mo} at (0,17) size 7x3
    RenderBlock (anonymous) at (0,0) size 7x3
layer at (207,164) size 7x17 scrollHeight 20
  RenderMathMLBlock (flex) {mo} at (0,20) size 7x17
    RenderBlock (anonymous) at (0,0) size 7x17
layer at (257,144) size 7x17 scrollHeight 20
  RenderMathMLBlock (flex) {mo} at (0,0) size 7x17
    RenderBlock (anonymous) at (0,0) size 7x17
      RenderText {mo} at (0,-5) size 7x25
        text run at (0,-5) width 7: "\x{239E}"
layer at (257,161) size 7x3 scrollHeight 20
  RenderMathMLBlock (flex) {mo} at (0,17) size 7x3
    RenderBlock (anonymous) at (0,0) size 7x3
layer at (257,164) size 7x17 scrollHeight 20
  RenderMathMLBlock (flex) {mo} at (0,20) size 7x17
    RenderBlock (anonymous) at (0,0) size 7x17
layer at (274,144) size 10x17 scrollHeight 20
  RenderMathMLBlock (flex) {mo} at (0,0) size 10x17
    RenderBlock (anonymous) at (0,0) size 10x17
      RenderText {mo} at (0,-5) size 10x25
        text run at (0,-5) width 10: "\x{23AA}"
layer at (274,161) size 10x3 scrollHeight 20
  RenderMathMLBlock (flex) {mo} at (0,17) size 10x3
    RenderBlock (anonymous) at (0,0) size 10x3
layer at (274,164) size 10x17 scrollHeight 20
  RenderMathMLBlock (flex) {mo} at (0,20) size 10x17
    RenderBlock (anonymous) at (0,0) size 10x17
layer at (327,144) size 10x17 scrollHeight 20
  RenderMathMLBlock (flex) {mo} at (0,0) size 10x17
    RenderBlock (anonymous) at (0,0) size 10x17
      RenderText {mo} at (0,-5) size 10x25
        text run at (0,-5) width 10: "\x{23AA}"
layer at (327,161) size 10x3 scrollHeight 20
  RenderMathMLBlock (flex) {mo} at (0,17) size 10x3
    RenderBlock (anonymous) at (0,0) size 10x3
layer at (327,164) size 10x17 scrollHeight 20
  RenderMathMLBlock (flex) {mo} at (0,20) size 10x17
    RenderBlock (anonymous) at (0,0) size 10x17
layer at (51,197) size 10x17 scrollHeight 20
  RenderMathMLBlock (flex) {mo} at (0,0) size 10x17
    RenderBlock (anonymous) at (0,0) size 10x17
      RenderText {mo} at (0,-5) size 10x25
        text run at (0,-5) width 10: "\x{23A7}"
layer at (51,214) size 10x3 scrollHeight 20
  RenderMathMLBlock (flex) {mo} at (0,17) size 10x3
    RenderBlock (anonymous) at (0,0) size 10x3
layer at (51,217) size 10x16 scrollHeight 20
  RenderMathMLBlock (flex) {mo} at (0,20) size 10x16
    RenderBlock (anonymous) at (0,0) size 10x16
layer at (51,233) size 10x3 scrollHeight 20
  RenderMathMLBlock (flex) {mo} at (0,36) size 10x3
    RenderBlock (anonymous) at (0,0) size 10x3
layer at (51,236) size 10x17 scrollHeight 20
  RenderMathMLBlock (flex) {mo} at (0,39) size 10x17
    RenderBlock (anonymous) at (0,0) size 10x17
layer at (120,197) size 10x17 scrollHeight 20
  RenderMathMLBlock (flex) {mo} at (0,0) size 10x17
    RenderBlock (anonymous) at (0,0) size 10x17
      RenderText {mo} at (0,-5) size 10x25
        text run at (0,-5) width 10: "\x{23AB}"
layer at (120,214) size 10x3 scrollHeight 20
  RenderMathMLBlock (flex) {mo} at (0,17) size 10x3
    RenderBlock (anonymous) at (0,0) size 10x3
layer at (120,217) size 10x16 scrollHeight 20
  RenderMathMLBlock (flex) {mo} at (0,20) size 10x16
    RenderBlock (anonymous) at (0,0) size 10x16
layer at (120,233) size 10x3 scrollHeight 20
  RenderMathMLBlock (flex) {mo} at (0,36) size 10x3
    RenderBlock (anonymous) at (0,0) size 10x3
layer at (120,236) size 10x17 scrollHeight 20
  RenderMathMLBlock (flex) {mo} at (0,39) size 10x17
    RenderBlock (anonymous) at (0,0) size 10x17
layer at (140,197) size 7x17 scrollHeight 19
  RenderMathMLBlock (flex) {mo} at (0,0) size 7x17
    RenderBlock (anonymous) at (0,0) size 7x17
      RenderText {mo} at (0,-6) size 7x25
        text run at (0,-6) width 7: "\x{23A1}"
layer at (140,214) size 7x16 scrollHeight 19
  RenderMathMLBlock (flex) {mo} at (0,17) size 7x16
    RenderBlock (anonymous) at (0,0) size 7x16
layer at (140,230) size 7x6 scrollHeight 19
  RenderMathMLBlock (flex) {mo} at (0,33) size 7x6
    RenderBlock (anonymous) at (0,0) size 7x6
layer at (140,236) size 7x17 scrollHeight 19
  RenderMathMLBlock (flex) {mo} at (0,39) size 7x17
    RenderBlock (anonymous) at (0,0) size 7x17
layer at (206,197) size 7x17 scrollHeight 19
  RenderMathMLBlock (flex) {mo} at (0,0) size 7x17
    RenderBlock (anonymous) at (0,0) size 7x17
      RenderText {mo} at (0,-6) size 7x25
        text run at (0,-6) width 7: "\x{23A4}"
layer at (206,214) size 7x16 scrollHeight 19
  RenderMathMLBlock (flex) {mo} at (0,17) size 7x16
    RenderBlock (anonymous) at (0,0) size 7x16
layer at (206,230) size 7x6 scrollHeight 19
  RenderMathMLBlock (flex) {mo} at (0,33) size 7x6
    RenderBlock (anonymous) at (0,0) size 7x6
layer at (206,236) size 7x17 scrollHeight 19
  RenderMathMLBlock (flex) {mo} at (0,39) size 7x17
    RenderBlock (anonymous) at (0,0) size 7x17
layer at (223,197) size 7x17 scrollHeight 20
  RenderMathMLBlock (flex) {mo} at (0,0) size 7x17
    RenderBlock (anonymous) at (0,0) size 7x17
      RenderText {mo} at (0,-5) size 7x25
        text run at (0,-5) width 7: "\x{239B}"
layer at (223,214) size 7x16 scrollHeight 20
  RenderMathMLBlock (flex) {mo} at (0,17) size 7x16
    RenderBlock (anonymous) at (0,0) size 7x16
layer at (223,230) size 7x6 scrollHeight 20
  RenderMathMLBlock (flex) {mo} at (0,33) size 7x6
    RenderBlock (anonymous) at (0,0) size 7x6
layer at (223,236) size 7x17 scrollHeight 20
  RenderMathMLBlock (flex) {mo} at (0,39) size 7x17
    RenderBlock (anonymous) at (0,0) size 7x17
layer at (289,197) size 7x17 scrollHeight 20
  RenderMathMLBlock (flex) {mo} at (0,0) size 7x17
    RenderBlock (anonymous) at (0,0) size 7x17
      RenderText {mo} at (0,-5) size 7x25
        text run at (0,-5) width 7: "\x{239E}"
layer at (289,214) size 7x16 scrollHeight 20
  RenderMathMLBlock (flex) {mo} at (0,17) size 7x16
    RenderBlock (anonymous) at (0,0) size 7x16
layer at (289,230) size 7x6 scrollHeight 20
  RenderMathMLBlock (flex) {mo} at (0,33) size 7x6
    RenderBlock (anonymous) at (0,0) size 7x6
layer at (289,236) size 7x17 scrollHeight 20
  RenderMathMLBlock (flex) {mo} at (0,39) size 7x17
    RenderBlock (anonymous) at (0,0) size 7x17
layer at (306,197) size 10x17 scrollHeight 20
  RenderMathMLBlock (flex) {mo} at (0,0) size 10x17
    RenderBlock (anonymous) at (0,0) size 10x17
      RenderText {mo} at (0,-5) size 10x25
        text run at (0,-5) width 10: "\x{23AA}"
layer at (306,214) size 10x16 scrollHeight 20
  RenderMathMLBlock (flex) {mo} at (0,17) size 10x16
    RenderBlock (anonymous) at (0,0) size 10x16
layer at (306,230) size 10x6 scrollHeight 20
  RenderMathMLBlock (flex) {mo} at (0,33) size 10x6
    RenderBlock (anonymous) at (0,0) size 10x6
layer at (306,236) size 10x17 scrollHeight 20
  RenderMathMLBlock (flex) {mo} at (0,39) size 10x17
    RenderBlock (anonymous) at (0,0) size 10x17
layer at (375,197) size 10x17 scrollHeight 20
  RenderMathMLBlock (flex) {mo} at (0,0) size 10x17
    RenderBlock (anonymous) at (0,0) size 10x17
      RenderText {mo} at (0,-5) size 10x25
        text run at (0,-5) width 10: "\x{23AA}"
layer at (375,214) size 10x16 scrollHeight 20
  RenderMathMLBlock (flex) {mo} at (0,17) size 10x16
    RenderBlock (anonymous) at (0,0) size 10x16
layer at (375,230) size 10x6 scrollHeight 20
  RenderMathMLBlock (flex) {mo} at (0,33) size 10x6
    RenderBlock (anonymous) at (0,0) size 10x6
layer at (375,236) size 10x17 scrollHeight 20
  RenderMathMLBlock (flex) {mo} at (0,39) size 10x17
    RenderBlock (anonymous) at (0,0) size 10x17
layer at (394,197) size 11x20 scrollHeight 26
  RenderMathMLBlock (flex) {mo} at (0,0) size 11x20
    RenderBlock (anonymous) at (0,0) size 11x20
      RenderText {mo} at (0,1) size 11x25
        text run at (0,1) width 11: "\x{2320}"
layer at (394,217) size 11x10 scrollHeight 18
  RenderMathMLBlock (flex) {mo} at (0,20) size 11x10
    RenderBlock (anonymous) at (0,0) size 11x10
layer at (394,227) size 11x7 scrollHeight 18
  RenderMathMLBlock (flex) {mo} at (0,30) size 11x7
    RenderBlock (anonymous) at (0,0) size 11x7
layer at (394,234) size 11x19 scrollHeight 26
  RenderMathMLBlock (flex) {mo} at (0,37) size 11x19
    RenderBlock (anonymous) at (0,0) size 11x19
layer at (59,269) size 10x17 scrollHeight 20
  RenderMathMLBlock (flex) {mo} at (0,0) size 10x17
    RenderBlock (anonymous) at (0,0) size 10x17
      RenderText {mo} at (0,-5) size 10x25
        text run at (0,-5) width 10: "\x{23A7}"
layer at (59,286) size 10x16 scrollHeight 20
  RenderMathMLBlock (flex) {mo} at (0,17) size 10x16
    RenderBlock (anonymous) at (0,0) size 10x16
layer at (59,302) size 10x16 scrollHeight 20
  RenderMathMLBlock (flex) {mo} at (0,33) size 10x16
    RenderBlock (anonymous) at (0,0) size 10x16
layer at (59,318) size 10x14 scrollHeight 20
  RenderMathMLBlock (flex) {mo} at (0,49) size 10x14
    RenderBlock (anonymous) at (0,0) size 10x14
layer at (59,332) size 10x16 scrollHeight 20
  RenderMathMLBlock (flex) {mo} at (0,63) size 10x16
    RenderBlock (anonymous) at (0,0) size 10x16
layer at (59,348) size 10x16 scrollHeight 20
  RenderMathMLBlock (flex) {mo} at (0,79) size 10x16
    RenderBlock (anonymous) at (0,0) size 10x16
layer at (59,364) size 10x16 scrollHeight 20
  RenderMathMLBlock (flex) {mo} at (0,95) size 10x16
    RenderBlock (anonymous) at (0,0) size 10x16
layer at (59,380) size 10x14 scrollHeight 20
  RenderMathMLBlock (flex) {mo} at (0,111) size 10x14
    RenderBlock (anonymous) at (0,0) size 10x14
layer at (59,394) size 10x17 scrollHeight 20
  RenderMathMLBlock (flex) {mo} at (0,125) size 10x17
    RenderBlock (anonymous) at (0,0) size 10x17
layer at (128,269) size 10x17 scrollHeight 20
  RenderMathMLBlock (flex) {mo} at (0,0) size 10x17
    RenderBlock (anonymous) at (0,0) size 10x17
      RenderText {mo} at (0,-5) size 10x25
        text run at (0,-5) width 10: "\x{23AB}"
layer at (128,286) size 10x16 scrollHeight 20
  RenderMathMLBlock (flex) {mo} at (0,17) size 10x16
    RenderBlock (anonymous) at (0,0) size 10x16
layer at (128,302) size 10x16 scrollHeight 20
  RenderMathMLBlock (flex) {mo} at (0,33) size 10x16
    RenderBlock (anonymous) at (0,0) size 10x16
layer at (128,318) size 10x14 scrollHeight 20
  RenderMathMLBlock (flex) {mo} at (0,49) size 10x14
    RenderBlock (anonymous) at (0,0) size 10x14
layer at (128,332) size 10x16 scrollHeight 20
  RenderMathMLBlock (flex) {mo} at (0,63) size 10x16
    RenderBlock (anonymous) at (0,0) size 10x16
layer at (128,348) size 10x16 scrollHeight 20
  RenderMathMLBlock (flex) {mo} at (0,79) size 10x16
    RenderBlock (anonymous) at (0,0) size 10x16
layer at (128,364) size 10x16 scrollHeight 20
  RenderMathMLBlock (flex) {mo} at (0,95) size 10x16
    RenderBlock (anonymous) at (0,0) size 10x16
layer at (128,380) size 10x14 scrollHeight 20
  RenderMathMLBlock (flex) {mo} at (0,111) size 10x14
    RenderBlock (anonymous) at (0,0) size 10x14
layer at (128,394) size 10x17 scrollHeight 20
  RenderMathMLBlock (flex) {mo} at (0,125) size 10x17
    RenderBlock (anonymous) at (0,0) size 10x17
layer at (148,269) size 7x17 scrollHeight 19
  RenderMathMLBlock (flex) {mo} at (0,0) size 7x17
    RenderBlock (anonymous) at (0,0) size 7x17
      RenderText {mo} at (0,-6) size 7x25
        text run at (0,-6) width 7: "\x{23A1}"
layer at (148,286) size 7x16 scrollHeight 19
  RenderMathMLBlock (flex) {mo} at (0,17) size 7x16
    RenderBlock (anonymous) at (0,0) size 7x16
layer at (148,302) size 7x16 scrollHeight 19
  RenderMathMLBlock (flex) {mo} at (0,33) size 7x16
    RenderBlock (anonymous) at (0,0) size 7x16
layer at (148,318) size 7x16 scrollHeight 19
  RenderMathMLBlock (flex) {mo} at (0,49) size 7x16
    RenderBlock (anonymous) at (0,0) size 7x16
layer at (148,334) size 7x16 scrollHeight 19
  RenderMathMLBlock (flex) {mo} at (0,65) size 7x16
    RenderBlock (anonymous) at (0,0) size 7x16
layer at (148,350) size 7x16 scrollHeight 19
  RenderMathMLBlock (flex) {mo} at (0,81) size 7x16
    RenderBlock (anonymous) at (0,0) size 7x16
layer at (148,366) size 7x16 scrollHeight 19
  RenderMathMLBlock (flex) {mo} at (0,97) size 7x16
    RenderBlock (anonymous) at (0,0) size 7x16
layer at (148,382) size 7x12 scrollHeight 19
  RenderMathMLBlock (flex) {mo} at (0,113) size 7x12
    RenderBlock (anonymous) at (0,0) size 7x12
layer at (148,394) size 7x17 scrollHeight 19
  RenderMathMLBlock (flex) {mo} at (0,125) size 7x17
    RenderBlock (anonymous) at (0,0) size 7x17
layer at (214,269) size 7x17 scrollHeight 19
  RenderMathMLBlock (flex) {mo} at (0,0) size 7x17
    RenderBlock (anonymous) at (0,0) size 7x17
      RenderText {mo} at (0,-6) size 7x25
        text run at (0,-6) width 7: "\x{23A4}"
layer at (214,286) size 7x16 scrollHeight 19
  RenderMathMLBlock (flex) {mo} at (0,17) size 7x16
    RenderBlock (anonymous) at (0,0) size 7x16
layer at (214,302) size 7x16 scrollHeight 19
  RenderMathMLBlock (flex) {mo} at (0,33) size 7x16
    RenderBlock (anonymous) at (0,0) size 7x16
layer at (214,318) size 7x16 scrollHeight 19
  RenderMathMLBlock (flex) {mo} at (0,49) size 7x16
    RenderBlock (anonymous) at (0,0) size 7x16
layer at (214,334) size 7x16 scrollHeight 19
  RenderMathMLBlock (flex) {mo} at (0,65) size 7x16
    RenderBlock (anonymous) at (0,0) size 7x16
layer at (214,350) size 7x16 scrollHeight 19
  RenderMathMLBlock (flex) {mo} at (0,81) size 7x16
    RenderBlock (anonymous) at (0,0) size 7x16
layer at (214,366) size 7x16 scrollHeight 19
  RenderMathMLBlock (flex) {mo} at (0,97) size 7x16
    RenderBlock (anonymous) at (0,0) size 7x16
layer at (214,382) size 7x12 scrollHeight 19
  RenderMathMLBlock (flex) {mo} at (0,113) size 7x12
    RenderBlock (anonymous) at (0,0) size 7x12
layer at (214,394) size 7x17 scrollHeight 19
  RenderMathMLBlock (flex) {mo} at (0,125) size 7x17
    RenderBlock (anonymous) at (0,0) size 7x17
layer at (231,269) size 7x17 scrollHeight 20
  RenderMathMLBlock (flex) {mo} at (0,0) size 7x17
    RenderBlock (anonymous) at (0,0) size 7x17
      RenderText {mo} at (0,-5) size 7x25
        text run at (0,-5) width 7: "\x{239B}"
layer at (231,286) size 7x16 scrollHeight 20
  RenderMathMLBlock (flex) {mo} at (0,17) size 7x16
    RenderBlock (anonymous) at (0,0) size 7x16
layer at (231,302) size 7x16 scrollHeight 20
  RenderMathMLBlock (flex) {mo} at (0,33) size 7x16
    RenderBlock (anonymous) at (0,0) size 7x16
layer at (231,318) size 7x16 scrollHeight 20
  RenderMathMLBlock (flex) {mo} at (0,49) size 7x16
    RenderBlock (anonymous) at (0,0) size 7x16
layer at (231,334) size 7x16 scrollHeight 20
  RenderMathMLBlock (flex) {mo} at (0,65) size 7x16
    RenderBlock (anonymous) at (0,0) size 7x16
layer at (231,350) size 7x16 scrollHeight 20
  RenderMathMLBlock (flex) {mo} at (0,81) size 7x16
    RenderBlock (anonymous) at (0,0) size 7x16
layer at (231,366) size 7x16 scrollHeight 20
  RenderMathMLBlock (flex) {mo} at (0,97) size 7x16
    RenderBlock (anonymous) at (0,0) size 7x16
layer at (231,382) size 7x12 scrollHeight 20
  RenderMathMLBlock (flex) {mo} at (0,113) size 7x12
    RenderBlock (anonymous) at (0,0) size 7x12
layer at (231,394) size 7x17 scrollHeight 20
  RenderMathMLBlock (flex) {mo} at (0,125) size 7x17
    RenderBlock (anonymous) at (0,0) size 7x17
layer at (297,269) size 7x17 scrollHeight 20
  RenderMathMLBlock (flex) {mo} at (0,0) size 7x17
    RenderBlock (anonymous) at (0,0) size 7x17
      RenderText {mo} at (0,-5) size 7x25
        text run at (0,-5) width 7: "\x{239E}"
layer at (297,286) size 7x16 scrollHeight 20
  RenderMathMLBlock (flex) {mo} at (0,17) size 7x16
    RenderBlock (anonymous) at (0,0) size 7x16
layer at (297,302) size 7x16 scrollHeight 20
  RenderMathMLBlock (flex) {mo} at (0,33) size 7x16
    RenderBlock (anonymous) at (0,0) size 7x16
layer at (297,318) size 7x16 scrollHeight 20
  RenderMathMLBlock (flex) {mo} at (0,49) size 7x16
    RenderBlock (anonymous) at (0,0) size 7x16
layer at (297,334) size 7x16 scrollHeight 20
  RenderMathMLBlock (flex) {mo} at (0,65) size 7x16
    RenderBlock (anonymous) at (0,0) size 7x16
layer at (297,350) size 7x16 scrollHeight 20
  RenderMathMLBlock (flex) {mo} at (0,81) size 7x16
    RenderBlock (anonymous) at (0,0) size 7x16
layer at (297,366) size 7x16 scrollHeight 20
  RenderMathMLBlock (flex) {mo} at (0,97) size 7x16
    RenderBlock (anonymous) at (0,0) size 7x16
layer at (297,382) size 7x12 scrollHeight 20
  RenderMathMLBlock (flex) {mo} at (0,113) size 7x12
    RenderBlock (anonymous) at (0,0) size 7x12
layer at (297,394) size 7x17 scrollHeight 20
  RenderMathMLBlock (flex) {mo} at (0,125) size 7x17
    RenderBlock (anonymous) at (0,0) size 7x17
layer at (314,269) size 10x17 scrollHeight 20
  RenderMathMLBlock (flex) {mo} at (0,0) size 10x17
    RenderBlock (anonymous) at (0,0) size 10x17
      RenderText {mo} at (0,-5) size 10x25
        text run at (0,-5) width 10: "\x{23AA}"
layer at (314,286) size 10x16 scrollHeight 20
  RenderMathMLBlock (flex) {mo} at (0,17) size 10x16
    RenderBlock (anonymous) at (0,0) size 10x16
layer at (314,302) size 10x16 scrollHeight 20
  RenderMathMLBlock (flex) {mo} at (0,33) size 10x16
    RenderBlock (anonymous) at (0,0) size 10x16
layer at (314,318) size 10x16 scrollHeight 20
  RenderMathMLBlock (flex) {mo} at (0,49) size 10x16
    RenderBlock (anonymous) at (0,0) size 10x16
layer at (314,334) size 10x16 scrollHeight 20
  RenderMathMLBlock (flex) {mo} at (0,65) size 10x16
    RenderBlock (anonymous) at (0,0) size 10x16
layer at (314,350) size 10x16 scrollHeight 20
  RenderMathMLBlock (flex) {mo} at (0,81) size 10x16
    RenderBlock (anonymous) at (0,0) size 10x16
layer at (314,366) size 10x16 scrollHeight 20
  RenderMathMLBlock (flex) {mo} at (0,97) size 10x16
    RenderBlock (anonymous) at (0,0) size 10x16
layer at (314,382) size 10x12 scrollHeight 20
  RenderMathMLBlock (flex) {mo} at (0,113) size 10x12
    RenderBlock (anonymous) at (0,0) size 10x12
layer at (314,394) size 10x17 scrollHeight 20
  RenderMathMLBlock (flex) {mo} at (0,125) size 10x17
    RenderBlock (anonymous) at (0,0) size 10x17
layer at (383,269) size 10x17 scrollHeight 20
  RenderMathMLBlock (flex) {mo} at (0,0) size 10x17
    RenderBlock (anonymous) at (0,0) size 10x17
      RenderText {mo} at (0,-5) size 10x25
        text run at (0,-5) width 10: "\x{23AA}"
layer at (383,286) size 10x16 scrollHeight 20
  RenderMathMLBlock (flex) {mo} at (0,17) size 10x16
    RenderBlock (anonymous) at (0,0) size 10x16
layer at (383,302) size 10x16 scrollHeight 20
  RenderMathMLBlock (flex) {mo} at (0,33) size 10x16
    RenderBlock (anonymous) at (0,0) size 10x16
layer at (383,318) size 10x16 scrollHeight 20
  RenderMathMLBlock (flex) {mo} at (0,49) size 10x16
    RenderBlock (anonymous) at (0,0) size 10x16
layer at (383,334) size 10x16 scrollHeight 20
  RenderMathMLBlock (flex) {mo} at (0,65) size 10x16
    RenderBlock (anonymous) at (0,0) size 10x16
layer at (383,350) size 10x16 scrollHeight 20
  RenderMathMLBlock (flex) {mo} at (0,81) size 10x16
    RenderBlock (anonymous) at (0,0) size 10x16
layer at (383,366) size 10x16 scrollHeight 20
  RenderMathMLBlock (flex) {mo} at (0,97) size 10x16
    RenderBlock (anonymous) at (0,0) size 10x16
layer at (383,382) size 10x12 scrollHeight 20
  RenderMathMLBlock (flex) {mo} at (0,113) size 10x12
    RenderBlock (anonymous) at (0,0) size 10x12
layer at (383,394) size 10x17 scrollHeight 20
  RenderMathMLBlock (flex) {mo} at (0,125) size 10x17
    RenderBlock (anonymous) at (0,0) size 10x17
layer at (402,269) size 11x20 scrollHeight 26
  RenderMathMLBlock (flex) {mo} at (0,0) size 11x20
    RenderBlock (anonymous) at (0,0) size 11x20
      RenderText {mo} at (0,1) size 11x25
        text run at (0,1) width 11: "\x{2320}"
layer at (402,289) size 11x10 scrollHeight 18
  RenderMathMLBlock (flex) {mo} at (0,20) size 11x10
    RenderBlock (anonymous) at (0,0) size 11x10
layer at (402,299) size 11x10 scrollHeight 18
  RenderMathMLBlock (flex) {mo} at (0,30) size 11x10
    RenderBlock (anonymous) at (0,0) size 11x10
layer at (402,309) size 11x10 scrollHeight 18
  RenderMathMLBlock (flex) {mo} at (0,40) size 11x10
    RenderBlock (anonymous) at (0,0) size 11x10
layer at (402,319) size 11x10 scrollHeight 18
  RenderMathMLBlock (flex) {mo} at (0,50) size 11x10
    RenderBlock (anonymous) at (0,0) size 11x10
layer at (402,329) size 11x10 scrollHeight 18
  RenderMathMLBlock (flex) {mo} at (0,60) size 11x10
    RenderBlock (anonymous) at (0,0) size 11x10
layer at (402,339) size 11x10 scrollHeight 18
  RenderMathMLBlock (flex) {mo} at (0,70) size 11x10
    RenderBlock (anonymous) at (0,0) size 11x10
layer at (402,349) size 11x10 scrollHeight 18
  RenderMathMLBlock (flex) {mo} at (0,80) size 11x10
    RenderBlock (anonymous) at (0,0) size 11x10
layer at (402,359) size 11x10 scrollHeight 18
  RenderMathMLBlock (flex) {mo} at (0,90) size 11x10
    RenderBlock (anonymous) at (0,0) size 11x10
layer at (402,369) size 11x10 scrollHeight 18
  RenderMathMLBlock (flex) {mo} at (0,100) size 11x10
    RenderBlock (anonymous) at (0,0) size 11x10
layer at (402,379) size 11x10 scrollHeight 18
  RenderMathMLBlock (flex) {mo} at (0,110) size 11x10
    RenderBlock (anonymous) at (0,0) size 11x10
layer at (402,389) size 11x3 scrollHeight 18
  RenderMathMLBlock (flex) {mo} at (0,120) size 11x3
    RenderBlock (anonymous) at (0,0) size 11x3
layer at (402,392) size 11x19 scrollHeight 26
  RenderMathMLBlock (flex) {mo} at (0,123) size 11x19
    RenderBlock (anonymous) at (0,0) size 11x19
layer at (51,427) size 7x17 scrollHeight 20
  RenderMathMLBlock (flex) {mo} at (0,0) size 7x17
    RenderBlock (anonymous) at (0,0) size 7x17
      RenderText {mo} at (0,-5) size 7x25
        text run at (0,-5) width 7: "\x{239B}"
layer at (51,444) size 7x12 scrollHeight 20
  RenderMathMLBlock (flex) {mo} at (0,17) size 7x12
    RenderBlock (anonymous) at (0,0) size 7x12
layer at (51,456) size 7x17 scrollHeight 20
  RenderMathMLBlock (flex) {mo} at (0,29) size 7x17
    RenderBlock (anonymous) at (0,0) size 7x17
layer at (221,427) size 7x17 scrollHeight 20
  RenderMathMLBlock (flex) {mo} at (0,0) size 7x17
    RenderBlock (anonymous) at (0,0) size 7x17
      RenderText {mo} at (0,-5) size 7x25
        text run at (0,-5) width 7: "\x{239E}"
layer at (221,444) size 7x12 scrollHeight 20
  RenderMathMLBlock (flex) {mo} at (0,17) size 7x12
    RenderBlock (anonymous) at (0,0) size 7x12
layer at (221,456) size 7x17 scrollHeight 20
  RenderMathMLBlock (flex) {mo} at (0,29) size 7x17
    RenderBlock (anonymous) at (0,0) size 7x17
layer at (140,160) size 7x17 backgroundClip at (140,161) size 7x3 clip at (140,161) size 7x3 outlineClip at (140,161) size 7x3
  RenderBlock (relative positioned) {mo} at (0,0) size 7x17
    RenderText {mo} at (0,-6) size 7x25
      text run at (0,-6) width 7: "\x{23A2}"
layer at (140,163) size 7x17 backgroundClip at (140,164) size 7x17 clip at (140,164) size 7x17 outlineClip at (140,164) size 7x17
  RenderBlock (relative positioned) {mo} at (0,0) size 7x17
    RenderText {mo} at (0,-6) size 7x25
      text run at (0,-6) width 7: "\x{23A3}"
layer at (190,160) size 7x17 backgroundClip at (190,161) size 7x3 clip at (190,161) size 7x3 outlineClip at (190,161) size 7x3
  RenderBlock (relative positioned) {mo} at (0,0) size 7x17
    RenderText {mo} at (0,-6) size 7x25
      text run at (0,-6) width 7: "\x{23A5}"
layer at (190,163) size 7x17 backgroundClip at (190,164) size 7x17 clip at (190,164) size 7x17 outlineClip at (190,164) size 7x17
  RenderBlock (relative positioned) {mo} at (0,0) size 7x17
    RenderText {mo} at (0,-6) size 7x25
      text run at (0,-6) width 7: "\x{23A6}"
layer at (207,160) size 7x17 backgroundClip at (207,161) size 7x3 clip at (207,161) size 7x3 outlineClip at (207,161) size 7x3
  RenderBlock (relative positioned) {mo} at (0,0) size 7x17
    RenderText {mo} at (0,-5) size 7x25
      text run at (0,-5) width 7: "\x{239C}"
layer at (207,163) size 7x17 backgroundClip at (207,164) size 7x17 clip at (207,164) size 7x17 outlineClip at (207,164) size 7x17
  RenderBlock (relative positioned) {mo} at (0,0) size 7x17
    RenderText {mo} at (0,-5) size 7x25
      text run at (0,-5) width 7: "\x{239D}"
layer at (257,160) size 7x17 backgroundClip at (257,161) size 7x3 clip at (257,161) size 7x3 outlineClip at (257,161) size 7x3
  RenderBlock (relative positioned) {mo} at (0,0) size 7x17
    RenderText {mo} at (0,-5) size 7x25
      text run at (0,-5) width 7: "\x{239F}"
layer at (257,163) size 7x17 backgroundClip at (257,164) size 7x17 clip at (257,164) size 7x17 outlineClip at (257,164) size 7x17
  RenderBlock (relative positioned) {mo} at (0,0) size 7x17
    RenderText {mo} at (0,-5) size 7x25
      text run at (0,-5) width 7: "\x{23A0}"
layer at (274,160) size 10x17 backgroundClip at (274,161) size 10x3 clip at (274,161) size 10x3 outlineClip at (274,161) size 10x3
  RenderBlock (relative positioned) {mo} at (0,0) size 10x17
    RenderText {mo} at (0,-5) size 10x25
      text run at (0,-5) width 10: "\x{23AA}"
layer at (274,163) size 10x17 backgroundClip at (274,164) size 10x17 clip at (274,164) size 10x17 outlineClip at (274,164) size 10x17
  RenderBlock (relative positioned) {mo} at (0,0) size 10x17
    RenderText {mo} at (0,-5) size 10x25
      text run at (0,-5) width 10: "\x{23AA}"
layer at (327,160) size 10x17 backgroundClip at (327,161) size 10x3 clip at (327,161) size 10x3 outlineClip at (327,161) size 10x3
  RenderBlock (relative positioned) {mo} at (0,0) size 10x17
    RenderText {mo} at (0,-5) size 10x25
      text run at (0,-5) width 10: "\x{23AA}"
layer at (327,163) size 10x17 backgroundClip at (327,164) size 10x17 clip at (327,164) size 10x17 outlineClip at (327,164) size 10x17
  RenderBlock (relative positioned) {mo} at (0,0) size 10x17
    RenderText {mo} at (0,-5) size 10x25
      text run at (0,-5) width 10: "\x{23AA}"
layer at (51,213) size 10x17 backgroundClip at (51,214) size 10x3 clip at (51,214) size 10x3 outlineClip at (51,214) size 10x3
  RenderBlock (relative positioned) {mo} at (0,0) size 10x17
    RenderText {mo} at (0,-5) size 10x25
      text run at (0,-5) width 10: "\x{23AA}"
layer at (51,216) size 10x17 backgroundClip at (51,217) size 10x16 clip at (51,217) size 10x16 outlineClip at (51,217) size 10x16
  RenderBlock (relative positioned) {mo} at (0,0) size 10x17
    RenderText {mo} at (0,-5) size 10x25
      text run at (0,-5) width 10: "\x{23A8}"
layer at (51,232) size 10x17 backgroundClip at (51,233) size 10x3 clip at (51,233) size 10x3 outlineClip at (51,233) size 10x3
  RenderBlock (relative positioned) {mo} at (0,0) size 10x17
    RenderText {mo} at (0,-5) size 10x25
      text run at (0,-5) width 10: "\x{23AA}"
layer at (51,235) size 10x17 backgroundClip at (51,236) size 10x17 clip at (51,236) size 10x17 outlineClip at (51,236) size 10x17
  RenderBlock (relative positioned) {mo} at (0,0) size 10x17
    RenderText {mo} at (0,-5) size 10x25
      text run at (0,-5) width 10: "\x{23A9}"
layer at (120,213) size 10x17 backgroundClip at (120,214) size 10x3 clip at (120,214) size 10x3 outlineClip at (120,214) size 10x3
  RenderBlock (relative positioned) {mo} at (0,0) size 10x17
    RenderText {mo} at (0,-5) size 10x25
      text run at (0,-5) width 10: "\x{23AA}"
layer at (120,216) size 10x17 backgroundClip at (120,217) size 10x16 clip at (120,217) size 10x16 outlineClip at (120,217) size 10x16
  RenderBlock (relative positioned) {mo} at (0,0) size 10x17
    RenderText {mo} at (0,-5) size 10x25
      text run at (0,-5) width 10: "\x{23AC}"
layer at (120,232) size 10x17 backgroundClip at (120,233) size 10x3 clip at (120,233) size 10x3 outlineClip at (120,233) size 10x3
  RenderBlock (relative positioned) {mo} at (0,0) size 10x17
    RenderText {mo} at (0,-5) size 10x25
      text run at (0,-5) width 10: "\x{23AA}"
layer at (120,235) size 10x17 backgroundClip at (120,236) size 10x17 clip at (120,236) size 10x17 outlineClip at (120,236) size 10x17
  RenderBlock (relative positioned) {mo} at (0,0) size 10x17
    RenderText {mo} at (0,-5) size 10x25
      text run at (0,-5) width 10: "\x{23AD}"
layer at (140,213) size 7x17 backgroundClip at (140,214) size 7x16 clip at (140,214) size 7x16 outlineClip at (140,214) size 7x16
  RenderBlock (relative positioned) {mo} at (0,0) size 7x17
    RenderText {mo} at (0,-6) size 7x25
      text run at (0,-6) width 7: "\x{23A2}"
layer at (140,229) size 7x17 backgroundClip at (140,230) size 7x6 clip at (140,230) size 7x6 outlineClip at (140,230) size 7x6
  RenderBlock (relative positioned) {mo} at (0,0) size 7x17
    RenderText {mo} at (0,-6) size 7x25
      text run at (0,-6) width 7: "\x{23A2}"
layer at (140,235) size 7x17 backgroundClip at (140,236) size 7x17 clip at (140,236) size 7x17 outlineClip at (140,236) size 7x17
  RenderBlock (relative positioned) {mo} at (0,0) size 7x17
    RenderText {mo} at (0,-6) size 7x25
      text run at (0,-6) width 7: "\x{23A3}"
layer at (206,213) size 7x17 backgroundClip at (206,214) size 7x16 clip at (206,214) size 7x16 outlineClip at (206,214) size 7x16
  RenderBlock (relative positioned) {mo} at (0,0) size 7x17
    RenderText {mo} at (0,-6) size 7x25
      text run at (0,-6) width 7: "\x{23A5}"
layer at (206,229) size 7x17 backgroundClip at (206,230) size 7x6 clip at (206,230) size 7x6 outlineClip at (206,230) size 7x6
  RenderBlock (relative positioned) {mo} at (0,0) size 7x17
    RenderText {mo} at (0,-6) size 7x25
      text run at (0,-6) width 7: "\x{23A5}"
layer at (206,235) size 7x17 backgroundClip at (206,236) size 7x17 clip at (206,236) size 7x17 outlineClip at (206,236) size 7x17
  RenderBlock (relative positioned) {mo} at (0,0) size 7x17
    RenderText {mo} at (0,-6) size 7x25
      text run at (0,-6) width 7: "\x{23A6}"
layer at (223,213) size 7x17 backgroundClip at (223,214) size 7x16 clip at (223,214) size 7x16 outlineClip at (223,214) size 7x16
  RenderBlock (relative positioned) {mo} at (0,0) size 7x17
    RenderText {mo} at (0,-5) size 7x25
      text run at (0,-5) width 7: "\x{239C}"
layer at (223,229) size 7x17 backgroundClip at (223,230) size 7x6 clip at (223,230) size 7x6 outlineClip at (223,230) size 7x6
  RenderBlock (relative positioned) {mo} at (0,0) size 7x17
    RenderText {mo} at (0,-5) size 7x25
      text run at (0,-5) width 7: "\x{239C}"
layer at (223,235) size 7x17 backgroundClip at (223,236) size 7x17 clip at (223,236) size 7x17 outlineClip at (223,236) size 7x17
  RenderBlock (relative positioned) {mo} at (0,0) size 7x17
    RenderText {mo} at (0,-5) size 7x25
      text run at (0,-5) width 7: "\x{239D}"
layer at (289,213) size 7x17 backgroundClip at (289,214) size 7x16 clip at (289,214) size 7x16 outlineClip at (289,214) size 7x16
  RenderBlock (relative positioned) {mo} at (0,0) size 7x17
    RenderText {mo} at (0,-5) size 7x25
      text run at (0,-5) width 7: "\x{239F}"
layer at (289,229) size 7x17 backgroundClip at (289,230) size 7x6 clip at (289,230) size 7x6 outlineClip at (289,230) size 7x6
  RenderBlock (relative positioned) {mo} at (0,0) size 7x17
    RenderText {mo} at (0,-5) size 7x25
      text run at (0,-5) width 7: "\x{239F}"
layer at (289,235) size 7x17 backgroundClip at (289,236) size 7x17 clip at (289,236) size 7x17 outlineClip at (289,236) size 7x17
  RenderBlock (relative positioned) {mo} at (0,0) size 7x17
    RenderText {mo} at (0,-5) size 7x25
      text run at (0,-5) width 7: "\x{23A0}"
layer at (306,213) size 10x17 backgroundClip at (306,214) size 10x16 clip at (306,214) size 10x16 outlineClip at (306,214) size 10x16
  RenderBlock (relative positioned) {mo} at (0,0) size 10x17
    RenderText {mo} at (0,-5) size 10x25
      text run at (0,-5) width 10: "\x{23AA}"
layer at (306,229) size 10x17 backgroundClip at (306,230) size 10x6 clip at (306,230) size 10x6 outlineClip at (306,230) size 10x6
  RenderBlock (relative positioned) {mo} at (0,0) size 10x17
    RenderText {mo} at (0,-5) size 10x25
      text run at (0,-5) width 10: "\x{23AA}"
layer at (306,235) size 10x17 backgroundClip at (306,236) size 10x17 clip at (306,236) size 10x17 outlineClip at (306,236) size 10x17
  RenderBlock (relative positioned) {mo} at (0,0) size 10x17
    RenderText {mo} at (0,-5) size 10x25
      text run at (0,-5) width 10: "\x{23AA}"
layer at (375,213) size 10x17 backgroundClip at (375,214) size 10x16 clip at (375,214) size 10x16 outlineClip at (375,214) size 10x16
  RenderBlock (relative positioned) {mo} at (0,0) size 10x17
    RenderText {mo} at (0,-5) size 10x25
      text run at (0,-5) width 10: "\x{23AA}"
layer at (375,229) size 10x17 backgroundClip at (375,230) size 10x6 clip at (375,230) size 10x6 outlineClip at (375,230) size 10x6
  RenderBlock (relative positioned) {mo} at (0,0) size 10x17
    RenderText {mo} at (0,-5) size 10x25
      text run at (0,-5) width 10: "\x{23AA}"
layer at (375,235) size 10x17 backgroundClip at (375,236) size 10x17 clip at (375,236) size 10x17 outlineClip at (375,236) size 10x17
  RenderBlock (relative positioned) {mo} at (0,0) size 10x17
    RenderText {mo} at (0,-5) size 10x25
      text run at (0,-5) width 10: "\x{23AA}"
layer at (394,216) size 11x11 backgroundClip at (394,217) size 11x10 clip at (394,217) size 11x10 outlineClip at (394,217) size 11x10
  RenderBlock (relative positioned) {mo} at (0,0) size 11x11
    RenderText {mo} at (0,-7) size 11x25
      text run at (0,-7) width 11: "\x{23AE}"
layer at (394,226) size 11x11 backgroundClip at (394,227) size 11x7 clip at (394,227) size 11x7 outlineClip at (394,227) size 11x7
  RenderBlock (relative positioned) {mo} at (0,0) size 11x11
    RenderText {mo} at (0,-7) size 11x25
      text run at (0,-7) width 11: "\x{23AE}"
layer at (394,233) size 11x19 backgroundClip at (394,234) size 11x19 clip at (394,234) size 11x19 outlineClip at (394,234) size 11x19
  RenderBlock (relative positioned) {mo} at (0,0) size 11x19
    RenderText {mo} at (0,1) size 11x25
      text run at (0,1) width 11: "\x{2321}"
layer at (59,285) size 10x17 backgroundClip at (59,286) size 10x16 clip at (59,286) size 10x16 outlineClip at (59,286) size 10x16
  RenderBlock (relative positioned) {mo} at (0,0) size 10x17
    RenderText {mo} at (0,-5) size 10x25
      text run at (0,-5) width 10: "\x{23AA}"
layer at (59,301) size 10x17 backgroundClip at (59,302) size 10x16 clip at (59,302) size 10x16 outlineClip at (59,302) size 10x16
  RenderBlock (relative positioned) {mo} at (0,0) size 10x17
    RenderText {mo} at (0,-5) size 10x25
      text run at (0,-5) width 10: "\x{23AA}"
layer at (59,317) size 10x17 backgroundClip at (59,318) size 10x14 clip at (59,318) size 10x14 outlineClip at (59,318) size 10x14
  RenderBlock (relative positioned) {mo} at (0,0) size 10x17
    RenderText {mo} at (0,-5) size 10x25
      text run at (0,-5) width 10: "\x{23AA}"
layer at (59,331) size 10x17 backgroundClip at (59,332) size 10x16 clip at (59,332) size 10x16 outlineClip at (59,332) size 10x16
  RenderBlock (relative positioned) {mo} at (0,0) size 10x17
    RenderText {mo} at (0,-5) size 10x25
      text run at (0,-5) width 10: "\x{23A8}"
layer at (59,347) size 10x17 backgroundClip at (59,348) size 10x16 clip at (59,348) size 10x16 outlineClip at (59,348) size 10x16
  RenderBlock (relative positioned) {mo} at (0,0) size 10x17
    RenderText {mo} at (0,-5) size 10x25
      text run at (0,-5) width 10: "\x{23AA}"
layer at (59,363) size 10x17 backgroundClip at (59,364) size 10x16 clip at (59,364) size 10x16 outlineClip at (59,364) size 10x16
  RenderBlock (relative positioned) {mo} at (0,0) size 10x17
    RenderText {mo} at (0,-5) size 10x25
      text run at (0,-5) width 10: "\x{23AA}"
layer at (59,379) size 10x17 backgroundClip at (59,380) size 10x14 clip at (59,380) size 10x14 outlineClip at (59,380) size 10x14
  RenderBlock (relative positioned) {mo} at (0,0) size 10x17
    RenderText {mo} at (0,-5) size 10x25
      text run at (0,-5) width 10: "\x{23AA}"
layer at (59,393) size 10x17 backgroundClip at (59,394) size 10x17 clip at (59,394) size 10x17 outlineClip at (59,394) size 10x17
  RenderBlock (relative positioned) {mo} at (0,0) size 10x17
    RenderText {mo} at (0,-5) size 10x25
      text run at (0,-5) width 10: "\x{23A9}"
layer at (128,285) size 10x17 backgroundClip at (128,286) size 10x16 clip at (128,286) size 10x16 outlineClip at (128,286) size 10x16
  RenderBlock (relative positioned) {mo} at (0,0) size 10x17
    RenderText {mo} at (0,-5) size 10x25
      text run at (0,-5) width 10: "\x{23AA}"
layer at (128,301) size 10x17 backgroundClip at (128,302) size 10x16 clip at (128,302) size 10x16 outlineClip at (128,302) size 10x16
  RenderBlock (relative positioned) {mo} at (0,0) size 10x17
    RenderText {mo} at (0,-5) size 10x25
      text run at (0,-5) width 10: "\x{23AA}"
layer at (128,317) size 10x17 backgroundClip at (128,318) size 10x14 clip at (128,318) size 10x14 outlineClip at (128,318) size 10x14
  RenderBlock (relative positioned) {mo} at (0,0) size 10x17
    RenderText {mo} at (0,-5) size 10x25
      text run at (0,-5) width 10: "\x{23AA}"
layer at (128,331) size 10x17 backgroundClip at (128,332) size 10x16 clip at (128,332) size 10x16 outlineClip at (128,332) size 10x16
  RenderBlock (relative positioned) {mo} at (0,0) size 10x17
    RenderText {mo} at (0,-5) size 10x25
      text run at (0,-5) width 10: "\x{23AC}"
layer at (128,347) size 10x17 backgroundClip at (128,348) size 10x16 clip at (128,348) size 10x16 outlineClip at (128,348) size 10x16
  RenderBlock (relative positioned) {mo} at (0,0) size 10x17
    RenderText {mo} at (0,-5) size 10x25
      text run at (0,-5) width 10: "\x{23AA}"
layer at (128,363) size 10x17 backgroundClip at (128,364) size 10x16 clip at (128,364) size 10x16 outlineClip at (128,364) size 10x16
  RenderBlock (relative positioned) {mo} at (0,0) size 10x17
    RenderText {mo} at (0,-5) size 10x25
      text run at (0,-5) width 10: "\x{23AA}"
layer at (128,379) size 10x17 backgroundClip at (128,380) size 10x14 clip at (128,380) size 10x14 outlineClip at (128,380) size 10x14
  RenderBlock (relative positioned) {mo} at (0,0) size 10x17
    RenderText {mo} at (0,-5) size 10x25
      text run at (0,-5) width 10: "\x{23AA}"
layer at (128,393) size 10x17 backgroundClip at (128,394) size 10x17 clip at (128,394) size 10x17 outlineClip at (128,394) size 10x17
  RenderBlock (relative positioned) {mo} at (0,0) size 10x17
    RenderText {mo} at (0,-5) size 10x25
      text run at (0,-5) width 10: "\x{23AD}"
layer at (148,285) size 7x17 backgroundClip at (148,286) size 7x16 clip at (148,286) size 7x16 outlineClip at (148,286) size 7x16
  RenderBlock (relative positioned) {mo} at (0,0) size 7x17
    RenderText {mo} at (0,-6) size 7x25
      text run at (0,-6) width 7: "\x{23A2}"
layer at (148,301) size 7x17 backgroundClip at (148,302) size 7x16 clip at (148,302) size 7x16 outlineClip at (148,302) size 7x16
  RenderBlock (relative positioned) {mo} at (0,0) size 7x17
    RenderText {mo} at (0,-6) size 7x25
      text run at (0,-6) width 7: "\x{23A2}"
layer at (148,317) size 7x17 backgroundClip at (148,318) size 7x16 clip at (148,318) size 7x16 outlineClip at (148,318) size 7x16
  RenderBlock (relative positioned) {mo} at (0,0) size 7x17
    RenderText {mo} at (0,-6) size 7x25
      text run at (0,-6) width 7: "\x{23A2}"
layer at (148,333) size 7x17 backgroundClip at (148,334) size 7x16 clip at (148,334) size 7x16 outlineClip at (148,334) size 7x16
  RenderBlock (relative positioned) {mo} at (0,0) size 7x17
    RenderText {mo} at (0,-6) size 7x25
      text run at (0,-6) width 7: "\x{23A2}"
layer at (148,349) size 7x17 backgroundClip at (148,350) size 7x16 clip at (148,350) size 7x16 outlineClip at (148,350) size 7x16
  RenderBlock (relative positioned) {mo} at (0,0) size 7x17
    RenderText {mo} at (0,-6) size 7x25
      text run at (0,-6) width 7: "\x{23A2}"
layer at (148,365) size 7x17 backgroundClip at (148,366) size 7x16 clip at (148,366) size 7x16 outlineClip at (148,366) size 7x16
  RenderBlock (relative positioned) {mo} at (0,0) size 7x17
    RenderText {mo} at (0,-6) size 7x25
      text run at (0,-6) width 7: "\x{23A2}"
layer at (148,381) size 7x17 backgroundClip at (148,382) size 7x12 clip at (148,382) size 7x12 outlineClip at (148,382) size 7x12
  RenderBlock (relative positioned) {mo} at (0,0) size 7x17
    RenderText {mo} at (0,-6) size 7x25
      text run at (0,-6) width 7: "\x{23A2}"
layer at (148,393) size 7x17 backgroundClip at (148,394) size 7x17 clip at (148,394) size 7x17 outlineClip at (148,394) size 7x17
  RenderBlock (relative positioned) {mo} at (0,0) size 7x17
    RenderText {mo} at (0,-6) size 7x25
      text run at (0,-6) width 7: "\x{23A3}"
layer at (214,285) size 7x17 backgroundClip at (214,286) size 7x16 clip at (214,286) size 7x16 outlineClip at (214,286) size 7x16
  RenderBlock (relative positioned) {mo} at (0,0) size 7x17
    RenderText {mo} at (0,-6) size 7x25
      text run at (0,-6) width 7: "\x{23A5}"
layer at (214,301) size 7x17 backgroundClip at (214,302) size 7x16 clip at (214,302) size 7x16 outlineClip at (214,302) size 7x16
  RenderBlock (relative positioned) {mo} at (0,0) size 7x17
    RenderText {mo} at (0,-6) size 7x25
      text run at (0,-6) width 7: "\x{23A5}"
layer at (214,317) size 7x17 backgroundClip at (214,318) size 7x16 clip at (214,318) size 7x16 outlineClip at (214,318) size 7x16
  RenderBlock (relative positioned) {mo} at (0,0) size 7x17
    RenderText {mo} at (0,-6) size 7x25
      text run at (0,-6) width 7: "\x{23A5}"
layer at (214,333) size 7x17 backgroundClip at (214,334) size 7x16 clip at (214,334) size 7x16 outlineClip at (214,334) size 7x16
  RenderBlock (relative positioned) {mo} at (0,0) size 7x17
    RenderText {mo} at (0,-6) size 7x25
      text run at (0,-6) width 7: "\x{23A5}"
layer at (214,349) size 7x17 backgroundClip at (214,350) size 7x16 clip at (214,350) size 7x16 outlineClip at (214,350) size 7x16
  RenderBlock (relative positioned) {mo} at (0,0) size 7x17
    RenderText {mo} at (0,-6) size 7x25
      text run at (0,-6) width 7: "\x{23A5}"
layer at (214,365) size 7x17 backgroundClip at (214,366) size 7x16 clip at (214,366) size 7x16 outlineClip at (214,366) size 7x16
  RenderBlock (relative positioned) {mo} at (0,0) size 7x17
    RenderText {mo} at (0,-6) size 7x25
      text run at (0,-6) width 7: "\x{23A5}"
layer at (214,381) size 7x17 backgroundClip at (214,382) size 7x12 clip at (214,382) size 7x12 outlineClip at (214,382) size 7x12
  RenderBlock (relative positioned) {mo} at (0,0) size 7x17
    RenderText {mo} at (0,-6) size 7x25
      text run at (0,-6) width 7: "\x{23A5}"
layer at (214,393) size 7x17 backgroundClip at (214,394) size 7x17 clip at (214,394) size 7x17 outlineClip at (214,394) size 7x17
  RenderBlock (relative positioned) {mo} at (0,0) size 7x17
    RenderText {mo} at (0,-6) size 7x25
      text run at (0,-6) width 7: "\x{23A6}"
layer at (231,285) size 7x17 backgroundClip at (231,286) size 7x16 clip at (231,286) size 7x16 outlineClip at (231,286) size 7x16
  RenderBlock (relative positioned) {mo} at (0,0) size 7x17
    RenderText {mo} at (0,-5) size 7x25
      text run at (0,-5) width 7: "\x{239C}"
layer at (231,301) size 7x17 backgroundClip at (231,302) size 7x16 clip at (231,302) size 7x16 outlineClip at (231,302) size 7x16
  RenderBlock (relative positioned) {mo} at (0,0) size 7x17
    RenderText {mo} at (0,-5) size 7x25
      text run at (0,-5) width 7: "\x{239C}"
layer at (231,317) size 7x17 backgroundClip at (231,318) size 7x16 clip at (231,318) size 7x16 outlineClip at (231,318) size 7x16
  RenderBlock (relative positioned) {mo} at (0,0) size 7x17
    RenderText {mo} at (0,-5) size 7x25
      text run at (0,-5) width 7: "\x{239C}"
layer at (231,333) size 7x17 backgroundClip at (231,334) size 7x16 clip at (231,334) size 7x16 outlineClip at (231,334) size 7x16
  RenderBlock (relative positioned) {mo} at (0,0) size 7x17
    RenderText {mo} at (0,-5) size 7x25
      text run at (0,-5) width 7: "\x{239C}"
layer at (231,349) size 7x17 backgroundClip at (231,350) size 7x16 clip at (231,350) size 7x16 outlineClip at (231,350) size 7x16
  RenderBlock (relative positioned) {mo} at (0,0) size 7x17
    RenderText {mo} at (0,-5) size 7x25
      text run at (0,-5) width 7: "\x{239C}"
layer at (231,365) size 7x17 backgroundClip at (231,366) size 7x16 clip at (231,366) size 7x16 outlineClip at (231,366) size 7x16
  RenderBlock (relative positioned) {mo} at (0,0) size 7x17
    RenderText {mo} at (0,-5) size 7x25
      text run at (0,-5) width 7: "\x{239C}"
layer at (231,381) size 7x17 backgroundClip at (231,382) size 7x12 clip at (231,382) size 7x12 outlineClip at (231,382) size 7x12
  RenderBlock (relative positioned) {mo} at (0,0) size 7x17
    RenderText {mo} at (0,-5) size 7x25
      text run at (0,-5) width 7: "\x{239C}"
layer at (231,393) size 7x17 backgroundClip at (231,394) size 7x17 clip at (231,394) size 7x17 outlineClip at (231,394) size 7x17
  RenderBlock (relative positioned) {mo} at (0,0) size 7x17
    RenderText {mo} at (0,-5) size 7x25
      text run at (0,-5) width 7: "\x{239D}"
layer at (297,285) size 7x17 backgroundClip at (297,286) size 7x16 clip at (297,286) size 7x16 outlineClip at (297,286) size 7x16
  RenderBlock (relative positioned) {mo} at (0,0) size 7x17
    RenderText {mo} at (0,-5) size 7x25
      text run at (0,-5) width 7: "\x{239F}"
layer at (297,301) size 7x17 backgroundClip at (297,302) size 7x16 clip at (297,302) size 7x16 outlineClip at (297,302) size 7x16
  RenderBlock (relative positioned) {mo} at (0,0) size 7x17
    RenderText {mo} at (0,-5) size 7x25
      text run at (0,-5) width 7: "\x{239F}"
layer at (297,317) size 7x17 backgroundClip at (297,318) size 7x16 clip at (297,318) size 7x16 outlineClip at (297,318) size 7x16
  RenderBlock (relative positioned) {mo} at (0,0) size 7x17
    RenderText {mo} at (0,-5) size 7x25
      text run at (0,-5) width 7: "\x{239F}"
layer at (297,333) size 7x17 backgroundClip at (297,334) size 7x16 clip at (297,334) size 7x16 outlineClip at (297,334) size 7x16
  RenderBlock (relative positioned) {mo} at (0,0) size 7x17
    RenderText {mo} at (0,-5) size 7x25
      text run at (0,-5) width 7: "\x{239F}"
layer at (297,349) size 7x17 backgroundClip at (297,350) size 7x16 clip at (297,350) size 7x16 outlineClip at (297,350) size 7x16
  RenderBlock (relative positioned) {mo} at (0,0) size 7x17
    RenderText {mo} at (0,-5) size 7x25
      text run at (0,-5) width 7: "\x{239F}"
layer at (297,365) size 7x17 backgroundClip at (297,366) size 7x16 clip at (297,366) size 7x16 outlineClip at (297,366) size 7x16
  RenderBlock (relative positioned) {mo} at (0,0) size 7x17
    RenderText {mo} at (0,-5) size 7x25
      text run at (0,-5) width 7: "\x{239F}"
layer at (297,381) size 7x17 backgroundClip at (297,382) size 7x12 clip at (297,382) size 7x12 outlineClip at (297,382) size 7x12
  RenderBlock (relative positioned) {mo} at (0,0) size 7x17
    RenderText {mo} at (0,-5) size 7x25
      text run at (0,-5) width 7: "\x{239F}"
layer at (297,393) size 7x17 backgroundClip at (297,394) size 7x17 clip at (297,394) size 7x17 outlineClip at (297,394) size 7x17
  RenderBlock (relative positioned) {mo} at (0,0) size 7x17
    RenderText {mo} at (0,-5) size 7x25
      text run at (0,-5) width 7: "\x{23A0}"
layer at (314,285) size 10x17 backgroundClip at (314,286) size 10x16 clip at (314,286) size 10x16 outlineClip at (314,286) size 10x16
  RenderBlock (relative positioned) {mo} at (0,0) size 10x17
    RenderText {mo} at (0,-5) size 10x25
      text run at (0,-5) width 10: "\x{23AA}"
layer at (314,301) size 10x17 backgroundClip at (314,302) size 10x16 clip at (314,302) size 10x16 outlineClip at (314,302) size 10x16
  RenderBlock (relative positioned) {mo} at (0,0) size 10x17
    RenderText {mo} at (0,-5) size 10x25
      text run at (0,-5) width 10: "\x{23AA}"
layer at (314,317) size 10x17 backgroundClip at (314,318) size 10x16 clip at (314,318) size 10x16 outlineClip at (314,318) size 10x16
  RenderBlock (relative positioned) {mo} at (0,0) size 10x17
    RenderText {mo} at (0,-5) size 10x25
      text run at (0,-5) width 10: "\x{23AA}"
layer at (314,333) size 10x17 backgroundClip at (314,334) size 10x16 clip at (314,334) size 10x16 outlineClip at (314,334) size 10x16
  RenderBlock (relative positioned) {mo} at (0,0) size 10x17
    RenderText {mo} at (0,-5) size 10x25
      text run at (0,-5) width 10: "\x{23AA}"
layer at (314,349) size 10x17 backgroundClip at (314,350) size 10x16 clip at (314,350) size 10x16 outlineClip at (314,350) size 10x16
  RenderBlock (relative positioned) {mo} at (0,0) size 10x17
    RenderText {mo} at (0,-5) size 10x25
      text run at (0,-5) width 10: "\x{23AA}"
layer at (314,365) size 10x17 backgroundClip at (314,366) size 10x16 clip at (314,366) size 10x16 outlineClip at (314,366) size 10x16
  RenderBlock (relative positioned) {mo} at (0,0) size 10x17
    RenderText {mo} at (0,-5) size 10x25
      text run at (0,-5) width 10: "\x{23AA}"
layer at (314,381) size 10x17 backgroundClip at (314,382) size 10x12 clip at (314,382) size 10x12 outlineClip at (314,382) size 10x12
  RenderBlock (relative positioned) {mo} at (0,0) size 10x17
    RenderText {mo} at (0,-5) size 10x25
      text run at (0,-5) width 10: "\x{23AA}"
layer at (314,393) size 10x17 backgroundClip at (314,394) size 10x17 clip at (314,394) size 10x17 outlineClip at (314,394) size 10x17
  RenderBlock (relative positioned) {mo} at (0,0) size 10x17
    RenderText {mo} at (0,-5) size 10x25
      text run at (0,-5) width 10: "\x{23AA}"
layer at (383,285) size 10x17 backgroundClip at (383,286) size 10x16 clip at (383,286) size 10x16 outlineClip at (383,286) size 10x16
  RenderBlock (relative positioned) {mo} at (0,0) size 10x17
    RenderText {mo} at (0,-5) size 10x25
      text run at (0,-5) width 10: "\x{23AA}"
layer at (383,301) size 10x17 backgroundClip at (383,302) size 10x16 clip at (383,302) size 10x16 outlineClip at (383,302) size 10x16
  RenderBlock (relative positioned) {mo} at (0,0) size 10x17
    RenderText {mo} at (0,-5) size 10x25
      text run at (0,-5) width 10: "\x{23AA}"
layer at (383,317) size 10x17 backgroundClip at (383,318) size 10x16 clip at (383,318) size 10x16 outlineClip at (383,318) size 10x16
  RenderBlock (relative positioned) {mo} at (0,0) size 10x17
    RenderText {mo} at (0,-5) size 10x25
      text run at (0,-5) width 10: "\x{23AA}"
layer at (383,333) size 10x17 backgroundClip at (383,334) size 10x16 clip at (383,334) size 10x16 outlineClip at (383,334) size 10x16
  RenderBlock (relative positioned) {mo} at (0,0) size 10x17
    RenderText {mo} at (0,-5) size 10x25
      text run at (0,-5) width 10: "\x{23AA}"
layer at (383,349) size 10x17 backgroundClip at (383,350) size 10x16 clip at (383,350) size 10x16 outlineClip at (383,350) size 10x16
  RenderBlock (relative positioned) {mo} at (0,0) size 10x17
    RenderText {mo} at (0,-5) size 10x25
      text run at (0,-5) width 10: "\x{23AA}"
layer at (383,365) size 10x17 backgroundClip at (383,366) size 10x16 clip at (383,366) size 10x16 outlineClip at (383,366) size 10x16
  RenderBlock (relative positioned) {mo} at (0,0) size 10x17
    RenderText {mo} at (0,-5) size 10x25
      text run at (0,-5) width 10: "\x{23AA}"
layer at (383,381) size 10x17 backgroundClip at (383,382) size 10x12 clip at (383,382) size 10x12 outlineClip at (383,382) size 10x12
  RenderBlock (relative positioned) {mo} at (0,0) size 10x17
    RenderText {mo} at (0,-5) size 10x25
      text run at (0,-5) width 10: "\x{23AA}"
layer at (383,393) size 10x17 backgroundClip at (383,394) size 10x17 clip at (383,394) size 10x17 outlineClip at (383,394) size 10x17
  RenderBlock (relative positioned) {mo} at (0,0) size 10x17
    RenderText {mo} at (0,-5) size 10x25
      text run at (0,-5) width 10: "\x{23AA}"
layer at (402,288) size 11x11 backgroundClip at (402,289) size 11x10 clip at (402,289) size 11x10 outlineClip at (402,289) size 11x10
  RenderBlock (relative positioned) {mo} at (0,0) size 11x11
    RenderText {mo} at (0,-7) size 11x25
      text run at (0,-7) width 11: "\x{23AE}"
layer at (402,298) size 11x11 backgroundClip at (402,299) size 11x10 clip at (402,299) size 11x10 outlineClip at (402,299) size 11x10
  RenderBlock (relative positioned) {mo} at (0,0) size 11x11
    RenderText {mo} at (0,-7) size 11x25
      text run at (0,-7) width 11: "\x{23AE}"
layer at (402,308) size 11x11 backgroundClip at (402,309) size 11x10 clip at (402,309) size 11x10 outlineClip at (402,309) size 11x10
  RenderBlock (relative positioned) {mo} at (0,0) size 11x11
    RenderText {mo} at (0,-7) size 11x25
      text run at (0,-7) width 11: "\x{23AE}"
layer at (402,318) size 11x11 backgroundClip at (402,319) size 11x10 clip at (402,319) size 11x10 outlineClip at (402,319) size 11x10
  RenderBlock (relative positioned) {mo} at (0,0) size 11x11
    RenderText {mo} at (0,-7) size 11x25
      text run at (0,-7) width 11: "\x{23AE}"
layer at (402,328) size 11x11 backgroundClip at (402,329) size 11x10 clip at (402,329) size 11x10 outlineClip at (402,329) size 11x10
  RenderBlock (relative positioned) {mo} at (0,0) size 11x11
    RenderText {mo} at (0,-7) size 11x25
      text run at (0,-7) width 11: "\x{23AE}"
layer at (402,338) size 11x11 backgroundClip at (402,339) size 11x10 clip at (402,339) size 11x10 outlineClip at (402,339) size 11x10
  RenderBlock (relative positioned) {mo} at (0,0) size 11x11
    RenderText {mo} at (0,-7) size 11x25
      text run at (0,-7) width 11: "\x{23AE}"
layer at (402,348) size 11x11 backgroundClip at (402,349) size 11x10 clip at (402,349) size 11x10 outlineClip at (402,349) size 11x10
  RenderBlock (relative positioned) {mo} at (0,0) size 11x11
    RenderText {mo} at (0,-7) size 11x25
      text run at (0,-7) width 11: "\x{23AE}"
layer at (402,358) size 11x11 backgroundClip at (402,359) size 11x10 clip at (402,359) size 11x10 outlineClip at (402,359) size 11x10
  RenderBlock (relative positioned) {mo} at (0,0) size 11x11
    RenderText {mo} at (0,-7) size 11x25
      text run at (0,-7) width 11: "\x{23AE}"
layer at (402,368) size 11x11 backgroundClip at (402,369) size 11x10 clip at (402,369) size 11x10 outlineClip at (402,369) size 11x10
  RenderBlock (relative positioned) {mo} at (0,0) size 11x11
    RenderText {mo} at (0,-7) size 11x25
      text run at (0,-7) width 11: "\x{23AE}"
layer at (402,378) size 11x11 backgroundClip at (402,379) size 11x10 clip at (402,379) size 11x10 outlineClip at (402,379) size 11x10
  RenderBlock (relative positioned) {mo} at (0,0) size 11x11
    RenderText {mo} at (0,-7) size 11x25
      text run at (0,-7) width 11: "\x{23AE}"
layer at (402,388) size 11x11 backgroundClip at (402,389) size 11x3 clip at (402,389) size 11x3 outlineClip at (402,389) size 11x3
  RenderBlock (relative positioned) {mo} at (0,0) size 11x11
    RenderText {mo} at (0,-7) size 11x25
      text run at (0,-7) width 11: "\x{23AE}"
layer at (402,391) size 11x19 backgroundClip at (402,392) size 11x19 clip at (402,392) size 11x19 outlineClip at (402,392) size 11x19
  RenderBlock (relative positioned) {mo} at (0,0) size 11x19
    RenderText {mo} at (0,1) size 11x25
      text run at (0,1) width 11: "\x{2321}"
layer at (51,443) size 7x17 backgroundClip at (51,444) size 7x12 clip at (51,444) size 7x12 outlineClip at (51,444) size 7x12
  RenderBlock (relative positioned) {mo} at (0,0) size 7x17
    RenderText {mo} at (0,-5) size 7x25
      text run at (0,-5) width 7: "\x{239C}"
layer at (51,455) size 7x17 backgroundClip at (51,456) size 7x17 clip at (51,456) size 7x17 outlineClip at (51,456) size 7x17
  RenderBlock (relative positioned) {mo} at (0,0) size 7x17
    RenderText {mo} at (0,-5) size 7x25
      text run at (0,-5) width 7: "\x{239D}"
layer at (221,443) size 7x17 backgroundClip at (221,444) size 7x12 clip at (221,444) size 7x12 outlineClip at (221,444) size 7x12
  RenderBlock (relative positioned) {mo} at (0,0) size 7x17
    RenderText {mo} at (0,-5) size 7x25
      text run at (0,-5) width 7: "\x{239F}"
layer at (221,455) size 7x17 backgroundClip at (221,456) size 7x17 clip at (221,456) size 7x17 outlineClip at (221,456) size 7x17
  RenderBlock (relative positioned) {mo} at (0,0) size 7x17
    RenderText {mo} at (0,-5) size 7x25
      text run at (0,-5) width 7: "\x{23A0}"
