layer at (0,0) size 800x600
  RenderView at (0,0) size 800x600
layer at (0,0) size 800x600
  RenderBlock {HTML} at (0,0) size 800x600
    RenderBody {BODY} at (8,8) size 784x584
      RenderBlock {DIV} at (0,0) size 784x18
        RenderText {#text} at (0,0) size 779x18
          text run at (0,0) width 779: "This test passes if this img tag below is empty and displays nothing. It ensures that the srcset attribute supports invalid inputs"
      RenderBlock (anonymous) at (0,18) size 784x100
        RenderImage {IMG} at (0,0) size 100x100
        RenderText {#text} at (0,0) size 0x0
