layer at (0,0) size 800x600
  RenderView at (0,0) size 800x600
layer at (0,0) size 800x600
  RenderBlock {HTML} at (0,0) size 800x600
    RenderBody {BODY} at (8,8) size 784x584
      RenderBlock {DIV} at (0,0) size 784x36
        RenderText {#text} at (0,0) size 776x36
          text run at (0,0) width 776: "This test passes if this img tag below is a green square when the scale factor is 2. It ensures that the selection algorithm does"
          text run at (0,18) width 514: "not change the behavior of the src attribute, even with a scale factor greater than 1"
      RenderBlock (anonymous) at (0,36) size 784x100
        RenderImage {IMG} at (0,0) size 100x100
        RenderText {#text} at (0,0) size 0x0
